Archive member included to satisfy reference by file (symbol)

/opt/cross/c4ev3/build-glibc/elf/rtld-libc.a(rtld-check_fds.os)
                              /opt/cross/c4ev3/build-glibc/elf/dl-allobjs.os (__libc_check_standard_fds)
/opt/cross/c4ev3/build-glibc/elf/rtld-libc.a(rtld-errno.os)
                              /opt/cross/c4ev3/build-glibc/elf/dl-allobjs.os (rtld_errno)
/opt/cross/c4ev3/build-glibc/elf/rtld-libc.a(rtld-profil.os)
                              /opt/cross/c4ev3/build-glibc/elf/dl-allobjs.os (__profil)
/opt/cross/c4ev3/build-glibc/elf/rtld-libc.a(rtld-prof-freq.os)
                              /opt/cross/c4ev3/build-glibc/elf/dl-allobjs.os (__profile_frequency)
/opt/cross/c4ev3/build-glibc/elf/rtld-libc.a(rtld-xstat64.os)
                              /opt/cross/c4ev3/build-glibc/elf/dl-allobjs.os (__xstat64)
/opt/cross/c4ev3/build-glibc/elf/rtld-libc.a(rtld-fxstat64.os)
                              /opt/cross/c4ev3/build-glibc/elf/dl-allobjs.os (__fxstat64)
/opt/cross/c4ev3/build-glibc/elf/rtld-libc.a(rtld-open.os)
                              /opt/cross/c4ev3/build-glibc/elf/dl-allobjs.os (__open)
/opt/cross/c4ev3/build-glibc/elf/rtld-libc.a(rtld-close.os)
                              /opt/cross/c4ev3/build-glibc/elf/dl-allobjs.os (__close)
/opt/cross/c4ev3/build-glibc/elf/rtld-libc.a(rtld-read.os)
                              /opt/cross/c4ev3/build-glibc/elf/dl-allobjs.os (__libc_read)
/opt/cross/c4ev3/build-glibc/elf/rtld-libc.a(rtld-write.os)
                              /opt/cross/c4ev3/build-glibc/elf/dl-allobjs.os (__libc_write)
/opt/cross/c4ev3/build-glibc/elf/rtld-libc.a(rtld-lseek.os)
                              /opt/cross/c4ev3/build-glibc/elf/dl-allobjs.os (__lseek)
/opt/cross/c4ev3/build-glibc/elf/rtld-libc.a(rtld-access.os)
                              /opt/cross/c4ev3/build-glibc/elf/dl-allobjs.os (__access)
/opt/cross/c4ev3/build-glibc/elf/rtld-libc.a(rtld-fcntl.os)
                              /opt/cross/c4ev3/build-glibc/elf/rtld-libc.a(rtld-check_fds.os) (__libc_fcntl)
/opt/cross/c4ev3/build-glibc/elf/rtld-libc.a(rtld-getcwd.os)
                              /opt/cross/c4ev3/build-glibc/elf/dl-allobjs.os (__getcwd)
/opt/cross/c4ev3/build-glibc/elf/rtld-libc.a(rtld-getpagesize.os)
                              /opt/cross/c4ev3/build-glibc/elf/dl-allobjs.os (getpagesize)
/opt/cross/c4ev3/build-glibc/elf/rtld-libc.a(rtld-mmap.os)
                              /opt/cross/c4ev3/build-glibc/elf/dl-allobjs.os (__mmap)
/opt/cross/c4ev3/build-glibc/elf/rtld-libc.a(rtld-munmap.os)
                              /opt/cross/c4ev3/build-glibc/elf/dl-allobjs.os (__munmap)
/opt/cross/c4ev3/build-glibc/elf/rtld-libc.a(rtld-mprotect.os)
                              /opt/cross/c4ev3/build-glibc/elf/dl-allobjs.os (__mprotect)
/opt/cross/c4ev3/build-glibc/elf/rtld-libc.a(rtld-uname.os)
                              /opt/cross/c4ev3/build-glibc/elf/dl-allobjs.os (__uname)
/opt/cross/c4ev3/build-glibc/elf/rtld-libc.a(rtld-_exit.os)
                              /opt/cross/c4ev3/build-glibc/elf/dl-allobjs.os (_exit)
/opt/cross/c4ev3/build-glibc/elf/rtld-libc.a(rtld-getpid.os)
                              /opt/cross/c4ev3/build-glibc/elf/dl-allobjs.os (__getpid)
/opt/cross/c4ev3/build-glibc/elf/rtld-libc.a(rtld-environ.os)
                              /opt/cross/c4ev3/build-glibc/elf/dl-allobjs.os (__environ)
/opt/cross/c4ev3/build-glibc/elf/rtld-libc.a(rtld-setjmp.os)
                              /opt/cross/c4ev3/build-glibc/elf/dl-allobjs.os (__sigsetjmp)
/opt/cross/c4ev3/build-glibc/elf/rtld-libc.a(rtld-__longjmp.os)
                              /opt/cross/c4ev3/build-glibc/elf/dl-allobjs.os (__longjmp)
/opt/cross/c4ev3/build-glibc/elf/rtld-libc.a(rtld-sigaction.os)
                              /opt/cross/c4ev3/build-glibc/elf/rtld-libc.a(rtld-profil.os) (__sigaction)
/opt/cross/c4ev3/build-glibc/elf/rtld-libc.a(rtld-sigrestorer.os)
                              /opt/cross/c4ev3/build-glibc/elf/rtld-libc.a(rtld-sigaction.os) (__default_sa_restorer_v1)
/opt/cross/c4ev3/build-glibc/elf/rtld-libc.a(rtld-strchr.os)
                              /opt/cross/c4ev3/build-glibc/elf/dl-allobjs.os (strchr)
/opt/cross/c4ev3/build-glibc/elf/rtld-libc.a(rtld-strcmp.os)
                              /opt/cross/c4ev3/build-glibc/elf/dl-allobjs.os (strcmp)
/opt/cross/c4ev3/build-glibc/elf/rtld-libc.a(rtld-strlen.os)
                              /opt/cross/c4ev3/build-glibc/elf/dl-allobjs.os (strlen)
/opt/cross/c4ev3/build-glibc/elf/rtld-libc.a(rtld-strnlen.os)
                              /opt/cross/c4ev3/build-glibc/elf/dl-allobjs.os (strnlen)
/opt/cross/c4ev3/build-glibc/elf/rtld-libc.a(rtld-memchr.os)
                              /opt/cross/c4ev3/build-glibc/elf/dl-allobjs.os (memchr)
/opt/cross/c4ev3/build-glibc/elf/rtld-libc.a(rtld-memcmp.os)
                              /opt/cross/c4ev3/build-glibc/elf/dl-allobjs.os (memcmp)
/opt/cross/c4ev3/build-glibc/elf/rtld-libc.a(rtld-memmove.os)
                              /opt/cross/c4ev3/build-glibc/elf/dl-allobjs.os (memmove)
/opt/cross/c4ev3/build-glibc/elf/rtld-libc.a(rtld-memset.os)
                              /opt/cross/c4ev3/build-glibc/elf/dl-allobjs.os (memset)
/opt/cross/c4ev3/build-glibc/elf/rtld-libc.a(rtld-mempcpy.os)
                              /opt/cross/c4ev3/build-glibc/elf/dl-allobjs.os (__mempcpy)
/opt/cross/c4ev3/build-glibc/elf/rtld-libc.a(rtld-stpcpy.os)
                              /opt/cross/c4ev3/build-glibc/elf/dl-allobjs.os (__stpcpy)
/opt/cross/c4ev3/build-glibc/elf/rtld-libc.a(rtld-memcpy.os)
                              /opt/cross/c4ev3/build-glibc/elf/dl-allobjs.os (memcpy)
/opt/cross/c4ev3/build-glibc/elf/rtld-libc.a(rtld-wordcopy.os)
                              /opt/cross/c4ev3/build-glibc/elf/rtld-libc.a(rtld-mempcpy.os) (_wordcopy_fwd_aligned)
/opt/cross/c4ev3/build-glibc/elf/rtld-libc.a(rtld-rawmemchr.os)
                              /opt/cross/c4ev3/build-glibc/elf/dl-allobjs.os (rawmemchr)
/opt/cross/c4ev3/build-glibc/elf/rtld-libc.a(rtld-setitimer.os)
                              /opt/cross/c4ev3/build-glibc/elf/rtld-libc.a(rtld-profil.os) (__setitimer)
/opt/cross/c4ev3/build-glibc/elf/rtld-libc.a(rtld-sysdep.os)
                              /opt/cross/c4ev3/build-glibc/elf/rtld-libc.a(rtld-mmap.os) (__syscall_error)
/opt/cross/lib/gcc/arm-linux-gnueabi/8.1.0/libgcc.a(_udivsi3.o)
                              /opt/cross/c4ev3/build-glibc/elf/dl-allobjs.os (__aeabi_uidiv)
/opt/cross/lib/gcc/arm-linux-gnueabi/8.1.0/libgcc.a(_divsi3.o)
                              /opt/cross/c4ev3/build-glibc/elf/rtld-libc.a(rtld-profil.os) (__aeabi_idiv)
/opt/cross/lib/gcc/arm-linux-gnueabi/8.1.0/libgcc.a(_aeabi_uldivmod.o)
                              /opt/cross/c4ev3/build-glibc/elf/dl-allobjs.os (__aeabi_uldivmod)
/opt/cross/lib/gcc/arm-linux-gnueabi/8.1.0/libgcc.a(_dvmd_lnx.o)
                              /opt/cross/lib/gcc/arm-linux-gnueabi/8.1.0/libgcc.a(_aeabi_uldivmod.o) (__aeabi_ldiv0)
/opt/cross/lib/gcc/arm-linux-gnueabi/8.1.0/libgcc.a(_udivmoddi4.o)
                              /opt/cross/lib/gcc/arm-linux-gnueabi/8.1.0/libgcc.a(_aeabi_uldivmod.o) (__udivmoddi4)
/opt/cross/c4ev3/build-glibc/elf/rtld-libc.a(rtld-raise.os)
                              /opt/cross/lib/gcc/arm-linux-gnueabi/8.1.0/libgcc.a(_dvmd_lnx.o) (raise)

Memory Configuration

Name             Origin             Length             Attributes
*default*        0x0000000000000000 0xffffffffffffffff

Linker script and memory map

START GROUP
LOAD /opt/cross/c4ev3/build-glibc/elf/dl-allobjs.os
LOAD /opt/cross/c4ev3/build-glibc/elf/rtld-libc.a
LOAD /opt/cross/lib/gcc/arm-linux-gnueabi/8.1.0/libgcc.a
END GROUP

.interp
 *(.interp)

.note.gnu.build-id
 *(.note.gnu.build-id)

.hash
 *(.hash)

.gnu.hash
 *(.gnu.hash)

.dynsym
 *(.dynsym)

.dynstr
 *(.dynstr)

.gnu.version
 *(.gnu.version)

.gnu.version_d
 *(.gnu.version_d)

.gnu.version_r
 *(.gnu.version_r)

.rel.init
 *(.rel.init)

.rela.init
 *(.rela.init)

.rel.text
 *(.rel.text)

.rela.text
 *(.rela.text)

.rel.fini
 *(.rel.fini)

.rela.fini
 *(.rela.fini)

.rel.rodata
 *(.rel.rodata)

.rela.rodata
 *(.rela.rodata)

.rel.data.rel.ro
 *(.rel.data.rel.ro)

.rela.data.rel.ro
 *(.rela.data.rel.ro)

.rel.data
 *(.rel.data)

.rela.data
 *(.rela.data)

.rel.tdata
 *(.rel.tdata)

.rela.tdata
 *(.rela.tdata)

.rel.tbss
 *(.rel.tbss)

.rela.tbss
 *(.rela.tbss)

.rel.ctors
 *(.rel.ctors)

.rela.ctors
 *(.rela.ctors)

.rel.dtors
 *(.rel.dtors)

.rela.dtors
 *(.rela.dtors)

.rel.got
 *(.rel.got)

.rela.got
 *(.rela.got)

.rel.bss
 *(.rel.bss)

.rela.bss
 *(.rela.bss)

.rel.iplt
 *(.rel.iplt)

.rela.iplt
 *(.rela.iplt)

.rel.plt
 *(.rel.plt)

.rela.plt
 *(.rela.plt)

.init
 *(SORT_NONE(.init))

.plt
 *(.plt)

.iplt
 *(.iplt)

.text           0x0000000000000000    0x17544
 *(.text .stub)
 .text          0x0000000000000000    0x1511c /opt/cross/c4ev3/build-glibc/elf/dl-allobjs.os
                0x0000000000000000                _start
                0x0000000000000010                _dl_start_user
                0x00000000000000ac                _dl_initial_error_catch_tsd
                0x0000000000006be0                _dl_dst_count
                0x0000000000006cb4                _dl_dst_substitute
                0x00000000000071a8                _dl_init_paths
                0x0000000000007600                _dl_map_object
                0x0000000000008120                _dl_rtld_di_serinfo
                0x0000000000008310                _dl_cache_libcmp
                0x0000000000008400                _dl_load_cache_lookup
                0x0000000000008a30                _dl_unload_cache
                0x0000000000009040                _dl_lookup_symbol_x
                0x000000000000a190                _dl_setup_hash
                0x000000000000a244                _dl_new_object
                0x000000000000a654                _dl_allocate_static_tls
                0x000000000000a734                _dl_nothread_init_static_tls
                0x000000000000a7bc                _dl_protect_relro
                0x000000000000a83c                _dl_reloc_bad_type
                0x000000000000a8a8                _dl_relocate_object
                0x000000000000c2c4                _dl_map_object_deps
                0x000000000000d1fc                _dl_fixup
                0x000000000000d398                _dl_profile_fixup
                0x000000000000d888                _dl_call_pltexit
                0x000000000000d978                _dl_signal_error
                0x000000000000db60                _dl_signal_cerror
                0x000000000000dc2c                _dl_catch_error
                0x000000000000dd00                _dl_receive_error
                0x000000000000de90                _dl_init_internal
                0x000000000000de90                _dl_init
                0x000000000000dfa4                _dl_sort_fini
                0x000000000000e1c8                _dl_fini
                0x000000000000e690                _dl_debug_state
                0x000000000000e694                _dl_debug_initialize
                0x000000000000eb80                _dl_sysdep_read_whole_file
                0x000000000000ec10                _dl_debug_printf
                0x000000000000ec54                _dl_debug_printf_c
                0x000000000000ec98                _dl_dprintf
                0x000000000000eccc                _dl_name_match_p
                0x000000000000f0e8                _dl_check_map_versions
                0x000000000000f56c                _dl_check_all_versions
                0x000000000000f5d8                _dl_start_profile
                0x000000000000fcd8                _dl_mcount
                0x000000000000fcd8                _dl_mcount_internal
                0x00000000000101b4                _dl_resolve_conflicts
                0x00000000000104e0                _dl_next_tls_modid
                0x00000000000105f8                _dl_determine_tlsoffset
                0x00000000000107f0                _dl_tls_setup
                0x00000000000108b4                _dl_get_tls_static_info
                0x00000000000108d4                _dl_allocate_tls_storage
                0x0000000000010960                _dl_allocate_tls_init
                0x0000000000010b38                _dl_allocate_tls
                0x0000000000010b5c                _dl_deallocate_tls
                0x0000000000010c04                _dl_update_slotinfo
                0x0000000000010eb8                __tls_get_addr
                0x0000000000011028                _dl_tls_get_addr_soft
                0x00000000000110c0                _dl_add_to_slotinfo
                0x00000000000111d4                _dl_get_origin
                0x000000000001138c                _dl_make_stack_executable
                0x000000000001144c                _dl_check_caller
                0x0000000000011884                _dl_scope_free
                0x0000000000012240                _dl_open
                0x0000000000012564                _dl_addr_inside_object
                0x0000000000012738                _dl_close_worker
                0x000000000001362c                _dl_close
                0x00000000000136e8                _dl_runtime_resolve
                0x000000000001370c                _dl_runtime_profile
                0x00000000000137d0                _dl_sysdep_start
                0x0000000000013bb0                _dl_sysdep_start_cleanup
                0x0000000000013bb4                _dl_show_auxv
                0x0000000000013da8                _dl_important_hwcaps
                0x00000000000145ec                _dl_discover_osversion
                0x00000000000147ec                _dl_next_ld_env_entry
                0x0000000000014844                unsetenv
                0x00000000000148d8                __libc_memalign
                0x0000000000014a20                malloc
                0x0000000000014a2c                calloc
                0x0000000000014a7c                free
                0x0000000000014ab0                __sigjmp_save
                0x0000000000014ac0                __assert_fail
                0x0000000000014b20                realloc
                0x0000000000014ba0                __strtoul_internal
                0x0000000000014d28                _itoa
                0x0000000000014dc4                __strerror_r
                0x0000000000014ed4                __assert_perror_fail
                0x0000000000014f48                strsep
                0x0000000000014f48                __strsep_g
                0x0000000000014f48                __strsep
                0x0000000000014ff0                __chk_fail
                0x0000000000015000                __aeabi_read_tp
                0x0000000000015008                brk
                0x0000000000015008                __brk
                0x0000000000015090                sbrk
                0x0000000000015090                __sbrk
                0x0000000000015110                __aeabi_unwind_cpp_pr0
                0x0000000000015114                __aeabi_unwind_cpp_pr1
                0x0000000000015118                __aeabi_unwind_cpp_pr2
 .text          0x000000000001511c      0x128 /opt/cross/c4ev3/build-glibc/elf/rtld-libc.a(rtld-check_fds.os)
                0x0000000000015214                __libc_check_standard_fds
 .text          0x0000000000015244        0x0 /opt/cross/c4ev3/build-glibc/elf/rtld-libc.a(rtld-errno.os)
 .text          0x0000000000015244      0x110 /opt/cross/c4ev3/build-glibc/elf/rtld-libc.a(rtld-profil.os)
                0x0000000000015298                __profil
                0x0000000000015298                profil
 .text          0x0000000000015354       0x14 /opt/cross/c4ev3/build-glibc/elf/rtld-libc.a(rtld-prof-freq.os)
                0x0000000000015354                __profile_frequency
 .text          0x0000000000015368       0x40 /opt/cross/c4ev3/build-glibc/elf/rtld-libc.a(rtld-xstat64.os)
                0x0000000000015368                ___xstat64
                0x0000000000015368                __xstat64
 .text          0x00000000000153a8       0x40 /opt/cross/c4ev3/build-glibc/elf/rtld-libc.a(rtld-fxstat64.os)
                0x00000000000153a8                ___fxstat64
                0x00000000000153a8                __fxstat64
 *fill*         0x00000000000153e8        0x8 
 .text          0x00000000000153f0       0x34 /opt/cross/c4ev3/build-glibc/elf/rtld-libc.a(rtld-open.os)
                0x00000000000153f0                __open
                0x00000000000153f0                __libc_open
                0x00000000000153f0                open
 *fill*         0x0000000000015424        0xc 
 .text          0x0000000000015430       0x34 /opt/cross/c4ev3/build-glibc/elf/rtld-libc.a(rtld-close.os)
                0x0000000000015430                __libc_close
                0x0000000000015430                __close
                0x0000000000015430                close
 *fill*         0x0000000000015464        0xc 
 .text          0x0000000000015470       0x34 /opt/cross/c4ev3/build-glibc/elf/rtld-libc.a(rtld-read.os)
                0x0000000000015470                __read
                0x0000000000015470                __libc_read
                0x0000000000015470                read
 *fill*         0x00000000000154a4        0xc 
 .text          0x00000000000154b0       0x34 /opt/cross/c4ev3/build-glibc/elf/rtld-libc.a(rtld-write.os)
                0x00000000000154b0                __write
                0x00000000000154b0                write
                0x00000000000154b0                __libc_write
 *fill*         0x00000000000154e4        0xc 
 .text          0x00000000000154f0       0x34 /opt/cross/c4ev3/build-glibc/elf/rtld-libc.a(rtld-lseek.os)
                0x00000000000154f0                lseek
                0x00000000000154f0                __lseek
                0x00000000000154f0                __libc_lseek
 *fill*         0x0000000000015524        0xc 
 .text          0x0000000000015530       0x34 /opt/cross/c4ev3/build-glibc/elf/rtld-libc.a(rtld-access.os)
                0x0000000000015530                access
                0x0000000000015530                __access
 .text          0x0000000000015564       0x58 /opt/cross/c4ev3/build-glibc/elf/rtld-libc.a(rtld-fcntl.os)
                0x0000000000015564                __libc_fcntl
                0x0000000000015564                __fcntl
                0x0000000000015564                fcntl
 .text          0x00000000000155bc       0x98 /opt/cross/c4ev3/build-glibc/elf/rtld-libc.a(rtld-getcwd.os)
                0x00000000000155bc                __getcwd
                0x00000000000155bc                getcwd
 .text          0x0000000000015654       0x1c /opt/cross/c4ev3/build-glibc/elf/rtld-libc.a(rtld-getpagesize.os)
                0x0000000000015654                getpagesize
                0x0000000000015654                __getpagesize
 .text          0x0000000000015670       0x60 /opt/cross/c4ev3/build-glibc/elf/rtld-libc.a(rtld-mmap.os)
                0x0000000000015670                __mmap
                0x0000000000015670                mmap
 .text          0x00000000000156d0       0x34 /opt/cross/c4ev3/build-glibc/elf/rtld-libc.a(rtld-munmap.os)
                0x00000000000156d0                munmap
                0x00000000000156d0                __munmap
 *fill*         0x0000000000015704        0xc 
 .text          0x0000000000015710       0x34 /opt/cross/c4ev3/build-glibc/elf/rtld-libc.a(rtld-mprotect.os)
                0x0000000000015710                __mprotect
                0x0000000000015710                mprotect
 *fill*         0x0000000000015744        0xc 
 .text          0x0000000000015750       0x34 /opt/cross/c4ev3/build-glibc/elf/rtld-libc.a(rtld-uname.os)
                0x0000000000015750                uname
                0x0000000000015750                __uname
 .text          0x0000000000015784       0x58 /opt/cross/c4ev3/build-glibc/elf/rtld-libc.a(rtld-_exit.os)
                0x0000000000015784                _Exit
                0x0000000000015784                _exit
 .text          0x00000000000157dc       0x14 /opt/cross/c4ev3/build-glibc/elf/rtld-libc.a(rtld-getpid.os)
                0x00000000000157dc                __getpid
                0x00000000000157dc                getpid
 .text          0x00000000000157f0        0x0 /opt/cross/c4ev3/build-glibc/elf/rtld-libc.a(rtld-environ.os)
 .text          0x00000000000157f0       0x5c /opt/cross/c4ev3/build-glibc/elf/rtld-libc.a(rtld-setjmp.os)
                0x00000000000157f0                __sigsetjmp
 *fill*         0x000000000001584c        0x4 
 .text          0x0000000000015850       0x64 /opt/cross/c4ev3/build-glibc/elf/rtld-libc.a(rtld-__longjmp.os)
                0x0000000000015850                __longjmp
 .text          0x00000000000158b4      0x1bc /opt/cross/c4ev3/build-glibc/elf/rtld-libc.a(rtld-sigaction.os)
                0x00000000000158b4                __libc_sigaction
                0x0000000000015a44                sigaction
                0x0000000000015a44                __sigaction
 .text          0x0000000000015a70       0x48 /opt/cross/c4ev3/build-glibc/elf/rtld-libc.a(rtld-sigrestorer.os)
                0x0000000000015a80                __default_sa_restorer_v1
                0x0000000000015a90                __default_sa_restorer_v2
                0x0000000000015aa0                __default_rt_sa_restorer_v1
                0x0000000000015ab0                __default_rt_sa_restorer_v2
 .text          0x0000000000015ab8      0x120 /opt/cross/c4ev3/build-glibc/elf/rtld-libc.a(rtld-strchr.os)
                0x0000000000015ab8                index
                0x0000000000015ab8                strchr
 .text          0x0000000000015bd8       0x28 /opt/cross/c4ev3/build-glibc/elf/rtld-libc.a(rtld-strcmp.os)
                0x0000000000015bd8                strcmp
 .text          0x0000000000015c00       0x60 /opt/cross/c4ev3/build-glibc/elf/rtld-libc.a(rtld-strlen.os)
                0x0000000000015c00                strlen
 .text          0x0000000000015c60      0x12c /opt/cross/c4ev3/build-glibc/elf/rtld-libc.a(rtld-strnlen.os)
                0x0000000000015c60                __strnlen
                0x0000000000015c60                strnlen
 .text          0x0000000000015d8c      0x168 /opt/cross/c4ev3/build-glibc/elf/rtld-libc.a(rtld-memchr.os)
                0x0000000000015d8c                memchr
                0x0000000000015d8c                __memchr
 .text          0x0000000000015ef4      0x3e0 /opt/cross/c4ev3/build-glibc/elf/rtld-libc.a(rtld-memcmp.os)
                0x0000000000015ef4                bcmp
                0x0000000000015ef4                memcmp
 *fill*         0x00000000000162d4        0xc 
 .text          0x00000000000162e0      0x2ac /opt/cross/c4ev3/build-glibc/elf/rtld-libc.a(rtld-memmove.os)
                0x00000000000162e0                memmove
 *fill*         0x000000000001658c        0x4 
 .text          0x0000000000016590       0x88 /opt/cross/c4ev3/build-glibc/elf/rtld-libc.a(rtld-memset.os)
                0x0000000000016590                memset
 .text          0x0000000000016618       0xac /opt/cross/c4ev3/build-glibc/elf/rtld-libc.a(rtld-mempcpy.os)
                0x0000000000016618                mempcpy
                0x0000000000016618                __mempcpy
 .text          0x00000000000166c4       0x20 /opt/cross/c4ev3/build-glibc/elf/rtld-libc.a(rtld-stpcpy.os)
                0x00000000000166c4                stpcpy
                0x00000000000166c4                __stpcpy
 *fill*         0x00000000000166e4        0xc 
 .text          0x00000000000166f0      0x29c /opt/cross/c4ev3/build-glibc/elf/rtld-libc.a(rtld-memcpy.os)
                0x00000000000166f0                memcpy
 .text          0x000000000001698c      0x41c /opt/cross/c4ev3/build-glibc/elf/rtld-libc.a(rtld-wordcopy.os)
                0x000000000001698c                _wordcopy_fwd_aligned
                0x0000000000016acc                _wordcopy_fwd_dest_aligned
                0x0000000000016bb8                _wordcopy_bwd_aligned
                0x0000000000016cd0                _wordcopy_bwd_dest_aligned
 .text          0x0000000000016da8       0xcc /opt/cross/c4ev3/build-glibc/elf/rtld-libc.a(rtld-rawmemchr.os)
                0x0000000000016da8                __rawmemchr
                0x0000000000016da8                rawmemchr
 *fill*         0x0000000000016e74        0xc 
 .text          0x0000000000016e80       0x34 /opt/cross/c4ev3/build-glibc/elf/rtld-libc.a(rtld-setitimer.os)
                0x0000000000016e80                setitimer
                0x0000000000016e80                __setitimer
 *fill*         0x0000000000016eb4        0xc 
 .text          0x0000000000016ec0       0x18 /opt/cross/c4ev3/build-glibc/elf/rtld-libc.a(rtld-sysdep.os)
                0x0000000000016ec0                __syscall_error
 .text          0x0000000000016ed8      0x20c /opt/cross/lib/gcc/arm-linux-gnueabi/8.1.0/libgcc.a(_udivsi3.o)
                0x0000000000016ed8                __udivsi3
                0x0000000000016ed8                __aeabi_uidiv
                0x00000000000170c4                __aeabi_uidivmod
 .text          0x00000000000170e4      0x240 /opt/cross/lib/gcc/arm-linux-gnueabi/8.1.0/libgcc.a(_divsi3.o)
                0x00000000000170e4                __aeabi_idiv
                0x00000000000170e4                __divsi3
                0x0000000000017304                __aeabi_idivmod
 .text          0x0000000000017324       0x3c /opt/cross/lib/gcc/arm-linux-gnueabi/8.1.0/libgcc.a(_aeabi_uldivmod.o)
                0x0000000000017324                __aeabi_uldivmod
 .text          0x0000000000017360       0x10 /opt/cross/lib/gcc/arm-linux-gnueabi/8.1.0/libgcc.a(_dvmd_lnx.o)
                0x0000000000017360                __aeabi_ldiv0
                0x0000000000017360                __aeabi_idiv0
 .text          0x0000000000017370      0x12c /opt/cross/lib/gcc/arm-linux-gnueabi/8.1.0/libgcc.a(_udivmoddi4.o)
                0x0000000000017370                __udivmoddi4
 .text          0x000000000001749c       0xa8 /opt/cross/c4ev3/build-glibc/elf/rtld-libc.a(rtld-raise.os)
                0x000000000001749c                gsignal
                0x000000000001749c                raise
 *(.gnu.warning)

__libc_freeres_fn
                0x0000000000000000      0x148
 __libc_freeres_fn
                0x0000000000000000      0x148 /opt/cross/c4ev3/build-glibc/elf/dl-allobjs.os

.fini
 *(SORT_NONE(.fini))

.rodata         0x0000000000000000      0x72c
 *(.rodata)
 .rodata        0x0000000000000000      0x72c /opt/cross/c4ev3/build-glibc/elf/dl-allobjs.os
                0x000000000000071c                _itoa_lower_digits_internal

.rodata.str1.4  0x0000000000000000     0x32f5
 .rodata.str1.4
                0x0000000000000000     0x327c /opt/cross/c4ev3/build-glibc/elf/dl-allobjs.os
 .rodata.str1.4
                0x000000000000327c       0x16 /opt/cross/c4ev3/build-glibc/elf/rtld-libc.a(rtld-check_fds.os)
 *fill*         0x0000000000003292        0x2 
 .rodata.str1.4
                0x0000000000003294       0x61 /opt/cross/c4ev3/build-glibc/elf/rtld-libc.a(rtld-getcwd.os)

.rodata.cst4    0x0000000000000000        0x4
 .rodata.cst4   0x0000000000000000        0x4 /opt/cross/c4ev3/build-glibc/elf/dl-allobjs.os

.rodata1
 *(.rodata1)

.ARM.extab      0x0000000000000000       0x3c
 *(.ARM.extab)
 .ARM.extab     0x0000000000000000        0x0 /opt/cross/c4ev3/build-glibc/elf/dl-allobjs.os
 .ARM.extab     0x0000000000000000        0xc /opt/cross/c4ev3/build-glibc/elf/rtld-libc.a(rtld-fcntl.os)
 .ARM.extab     0x000000000000000c       0x30 /opt/cross/c4ev3/build-glibc/elf/rtld-libc.a(rtld-sigrestorer.os)
 .ARM.extab     0x000000000000003c        0x0 /opt/cross/lib/gcc/arm-linux-gnueabi/8.1.0/libgcc.a(_udivmoddi4.o)

.ARM.exidx      0x0000000000000000       0x88
 *(.ARM.exidx)
 .ARM.exidx     0x0000000000000000       0x48 /opt/cross/c4ev3/build-glibc/elf/dl-allobjs.os
 .ARM.exidx     0x0000000000000048       0x10 /opt/cross/c4ev3/build-glibc/elf/rtld-libc.a(rtld-fcntl.os)
                                          0x8 (size before relaxing)
 .ARM.exidx     0x0000000000000058       0x28 /opt/cross/c4ev3/build-glibc/elf/rtld-libc.a(rtld-sigrestorer.os)
                                         0x20 (size before relaxing)
 .ARM.exidx     0x0000000000000080        0x8 /opt/cross/lib/gcc/arm-linux-gnueabi/8.1.0/libgcc.a(_udivmoddi4.o)

.eh_frame_hdr
 *(.eh_frame_hdr)

.eh_frame       0x0000000000000000       0x7c
 *(.eh_frame)
 .eh_frame      0x0000000000000000       0x7c /opt/cross/c4ev3/build-glibc/elf/dl-allobjs.os

.gcc_except_table
 *(.gcc_except_table .gcc_except_table.*)

.gnu_extab
 *(.gnu_extab*)

.exception_ranges
 *(.exception_ranges .exception_ranges*)

.eh_frame
 *(.eh_frame)

.gnu_extab
 *(.gnu_extab)

.gcc_except_table
 *(.gcc_except_table .gcc_except_table.*)

.exception_ranges
 *(.exception_ranges .exception_ranges*)

.tdata
 *(.tdata)

.tbss
 *(.tbss)

.jcr
 *(.jcr)

.dynamic
 *(.dynamic)

.got
 *(.got.plt)
 *(.igot.plt)
 *(.got)
 *(.igot)

.data           0x0000000000000000      0x588
 *(.data)
 .data          0x0000000000000000      0x588 /opt/cross/c4ev3/build-glibc/elf/dl-allobjs.os
                0x0000000000000000                _rtld_global
                0x0000000000000000                _rtld_local
 .data          0x0000000000000588        0x0 /opt/cross/c4ev3/build-glibc/elf/rtld-libc.a(rtld-check_fds.os)
 .data          0x0000000000000588        0x0 /opt/cross/c4ev3/build-glibc/elf/rtld-libc.a(rtld-errno.os)
 .data          0x0000000000000588        0x0 /opt/cross/c4ev3/build-glibc/elf/rtld-libc.a(rtld-profil.os)
 .data          0x0000000000000588        0x0 /opt/cross/c4ev3/build-glibc/elf/rtld-libc.a(rtld-prof-freq.os)
 .data          0x0000000000000588        0x0 /opt/cross/c4ev3/build-glibc/elf/rtld-libc.a(rtld-xstat64.os)
 .data          0x0000000000000588        0x0 /opt/cross/c4ev3/build-glibc/elf/rtld-libc.a(rtld-fxstat64.os)
 .data          0x0000000000000588        0x0 /opt/cross/c4ev3/build-glibc/elf/rtld-libc.a(rtld-open.os)
 .data          0x0000000000000588        0x0 /opt/cross/c4ev3/build-glibc/elf/rtld-libc.a(rtld-close.os)
 .data          0x0000000000000588        0x0 /opt/cross/c4ev3/build-glibc/elf/rtld-libc.a(rtld-read.os)
 .data          0x0000000000000588        0x0 /opt/cross/c4ev3/build-glibc/elf/rtld-libc.a(rtld-write.os)
 .data          0x0000000000000588        0x0 /opt/cross/c4ev3/build-glibc/elf/rtld-libc.a(rtld-lseek.os)
 .data          0x0000000000000588        0x0 /opt/cross/c4ev3/build-glibc/elf/rtld-libc.a(rtld-access.os)
 .data          0x0000000000000588        0x0 /opt/cross/c4ev3/build-glibc/elf/rtld-libc.a(rtld-fcntl.os)
 .data          0x0000000000000588        0x0 /opt/cross/c4ev3/build-glibc/elf/rtld-libc.a(rtld-getcwd.os)
 .data          0x0000000000000588        0x0 /opt/cross/c4ev3/build-glibc/elf/rtld-libc.a(rtld-getpagesize.os)
 .data          0x0000000000000588        0x0 /opt/cross/c4ev3/build-glibc/elf/rtld-libc.a(rtld-mmap.os)
 .data          0x0000000000000588        0x0 /opt/cross/c4ev3/build-glibc/elf/rtld-libc.a(rtld-munmap.os)
 .data          0x0000000000000588        0x0 /opt/cross/c4ev3/build-glibc/elf/rtld-libc.a(rtld-mprotect.os)
 .data          0x0000000000000588        0x0 /opt/cross/c4ev3/build-glibc/elf/rtld-libc.a(rtld-uname.os)
 .data          0x0000000000000588        0x0 /opt/cross/c4ev3/build-glibc/elf/rtld-libc.a(rtld-_exit.os)
 .data          0x0000000000000588        0x0 /opt/cross/c4ev3/build-glibc/elf/rtld-libc.a(rtld-getpid.os)
 .data          0x0000000000000588        0x0 /opt/cross/c4ev3/build-glibc/elf/rtld-libc.a(rtld-environ.os)
 .data          0x0000000000000588        0x0 /opt/cross/c4ev3/build-glibc/elf/rtld-libc.a(rtld-setjmp.os)
 .data          0x0000000000000588        0x0 /opt/cross/c4ev3/build-glibc/elf/rtld-libc.a(rtld-__longjmp.os)
 .data          0x0000000000000588        0x0 /opt/cross/c4ev3/build-glibc/elf/rtld-libc.a(rtld-sigaction.os)
 .data          0x0000000000000588        0x0 /opt/cross/c4ev3/build-glibc/elf/rtld-libc.a(rtld-sigrestorer.os)
 .data          0x0000000000000588        0x0 /opt/cross/c4ev3/build-glibc/elf/rtld-libc.a(rtld-strchr.os)
 .data          0x0000000000000588        0x0 /opt/cross/c4ev3/build-glibc/elf/rtld-libc.a(rtld-strcmp.os)
 .data          0x0000000000000588        0x0 /opt/cross/c4ev3/build-glibc/elf/rtld-libc.a(rtld-strlen.os)
 .data          0x0000000000000588        0x0 /opt/cross/c4ev3/build-glibc/elf/rtld-libc.a(rtld-strnlen.os)
 .data          0x0000000000000588        0x0 /opt/cross/c4ev3/build-glibc/elf/rtld-libc.a(rtld-memchr.os)
 .data          0x0000000000000588        0x0 /opt/cross/c4ev3/build-glibc/elf/rtld-libc.a(rtld-memcmp.os)
 .data          0x0000000000000588        0x0 /opt/cross/c4ev3/build-glibc/elf/rtld-libc.a(rtld-memmove.os)
 .data          0x0000000000000588        0x0 /opt/cross/c4ev3/build-glibc/elf/rtld-libc.a(rtld-memset.os)
 .data          0x0000000000000588        0x0 /opt/cross/c4ev3/build-glibc/elf/rtld-libc.a(rtld-mempcpy.os)
 .data          0x0000000000000588        0x0 /opt/cross/c4ev3/build-glibc/elf/rtld-libc.a(rtld-stpcpy.os)
 .data          0x0000000000000588        0x0 /opt/cross/c4ev3/build-glibc/elf/rtld-libc.a(rtld-memcpy.os)
 .data          0x0000000000000588        0x0 /opt/cross/c4ev3/build-glibc/elf/rtld-libc.a(rtld-wordcopy.os)
 .data          0x0000000000000588        0x0 /opt/cross/c4ev3/build-glibc/elf/rtld-libc.a(rtld-rawmemchr.os)
 .data          0x0000000000000588        0x0 /opt/cross/c4ev3/build-glibc/elf/rtld-libc.a(rtld-setitimer.os)
 .data          0x0000000000000588        0x0 /opt/cross/c4ev3/build-glibc/elf/rtld-libc.a(rtld-sysdep.os)
 .data          0x0000000000000588        0x0 /opt/cross/lib/gcc/arm-linux-gnueabi/8.1.0/libgcc.a(_udivsi3.o)
 .data          0x0000000000000588        0x0 /opt/cross/lib/gcc/arm-linux-gnueabi/8.1.0/libgcc.a(_divsi3.o)
 .data          0x0000000000000588        0x0 /opt/cross/lib/gcc/arm-linux-gnueabi/8.1.0/libgcc.a(_aeabi_uldivmod.o)
 .data          0x0000000000000588        0x0 /opt/cross/lib/gcc/arm-linux-gnueabi/8.1.0/libgcc.a(_dvmd_lnx.o)
 .data          0x0000000000000588        0x0 /opt/cross/lib/gcc/arm-linux-gnueabi/8.1.0/libgcc.a(_udivmoddi4.o)
 .data          0x0000000000000588        0x0 /opt/cross/c4ev3/build-glibc/elf/rtld-libc.a(rtld-raise.os)

.data.rel.ro    0x0000000000000000      0x19c
 .data.rel.ro   0x0000000000000000      0x19c /opt/cross/c4ev3/build-glibc/elf/dl-allobjs.os
                0x0000000000000000                _dl_argc
                0x0000000000000054                __pointer_chk_guard_local
                0x0000000000000054                __pointer_chk_guard
                0x0000000000000058                __stack_chk_guard
                0x0000000000000060                _rtld_global_ro
                0x0000000000000060                _rtld_local_ro
                0x0000000000000184                __stack_prot
                0x0000000000000194                __libc_stack_end
                0x0000000000000198                __libc_enable_secure_internal
                0x0000000000000198                __libc_enable_secure

__libc_subfreeres
                0x0000000000000000        0x4
 __libc_subfreeres
                0x0000000000000000        0x4 /opt/cross/c4ev3/build-glibc/elf/dl-allobjs.os

.data1
 *(.data1)

.bss            0x0000000000000000       0xc4
 *(.bss)
 .bss           0x0000000000000000       0xb0 /opt/cross/c4ev3/build-glibc/elf/dl-allobjs.os
                0x000000000000003c                _dl_argv_internal
                0x000000000000003c                _dl_argv
                0x000000000000009c                __libc_multiple_libcs
                0x00000000000000ac                __curbrk
 .bss           0x00000000000000b0        0x0 /opt/cross/c4ev3/build-glibc/elf/rtld-libc.a(rtld-check_fds.os)
 .bss           0x00000000000000b0        0x0 /opt/cross/c4ev3/build-glibc/elf/rtld-libc.a(rtld-errno.os)
 .bss           0x00000000000000b0       0x10 /opt/cross/c4ev3/build-glibc/elf/rtld-libc.a(rtld-profil.os)
 .bss           0x00000000000000c0        0x0 /opt/cross/c4ev3/build-glibc/elf/rtld-libc.a(rtld-prof-freq.os)
 .bss           0x00000000000000c0        0x0 /opt/cross/c4ev3/build-glibc/elf/rtld-libc.a(rtld-xstat64.os)
 .bss           0x00000000000000c0        0x0 /opt/cross/c4ev3/build-glibc/elf/rtld-libc.a(rtld-fxstat64.os)
 .bss           0x00000000000000c0        0x0 /opt/cross/c4ev3/build-glibc/elf/rtld-libc.a(rtld-open.os)
 .bss           0x00000000000000c0        0x0 /opt/cross/c4ev3/build-glibc/elf/rtld-libc.a(rtld-close.os)
 .bss           0x00000000000000c0        0x0 /opt/cross/c4ev3/build-glibc/elf/rtld-libc.a(rtld-read.os)
 .bss           0x00000000000000c0        0x0 /opt/cross/c4ev3/build-glibc/elf/rtld-libc.a(rtld-write.os)
 .bss           0x00000000000000c0        0x0 /opt/cross/c4ev3/build-glibc/elf/rtld-libc.a(rtld-lseek.os)
 .bss           0x00000000000000c0        0x0 /opt/cross/c4ev3/build-glibc/elf/rtld-libc.a(rtld-access.os)
 .bss           0x00000000000000c0        0x0 /opt/cross/c4ev3/build-glibc/elf/rtld-libc.a(rtld-fcntl.os)
 .bss           0x00000000000000c0        0x0 /opt/cross/c4ev3/build-glibc/elf/rtld-libc.a(rtld-getcwd.os)
 .bss           0x00000000000000c0        0x0 /opt/cross/c4ev3/build-glibc/elf/rtld-libc.a(rtld-getpagesize.os)
 .bss           0x00000000000000c0        0x0 /opt/cross/c4ev3/build-glibc/elf/rtld-libc.a(rtld-mmap.os)
 .bss           0x00000000000000c0        0x0 /opt/cross/c4ev3/build-glibc/elf/rtld-libc.a(rtld-munmap.os)
 .bss           0x00000000000000c0        0x0 /opt/cross/c4ev3/build-glibc/elf/rtld-libc.a(rtld-mprotect.os)
 .bss           0x00000000000000c0        0x0 /opt/cross/c4ev3/build-glibc/elf/rtld-libc.a(rtld-uname.os)
 .bss           0x00000000000000c0        0x0 /opt/cross/c4ev3/build-glibc/elf/rtld-libc.a(rtld-_exit.os)
 .bss           0x00000000000000c0        0x0 /opt/cross/c4ev3/build-glibc/elf/rtld-libc.a(rtld-getpid.os)
 .bss           0x00000000000000c0        0x4 /opt/cross/c4ev3/build-glibc/elf/rtld-libc.a(rtld-environ.os)
                0x00000000000000c0                _environ
                0x00000000000000c0                __environ
                0x00000000000000c0                environ
 .bss           0x00000000000000c4        0x0 /opt/cross/c4ev3/build-glibc/elf/rtld-libc.a(rtld-setjmp.os)
 .bss           0x00000000000000c4        0x0 /opt/cross/c4ev3/build-glibc/elf/rtld-libc.a(rtld-__longjmp.os)
 .bss           0x00000000000000c4        0x0 /opt/cross/c4ev3/build-glibc/elf/rtld-libc.a(rtld-sigaction.os)
 .bss           0x00000000000000c4        0x0 /opt/cross/c4ev3/build-glibc/elf/rtld-libc.a(rtld-sigrestorer.os)
 .bss           0x00000000000000c4        0x0 /opt/cross/c4ev3/build-glibc/elf/rtld-libc.a(rtld-strchr.os)
 .bss           0x00000000000000c4        0x0 /opt/cross/c4ev3/build-glibc/elf/rtld-libc.a(rtld-strcmp.os)
 .bss           0x00000000000000c4        0x0 /opt/cross/c4ev3/build-glibc/elf/rtld-libc.a(rtld-strlen.os)
 .bss           0x00000000000000c4        0x0 /opt/cross/c4ev3/build-glibc/elf/rtld-libc.a(rtld-strnlen.os)
 .bss           0x00000000000000c4        0x0 /opt/cross/c4ev3/build-glibc/elf/rtld-libc.a(rtld-memchr.os)
 .bss           0x00000000000000c4        0x0 /opt/cross/c4ev3/build-glibc/elf/rtld-libc.a(rtld-memcmp.os)
 .bss           0x00000000000000c4        0x0 /opt/cross/c4ev3/build-glibc/elf/rtld-libc.a(rtld-memmove.os)
 .bss           0x00000000000000c4        0x0 /opt/cross/c4ev3/build-glibc/elf/rtld-libc.a(rtld-memset.os)
 .bss           0x00000000000000c4        0x0 /opt/cross/c4ev3/build-glibc/elf/rtld-libc.a(rtld-mempcpy.os)
 .bss           0x00000000000000c4        0x0 /opt/cross/c4ev3/build-glibc/elf/rtld-libc.a(rtld-stpcpy.os)
 .bss           0x00000000000000c4        0x0 /opt/cross/c4ev3/build-glibc/elf/rtld-libc.a(rtld-memcpy.os)
 .bss           0x00000000000000c4        0x0 /opt/cross/c4ev3/build-glibc/elf/rtld-libc.a(rtld-wordcopy.os)
 .bss           0x00000000000000c4        0x0 /opt/cross/c4ev3/build-glibc/elf/rtld-libc.a(rtld-rawmemchr.os)
 .bss           0x00000000000000c4        0x0 /opt/cross/c4ev3/build-glibc/elf/rtld-libc.a(rtld-setitimer.os)
 .bss           0x00000000000000c4        0x0 /opt/cross/c4ev3/build-glibc/elf/rtld-libc.a(rtld-sysdep.os)
 .bss           0x00000000000000c4        0x0 /opt/cross/lib/gcc/arm-linux-gnueabi/8.1.0/libgcc.a(_udivsi3.o)
 .bss           0x00000000000000c4        0x0 /opt/cross/lib/gcc/arm-linux-gnueabi/8.1.0/libgcc.a(_divsi3.o)
 .bss           0x00000000000000c4        0x0 /opt/cross/lib/gcc/arm-linux-gnueabi/8.1.0/libgcc.a(_aeabi_uldivmod.o)
 .bss           0x00000000000000c4        0x0 /opt/cross/lib/gcc/arm-linux-gnueabi/8.1.0/libgcc.a(_dvmd_lnx.o)
 .bss           0x00000000000000c4        0x0 /opt/cross/lib/gcc/arm-linux-gnueabi/8.1.0/libgcc.a(_udivmoddi4.o)
 .bss           0x00000000000000c4        0x0 /opt/cross/c4ev3/build-glibc/elf/rtld-libc.a(rtld-raise.os)
 *(COMMON)
 COMMON         0x00000000000000c4        0x0 /opt/cross/c4ev3/build-glibc/elf/dl-allobjs.os
 COMMON         0x00000000000000c4        0x0 /opt/cross/c4ev3/build-glibc/elf/rtld-libc.a(rtld-errno.os)
 COMMON         0x00000000000000c4        0x0 /opt/cross/c4ev3/build-glibc/elf/rtld-libc.a(rtld-sigaction.os)

.stab
 *(.stab)

.stabstr
 *(.stabstr)

.stab.excl
 *(.stab.excl)

.stab.exclstr
 *(.stab.exclstr)

.stab.index
 *(.stab.index)

.stab.indexstr
 *(.stab.indexstr)

.comment        0x0000000000000000      0x7ec
 *(.comment)
 .comment       0x0000000000000000      0x444 /opt/cross/c4ev3/build-glibc/elf/dl-allobjs.os
 .comment       0x0000000000000444       0x27 /opt/cross/c4ev3/build-glibc/elf/rtld-libc.a(rtld-check_fds.os)
 .comment       0x000000000000046b       0x27 /opt/cross/c4ev3/build-glibc/elf/rtld-libc.a(rtld-errno.os)
 .comment       0x0000000000000492       0x27 /opt/cross/c4ev3/build-glibc/elf/rtld-libc.a(rtld-profil.os)
 .comment       0x00000000000004b9       0x27 /opt/cross/c4ev3/build-glibc/elf/rtld-libc.a(rtld-prof-freq.os)
 .comment       0x00000000000004e0       0x27 /opt/cross/c4ev3/build-glibc/elf/rtld-libc.a(rtld-xstat64.os)
 .comment       0x0000000000000507       0x27 /opt/cross/c4ev3/build-glibc/elf/rtld-libc.a(rtld-fxstat64.os)
 .comment       0x000000000000052e       0x27 /opt/cross/c4ev3/build-glibc/elf/rtld-libc.a(rtld-fcntl.os)
 .comment       0x0000000000000555       0x27 /opt/cross/c4ev3/build-glibc/elf/rtld-libc.a(rtld-getcwd.os)
 .comment       0x000000000000057c       0x27 /opt/cross/c4ev3/build-glibc/elf/rtld-libc.a(rtld-getpagesize.os)
 .comment       0x00000000000005a3       0x27 /opt/cross/c4ev3/build-glibc/elf/rtld-libc.a(rtld-_exit.os)
 .comment       0x00000000000005ca       0x27 /opt/cross/c4ev3/build-glibc/elf/rtld-libc.a(rtld-getpid.os)
 .comment       0x00000000000005f1       0x27 /opt/cross/c4ev3/build-glibc/elf/rtld-libc.a(rtld-environ.os)
 .comment       0x0000000000000618       0x27 /opt/cross/c4ev3/build-glibc/elf/rtld-libc.a(rtld-sigaction.os)
 .comment       0x000000000000063f       0x27 /opt/cross/c4ev3/build-glibc/elf/rtld-libc.a(rtld-strchr.os)
 .comment       0x0000000000000666       0x27 /opt/cross/c4ev3/build-glibc/elf/rtld-libc.a(rtld-strcmp.os)
 .comment       0x000000000000068d       0x27 /opt/cross/c4ev3/build-glibc/elf/rtld-libc.a(rtld-strnlen.os)
 .comment       0x00000000000006b4       0x27 /opt/cross/c4ev3/build-glibc/elf/rtld-libc.a(rtld-memchr.os)
 .comment       0x00000000000006db       0x27 /opt/cross/c4ev3/build-glibc/elf/rtld-libc.a(rtld-memcmp.os)
 .comment       0x0000000000000702       0x27 /opt/cross/c4ev3/build-glibc/elf/rtld-libc.a(rtld-mempcpy.os)
 .comment       0x0000000000000729       0x27 /opt/cross/c4ev3/build-glibc/elf/rtld-libc.a(rtld-stpcpy.os)
 .comment       0x0000000000000750       0x27 /opt/cross/c4ev3/build-glibc/elf/rtld-libc.a(rtld-wordcopy.os)
 .comment       0x0000000000000777       0x27 /opt/cross/c4ev3/build-glibc/elf/rtld-libc.a(rtld-rawmemchr.os)
 .comment       0x000000000000079e       0x27 /opt/cross/lib/gcc/arm-linux-gnueabi/8.1.0/libgcc.a(_udivmoddi4.o)
 .comment       0x00000000000007c5       0x27 /opt/cross/c4ev3/build-glibc/elf/rtld-libc.a(rtld-raise.os)

.note.GNU-stack
                0x0000000000000000        0x0
 .note.GNU-stack
                0x0000000000000000        0x0 /opt/cross/c4ev3/build-glibc/elf/dl-allobjs.os
 .note.GNU-stack
                0x0000000000000000        0x0 /opt/cross/c4ev3/build-glibc/elf/rtld-libc.a(rtld-check_fds.os)
 .note.GNU-stack
                0x0000000000000000        0x0 /opt/cross/c4ev3/build-glibc/elf/rtld-libc.a(rtld-errno.os)
 .note.GNU-stack
                0x0000000000000000        0x0 /opt/cross/c4ev3/build-glibc/elf/rtld-libc.a(rtld-profil.os)
 .note.GNU-stack
                0x0000000000000000        0x0 /opt/cross/c4ev3/build-glibc/elf/rtld-libc.a(rtld-prof-freq.os)
 .note.GNU-stack
                0x0000000000000000        0x0 /opt/cross/c4ev3/build-glibc/elf/rtld-libc.a(rtld-xstat64.os)
 .note.GNU-stack
                0x0000000000000000        0x0 /opt/cross/c4ev3/build-glibc/elf/rtld-libc.a(rtld-fxstat64.os)
 .note.GNU-stack
                0x0000000000000000        0x0 /opt/cross/c4ev3/build-glibc/elf/rtld-libc.a(rtld-open.os)
 .note.GNU-stack
                0x0000000000000000        0x0 /opt/cross/c4ev3/build-glibc/elf/rtld-libc.a(rtld-close.os)
 .note.GNU-stack
                0x0000000000000000        0x0 /opt/cross/c4ev3/build-glibc/elf/rtld-libc.a(rtld-read.os)
 .note.GNU-stack
                0x0000000000000000        0x0 /opt/cross/c4ev3/build-glibc/elf/rtld-libc.a(rtld-write.os)
 .note.GNU-stack
                0x0000000000000000        0x0 /opt/cross/c4ev3/build-glibc/elf/rtld-libc.a(rtld-lseek.os)
 .note.GNU-stack
                0x0000000000000000        0x0 /opt/cross/c4ev3/build-glibc/elf/rtld-libc.a(rtld-access.os)
 .note.GNU-stack
                0x0000000000000000        0x0 /opt/cross/c4ev3/build-glibc/elf/rtld-libc.a(rtld-fcntl.os)
 .note.GNU-stack
                0x0000000000000000        0x0 /opt/cross/c4ev3/build-glibc/elf/rtld-libc.a(rtld-getcwd.os)
 .note.GNU-stack
                0x0000000000000000        0x0 /opt/cross/c4ev3/build-glibc/elf/rtld-libc.a(rtld-getpagesize.os)
 .note.GNU-stack
                0x0000000000000000        0x0 /opt/cross/c4ev3/build-glibc/elf/rtld-libc.a(rtld-mmap.os)
 .note.GNU-stack
                0x0000000000000000        0x0 /opt/cross/c4ev3/build-glibc/elf/rtld-libc.a(rtld-munmap.os)
 .note.GNU-stack
                0x0000000000000000        0x0 /opt/cross/c4ev3/build-glibc/elf/rtld-libc.a(rtld-mprotect.os)
 .note.GNU-stack
                0x0000000000000000        0x0 /opt/cross/c4ev3/build-glibc/elf/rtld-libc.a(rtld-uname.os)
 .note.GNU-stack
                0x0000000000000000        0x0 /opt/cross/c4ev3/build-glibc/elf/rtld-libc.a(rtld-_exit.os)
 .note.GNU-stack
                0x0000000000000000        0x0 /opt/cross/c4ev3/build-glibc/elf/rtld-libc.a(rtld-getpid.os)
 .note.GNU-stack
                0x0000000000000000        0x0 /opt/cross/c4ev3/build-glibc/elf/rtld-libc.a(rtld-environ.os)
 .note.GNU-stack
                0x0000000000000000        0x0 /opt/cross/c4ev3/build-glibc/elf/rtld-libc.a(rtld-setjmp.os)
 .note.GNU-stack
                0x0000000000000000        0x0 /opt/cross/c4ev3/build-glibc/elf/rtld-libc.a(rtld-__longjmp.os)
 .note.GNU-stack
                0x0000000000000000        0x0 /opt/cross/c4ev3/build-glibc/elf/rtld-libc.a(rtld-sigaction.os)
 .note.GNU-stack
                0x0000000000000000        0x0 /opt/cross/c4ev3/build-glibc/elf/rtld-libc.a(rtld-sigrestorer.os)
 .note.GNU-stack
                0x0000000000000000        0x0 /opt/cross/c4ev3/build-glibc/elf/rtld-libc.a(rtld-strchr.os)
 .note.GNU-stack
                0x0000000000000000        0x0 /opt/cross/c4ev3/build-glibc/elf/rtld-libc.a(rtld-strcmp.os)
 .note.GNU-stack
                0x0000000000000000        0x0 /opt/cross/c4ev3/build-glibc/elf/rtld-libc.a(rtld-strlen.os)
 .note.GNU-stack
                0x0000000000000000        0x0 /opt/cross/c4ev3/build-glibc/elf/rtld-libc.a(rtld-strnlen.os)
 .note.GNU-stack
                0x0000000000000000        0x0 /opt/cross/c4ev3/build-glibc/elf/rtld-libc.a(rtld-memchr.os)
 .note.GNU-stack
                0x0000000000000000        0x0 /opt/cross/c4ev3/build-glibc/elf/rtld-libc.a(rtld-memcmp.os)
 .note.GNU-stack
                0x0000000000000000        0x0 /opt/cross/c4ev3/build-glibc/elf/rtld-libc.a(rtld-memmove.os)
 .note.GNU-stack
                0x0000000000000000        0x0 /opt/cross/c4ev3/build-glibc/elf/rtld-libc.a(rtld-memset.os)
 .note.GNU-stack
                0x0000000000000000        0x0 /opt/cross/c4ev3/build-glibc/elf/rtld-libc.a(rtld-mempcpy.os)
 .note.GNU-stack
                0x0000000000000000        0x0 /opt/cross/c4ev3/build-glibc/elf/rtld-libc.a(rtld-stpcpy.os)
 .note.GNU-stack
                0x0000000000000000        0x0 /opt/cross/c4ev3/build-glibc/elf/rtld-libc.a(rtld-memcpy.os)
 .note.GNU-stack
                0x0000000000000000        0x0 /opt/cross/c4ev3/build-glibc/elf/rtld-libc.a(rtld-wordcopy.os)
 .note.GNU-stack
                0x0000000000000000        0x0 /opt/cross/c4ev3/build-glibc/elf/rtld-libc.a(rtld-rawmemchr.os)
 .note.GNU-stack
                0x0000000000000000        0x0 /opt/cross/c4ev3/build-glibc/elf/rtld-libc.a(rtld-setitimer.os)
 .note.GNU-stack
                0x0000000000000000        0x0 /opt/cross/c4ev3/build-glibc/elf/rtld-libc.a(rtld-sysdep.os)
 .note.GNU-stack
                0x0000000000000000        0x0 /opt/cross/lib/gcc/arm-linux-gnueabi/8.1.0/libgcc.a(_udivsi3.o)
 .note.GNU-stack
                0x0000000000000000        0x0 /opt/cross/lib/gcc/arm-linux-gnueabi/8.1.0/libgcc.a(_divsi3.o)
 .note.GNU-stack
                0x0000000000000000        0x0 /opt/cross/lib/gcc/arm-linux-gnueabi/8.1.0/libgcc.a(_aeabi_uldivmod.o)
 .note.GNU-stack
                0x0000000000000000        0x0 /opt/cross/lib/gcc/arm-linux-gnueabi/8.1.0/libgcc.a(_dvmd_lnx.o)
 .note.GNU-stack
                0x0000000000000000        0x0 /opt/cross/lib/gcc/arm-linux-gnueabi/8.1.0/libgcc.a(_udivmoddi4.o)
 .note.GNU-stack
                0x0000000000000000        0x0 /opt/cross/c4ev3/build-glibc/elf/rtld-libc.a(rtld-raise.os)

.ARM.attributes
                0x0000000000000000       0x28
 .ARM.attributes
                0x0000000000000000       0x28 /opt/cross/c4ev3/build-glibc/elf/dl-allobjs.os
 .ARM.attributes
                0x0000000000000028       0x2a /opt/cross/c4ev3/build-glibc/elf/rtld-libc.a(rtld-check_fds.os)
 .ARM.attributes
                0x0000000000000052       0x31 /opt/cross/c4ev3/build-glibc/elf/rtld-libc.a(rtld-errno.os)
 .ARM.attributes
                0x0000000000000083       0x2a /opt/cross/c4ev3/build-glibc/elf/rtld-libc.a(rtld-profil.os)
 .ARM.attributes
                0x00000000000000ad       0x2a /opt/cross/c4ev3/build-glibc/elf/rtld-libc.a(rtld-prof-freq.os)
 .ARM.attributes
                0x00000000000000d7       0x2a /opt/cross/c4ev3/build-glibc/elf/rtld-libc.a(rtld-xstat64.os)
 .ARM.attributes
                0x0000000000000101       0x2a /opt/cross/c4ev3/build-glibc/elf/rtld-libc.a(rtld-fxstat64.os)
 .ARM.attributes
                0x000000000000012b       0x1a /opt/cross/c4ev3/build-glibc/elf/rtld-libc.a(rtld-open.os)
 .ARM.attributes
                0x0000000000000145       0x1a /opt/cross/c4ev3/build-glibc/elf/rtld-libc.a(rtld-close.os)
 .ARM.attributes
                0x000000000000015f       0x1a /opt/cross/c4ev3/build-glibc/elf/rtld-libc.a(rtld-read.os)
 .ARM.attributes
                0x0000000000000179       0x1a /opt/cross/c4ev3/build-glibc/elf/rtld-libc.a(rtld-write.os)
 .ARM.attributes
                0x0000000000000193       0x1a /opt/cross/c4ev3/build-glibc/elf/rtld-libc.a(rtld-lseek.os)
 .ARM.attributes
                0x00000000000001ad       0x1a /opt/cross/c4ev3/build-glibc/elf/rtld-libc.a(rtld-access.os)
 .ARM.attributes
                0x00000000000001c7       0x2a /opt/cross/c4ev3/build-glibc/elf/rtld-libc.a(rtld-fcntl.os)
 .ARM.attributes
                0x00000000000001f1       0x2a /opt/cross/c4ev3/build-glibc/elf/rtld-libc.a(rtld-getcwd.os)
 .ARM.attributes
                0x000000000000021b       0x2a /opt/cross/c4ev3/build-glibc/elf/rtld-libc.a(rtld-getpagesize.os)
 .ARM.attributes
                0x0000000000000245       0x1a /opt/cross/c4ev3/build-glibc/elf/rtld-libc.a(rtld-mmap.os)
 .ARM.attributes
                0x000000000000025f       0x1a /opt/cross/c4ev3/build-glibc/elf/rtld-libc.a(rtld-munmap.os)
 .ARM.attributes
                0x0000000000000279       0x1a /opt/cross/c4ev3/build-glibc/elf/rtld-libc.a(rtld-mprotect.os)
 .ARM.attributes
                0x0000000000000293       0x1a /opt/cross/c4ev3/build-glibc/elf/rtld-libc.a(rtld-uname.os)
 .ARM.attributes
                0x00000000000002ad       0x2a /opt/cross/c4ev3/build-glibc/elf/rtld-libc.a(rtld-_exit.os)
 .ARM.attributes
                0x00000000000002d7       0x2a /opt/cross/c4ev3/build-glibc/elf/rtld-libc.a(rtld-getpid.os)
 .ARM.attributes
                0x0000000000000301       0x31 /opt/cross/c4ev3/build-glibc/elf/rtld-libc.a(rtld-environ.os)
 .ARM.attributes
                0x0000000000000332       0x1a /opt/cross/c4ev3/build-glibc/elf/rtld-libc.a(rtld-setjmp.os)
 .ARM.attributes
                0x000000000000034c       0x1a /opt/cross/c4ev3/build-glibc/elf/rtld-libc.a(rtld-__longjmp.os)
 .ARM.attributes
                0x0000000000000366       0x2a /opt/cross/c4ev3/build-glibc/elf/rtld-libc.a(rtld-sigaction.os)
 .ARM.attributes
                0x0000000000000390       0x1a /opt/cross/c4ev3/build-glibc/elf/rtld-libc.a(rtld-sigrestorer.os)
 .ARM.attributes
                0x00000000000003aa       0x2a /opt/cross/c4ev3/build-glibc/elf/rtld-libc.a(rtld-strchr.os)
 .ARM.attributes
                0x00000000000003d4       0x2a /opt/cross/c4ev3/build-glibc/elf/rtld-libc.a(rtld-strcmp.os)
 .ARM.attributes
                0x00000000000003fe       0x1a /opt/cross/c4ev3/build-glibc/elf/rtld-libc.a(rtld-strlen.os)
 .ARM.attributes
                0x0000000000000418       0x2a /opt/cross/c4ev3/build-glibc/elf/rtld-libc.a(rtld-strnlen.os)
 .ARM.attributes
                0x0000000000000442       0x2a /opt/cross/c4ev3/build-glibc/elf/rtld-libc.a(rtld-memchr.os)
 .ARM.attributes
                0x000000000000046c       0x2a /opt/cross/c4ev3/build-glibc/elf/rtld-libc.a(rtld-memcmp.os)
 .ARM.attributes
                0x0000000000000496       0x1a /opt/cross/c4ev3/build-glibc/elf/rtld-libc.a(rtld-memmove.os)
 .ARM.attributes
                0x00000000000004b0       0x1a /opt/cross/c4ev3/build-glibc/elf/rtld-libc.a(rtld-memset.os)
 .ARM.attributes
                0x00000000000004ca       0x2a /opt/cross/c4ev3/build-glibc/elf/rtld-libc.a(rtld-mempcpy.os)
 .ARM.attributes
                0x00000000000004f4       0x2a /opt/cross/c4ev3/build-glibc/elf/rtld-libc.a(rtld-stpcpy.os)
 .ARM.attributes
                0x000000000000051e       0x1a /opt/cross/c4ev3/build-glibc/elf/rtld-libc.a(rtld-memcpy.os)
 .ARM.attributes
                0x0000000000000538       0x2a /opt/cross/c4ev3/build-glibc/elf/rtld-libc.a(rtld-wordcopy.os)
 .ARM.attributes
                0x0000000000000562       0x2a /opt/cross/c4ev3/build-glibc/elf/rtld-libc.a(rtld-rawmemchr.os)
 .ARM.attributes
                0x000000000000058c       0x1a /opt/cross/c4ev3/build-glibc/elf/rtld-libc.a(rtld-setitimer.os)
 .ARM.attributes
                0x00000000000005a6       0x1a /opt/cross/c4ev3/build-glibc/elf/rtld-libc.a(rtld-sysdep.os)
 .ARM.attributes
                0x00000000000005c0       0x1c /opt/cross/lib/gcc/arm-linux-gnueabi/8.1.0/libgcc.a(_udivsi3.o)
 .ARM.attributes
                0x00000000000005dc       0x1c /opt/cross/lib/gcc/arm-linux-gnueabi/8.1.0/libgcc.a(_divsi3.o)
 .ARM.attributes
                0x00000000000005f8       0x1c /opt/cross/lib/gcc/arm-linux-gnueabi/8.1.0/libgcc.a(_aeabi_uldivmod.o)
 .ARM.attributes
                0x0000000000000614       0x1c /opt/cross/lib/gcc/arm-linux-gnueabi/8.1.0/libgcc.a(_dvmd_lnx.o)
 .ARM.attributes
                0x0000000000000630       0x2a /opt/cross/lib/gcc/arm-linux-gnueabi/8.1.0/libgcc.a(_udivmoddi4.o)
 .ARM.attributes
                0x000000000000065a       0x2a /opt/cross/c4ev3/build-glibc/elf/rtld-libc.a(rtld-raise.os)

.debug
 *(.debug)

.line
 *(.line)

.debug_srcinfo
 *(.debug_srcinfo)

.debug_sfnames
 *(.debug_sfnames)

.debug_aranges  0x0000000000000000      0x700
 *(.debug_aranges)
 .debug_aranges
                0x0000000000000000      0x390 /opt/cross/c4ev3/build-glibc/elf/dl-allobjs.os
 .debug_aranges
                0x0000000000000390       0x20 /opt/cross/c4ev3/build-glibc/elf/rtld-libc.a(rtld-check_fds.os)
 .debug_aranges
                0x00000000000003b0       0x18 /opt/cross/c4ev3/build-glibc/elf/rtld-libc.a(rtld-errno.os)
 .debug_aranges
                0x00000000000003c8       0x20 /opt/cross/c4ev3/build-glibc/elf/rtld-libc.a(rtld-profil.os)
 .debug_aranges
                0x00000000000003e8       0x20 /opt/cross/c4ev3/build-glibc/elf/rtld-libc.a(rtld-prof-freq.os)
 .debug_aranges
                0x0000000000000408       0x20 /opt/cross/c4ev3/build-glibc/elf/rtld-libc.a(rtld-xstat64.os)
 .debug_aranges
                0x0000000000000428       0x20 /opt/cross/c4ev3/build-glibc/elf/rtld-libc.a(rtld-fxstat64.os)
 .debug_aranges
                0x0000000000000448       0x20 /opt/cross/c4ev3/build-glibc/elf/rtld-libc.a(rtld-fcntl.os)
 .debug_aranges
                0x0000000000000468       0x20 /opt/cross/c4ev3/build-glibc/elf/rtld-libc.a(rtld-getcwd.os)
 .debug_aranges
                0x0000000000000488       0x20 /opt/cross/c4ev3/build-glibc/elf/rtld-libc.a(rtld-getpagesize.os)
 .debug_aranges
                0x00000000000004a8       0x20 /opt/cross/c4ev3/build-glibc/elf/rtld-libc.a(rtld-_exit.os)
 .debug_aranges
                0x00000000000004c8       0x20 /opt/cross/c4ev3/build-glibc/elf/rtld-libc.a(rtld-getpid.os)
 .debug_aranges
                0x00000000000004e8       0x18 /opt/cross/c4ev3/build-glibc/elf/rtld-libc.a(rtld-environ.os)
 .debug_aranges
                0x0000000000000500       0x20 /opt/cross/c4ev3/build-glibc/elf/rtld-libc.a(rtld-sigaction.os)
 .debug_aranges
                0x0000000000000520       0x20 /opt/cross/c4ev3/build-glibc/elf/rtld-libc.a(rtld-strchr.os)
 .debug_aranges
                0x0000000000000540       0x20 /opt/cross/c4ev3/build-glibc/elf/rtld-libc.a(rtld-strcmp.os)
 .debug_aranges
                0x0000000000000560       0x20 /opt/cross/c4ev3/build-glibc/elf/rtld-libc.a(rtld-strnlen.os)
 .debug_aranges
                0x0000000000000580       0x20 /opt/cross/c4ev3/build-glibc/elf/rtld-libc.a(rtld-memchr.os)
 .debug_aranges
                0x00000000000005a0       0x20 /opt/cross/c4ev3/build-glibc/elf/rtld-libc.a(rtld-memcmp.os)
 .debug_aranges
                0x00000000000005c0       0x20 /opt/cross/c4ev3/build-glibc/elf/rtld-libc.a(rtld-mempcpy.os)
 .debug_aranges
                0x00000000000005e0       0x20 /opt/cross/c4ev3/build-glibc/elf/rtld-libc.a(rtld-stpcpy.os)
 .debug_aranges
                0x0000000000000600       0x20 /opt/cross/c4ev3/build-glibc/elf/rtld-libc.a(rtld-wordcopy.os)
 .debug_aranges
                0x0000000000000620       0x20 /opt/cross/c4ev3/build-glibc/elf/rtld-libc.a(rtld-rawmemchr.os)
 .debug_aranges
                0x0000000000000640       0x20 /opt/cross/lib/gcc/arm-linux-gnueabi/8.1.0/libgcc.a(_udivsi3.o)
 .debug_aranges
                0x0000000000000660       0x20 /opt/cross/lib/gcc/arm-linux-gnueabi/8.1.0/libgcc.a(_divsi3.o)
 .debug_aranges
                0x0000000000000680       0x20 /opt/cross/lib/gcc/arm-linux-gnueabi/8.1.0/libgcc.a(_aeabi_uldivmod.o)
 .debug_aranges
                0x00000000000006a0       0x20 /opt/cross/lib/gcc/arm-linux-gnueabi/8.1.0/libgcc.a(_dvmd_lnx.o)
 .debug_aranges
                0x00000000000006c0       0x20 /opt/cross/lib/gcc/arm-linux-gnueabi/8.1.0/libgcc.a(_udivmoddi4.o)
 .debug_aranges
                0x00000000000006e0       0x20 /opt/cross/c4ev3/build-glibc/elf/rtld-libc.a(rtld-raise.os)

.debug_pubnames
 *(.debug_pubnames)

.debug_info     0x0000000000000000    0x7d40a
 *(.debug_info)
 .debug_info    0x0000000000000000    0x69e3f /opt/cross/c4ev3/build-glibc/elf/dl-allobjs.os
 .debug_info    0x0000000000069e3f      0xa92 /opt/cross/c4ev3/build-glibc/elf/rtld-libc.a(rtld-check_fds.os)
 .debug_info    0x000000000006a8d1      0x61f /opt/cross/c4ev3/build-glibc/elf/rtld-libc.a(rtld-errno.os)
 .debug_info    0x000000000006aef0      0x96d /opt/cross/c4ev3/build-glibc/elf/rtld-libc.a(rtld-profil.os)
 .debug_info    0x000000000006b85d     0x3125 /opt/cross/c4ev3/build-glibc/elf/rtld-libc.a(rtld-prof-freq.os)
 .debug_info    0x000000000006e982      0x86e /opt/cross/c4ev3/build-glibc/elf/rtld-libc.a(rtld-xstat64.os)
 .debug_info    0x000000000006f1f0      0x86d /opt/cross/c4ev3/build-glibc/elf/rtld-libc.a(rtld-fxstat64.os)
 .debug_info    0x000000000006fa5d     0x1508 /opt/cross/c4ev3/build-glibc/elf/rtld-libc.a(rtld-fcntl.os)
 .debug_info    0x0000000000070f65      0x82b /opt/cross/c4ev3/build-glibc/elf/rtld-libc.a(rtld-getcwd.os)
 .debug_info    0x0000000000071790     0x3193 /opt/cross/c4ev3/build-glibc/elf/rtld-libc.a(rtld-getpagesize.os)
 .debug_info    0x0000000000074923      0x730 /opt/cross/c4ev3/build-glibc/elf/rtld-libc.a(rtld-_exit.os)
 .debug_info    0x0000000000075053      0x6ce /opt/cross/c4ev3/build-glibc/elf/rtld-libc.a(rtld-getpid.os)
 .debug_info    0x0000000000075721      0x107 /opt/cross/c4ev3/build-glibc/elf/rtld-libc.a(rtld-environ.os)
 .debug_info    0x0000000000075828     0x38a0 /opt/cross/c4ev3/build-glibc/elf/rtld-libc.a(rtld-sigaction.os)
 .debug_info    0x00000000000790c8      0x1d3 /opt/cross/c4ev3/build-glibc/elf/rtld-libc.a(rtld-strchr.os)
 .debug_info    0x000000000007929b      0x116 /opt/cross/c4ev3/build-glibc/elf/rtld-libc.a(rtld-strcmp.os)
 .debug_info    0x00000000000793b1      0x1ce /opt/cross/c4ev3/build-glibc/elf/rtld-libc.a(rtld-strnlen.os)
 .debug_info    0x000000000007957f      0x1e9 /opt/cross/c4ev3/build-glibc/elf/rtld-libc.a(rtld-memchr.os)
 .debug_info    0x0000000000079768      0x8b6 /opt/cross/c4ev3/build-glibc/elf/rtld-libc.a(rtld-memcmp.os)
 .debug_info    0x000000000007a01e      0x1ce /opt/cross/c4ev3/build-glibc/elf/rtld-libc.a(rtld-mempcpy.os)
 .debug_info    0x000000000007a1ec       0xe7 /opt/cross/c4ev3/build-glibc/elf/rtld-libc.a(rtld-stpcpy.os)
 .debug_info    0x000000000007a2d3      0x439 /opt/cross/c4ev3/build-glibc/elf/rtld-libc.a(rtld-wordcopy.os)
 .debug_info    0x000000000007a70c      0x1c7 /opt/cross/c4ev3/build-glibc/elf/rtld-libc.a(rtld-rawmemchr.os)
 .debug_info    0x000000000007a8d3       0x26 /opt/cross/lib/gcc/arm-linux-gnueabi/8.1.0/libgcc.a(_udivsi3.o)
 .debug_info    0x000000000007a8f9       0x26 /opt/cross/lib/gcc/arm-linux-gnueabi/8.1.0/libgcc.a(_divsi3.o)
 .debug_info    0x000000000007a91f       0x26 /opt/cross/lib/gcc/arm-linux-gnueabi/8.1.0/libgcc.a(_aeabi_uldivmod.o)
 .debug_info    0x000000000007a945       0x26 /opt/cross/lib/gcc/arm-linux-gnueabi/8.1.0/libgcc.a(_dvmd_lnx.o)
 .debug_info    0x000000000007a96b      0xaac /opt/cross/lib/gcc/arm-linux-gnueabi/8.1.0/libgcc.a(_udivmoddi4.o)
 .debug_info    0x000000000007b417     0x1ff3 /opt/cross/c4ev3/build-glibc/elf/rtld-libc.a(rtld-raise.os)

.debug_abbrev   0x0000000000000000     0xa8ac
 *(.debug_abbrev)
 .debug_abbrev  0x0000000000000000     0x7f08 /opt/cross/c4ev3/build-glibc/elf/dl-allobjs.os
 .debug_abbrev  0x0000000000007f08      0x251 /opt/cross/c4ev3/build-glibc/elf/rtld-libc.a(rtld-check_fds.os)
 .debug_abbrev  0x0000000000008159      0x120 /opt/cross/c4ev3/build-glibc/elf/rtld-libc.a(rtld-errno.os)
 .debug_abbrev  0x0000000000008279      0x2a0 /opt/cross/c4ev3/build-glibc/elf/rtld-libc.a(rtld-profil.os)
 .debug_abbrev  0x0000000000008519      0x2d0 /opt/cross/c4ev3/build-glibc/elf/rtld-libc.a(rtld-prof-freq.os)
 .debug_abbrev  0x00000000000087e9      0x196 /opt/cross/c4ev3/build-glibc/elf/rtld-libc.a(rtld-xstat64.os)
 .debug_abbrev  0x000000000000897f      0x196 /opt/cross/c4ev3/build-glibc/elf/rtld-libc.a(rtld-fxstat64.os)
 .debug_abbrev  0x0000000000008b15      0x2a8 /opt/cross/c4ev3/build-glibc/elf/rtld-libc.a(rtld-fcntl.os)
 .debug_abbrev  0x0000000000008dbd      0x20b /opt/cross/c4ev3/build-glibc/elf/rtld-libc.a(rtld-getcwd.os)
 .debug_abbrev  0x0000000000008fc8      0x2d0 /opt/cross/c4ev3/build-glibc/elf/rtld-libc.a(rtld-getpagesize.os)
 .debug_abbrev  0x0000000000009298      0x17b /opt/cross/c4ev3/build-glibc/elf/rtld-libc.a(rtld-_exit.os)
 .debug_abbrev  0x0000000000009413      0x15d /opt/cross/c4ev3/build-glibc/elf/rtld-libc.a(rtld-getpid.os)
 .debug_abbrev  0x0000000000009570       0x82 /opt/cross/c4ev3/build-glibc/elf/rtld-libc.a(rtld-environ.os)
 .debug_abbrev  0x00000000000095f2      0x3bf /opt/cross/c4ev3/build-glibc/elf/rtld-libc.a(rtld-sigaction.os)
 .debug_abbrev  0x00000000000099b1      0x116 /opt/cross/c4ev3/build-glibc/elf/rtld-libc.a(rtld-strchr.os)
 .debug_abbrev  0x0000000000009ac7       0x80 /opt/cross/c4ev3/build-glibc/elf/rtld-libc.a(rtld-strcmp.os)
 .debug_abbrev  0x0000000000009b47      0x120 /opt/cross/c4ev3/build-glibc/elf/rtld-libc.a(rtld-strnlen.os)
 .debug_abbrev  0x0000000000009c67      0x131 /opt/cross/c4ev3/build-glibc/elf/rtld-libc.a(rtld-memchr.os)
 .debug_abbrev  0x0000000000009d98      0x1e6 /opt/cross/c4ev3/build-glibc/elf/rtld-libc.a(rtld-memcmp.os)
 .debug_abbrev  0x0000000000009f7e      0x117 /opt/cross/c4ev3/build-glibc/elf/rtld-libc.a(rtld-mempcpy.os)
 .debug_abbrev  0x000000000000a095       0x92 /opt/cross/c4ev3/build-glibc/elf/rtld-libc.a(rtld-stpcpy.os)
 .debug_abbrev  0x000000000000a127      0x149 /opt/cross/c4ev3/build-glibc/elf/rtld-libc.a(rtld-wordcopy.os)
 .debug_abbrev  0x000000000000a270      0x133 /opt/cross/c4ev3/build-glibc/elf/rtld-libc.a(rtld-rawmemchr.os)
 .debug_abbrev  0x000000000000a3a3       0x14 /opt/cross/lib/gcc/arm-linux-gnueabi/8.1.0/libgcc.a(_udivsi3.o)
 .debug_abbrev  0x000000000000a3b7       0x14 /opt/cross/lib/gcc/arm-linux-gnueabi/8.1.0/libgcc.a(_divsi3.o)
 .debug_abbrev  0x000000000000a3cb       0x14 /opt/cross/lib/gcc/arm-linux-gnueabi/8.1.0/libgcc.a(_aeabi_uldivmod.o)
 .debug_abbrev  0x000000000000a3df       0x14 /opt/cross/lib/gcc/arm-linux-gnueabi/8.1.0/libgcc.a(_dvmd_lnx.o)
 .debug_abbrev  0x000000000000a3f3      0x171 /opt/cross/lib/gcc/arm-linux-gnueabi/8.1.0/libgcc.a(_udivmoddi4.o)
 .debug_abbrev  0x000000000000a564      0x348 /opt/cross/c4ev3/build-glibc/elf/rtld-libc.a(rtld-raise.os)

.debug_line     0x0000000000000000    0x191f7
 *(.debug_line .debug_line.* .debug_line_end)
 .debug_line    0x0000000000000000    0x154b4 /opt/cross/c4ev3/build-glibc/elf/dl-allobjs.os
 .debug_line    0x00000000000154b4      0x2b2 /opt/cross/c4ev3/build-glibc/elf/rtld-libc.a(rtld-check_fds.os)
 .debug_line    0x0000000000015766      0x155 /opt/cross/c4ev3/build-glibc/elf/rtld-libc.a(rtld-errno.os)
 .debug_line    0x00000000000158bb      0x388 /opt/cross/c4ev3/build-glibc/elf/rtld-libc.a(rtld-profil.os)
 .debug_line    0x0000000000015c43      0x3b4 /opt/cross/c4ev3/build-glibc/elf/rtld-libc.a(rtld-prof-freq.os)
 .debug_line    0x0000000000015ff7      0x1e3 /opt/cross/c4ev3/build-glibc/elf/rtld-libc.a(rtld-xstat64.os)
 .debug_line    0x00000000000161da      0x1e4 /opt/cross/c4ev3/build-glibc/elf/rtld-libc.a(rtld-fxstat64.os)
 .debug_line    0x00000000000163be      0x30b /opt/cross/c4ev3/build-glibc/elf/rtld-libc.a(rtld-fcntl.os)
 .debug_line    0x00000000000166c9      0x25c /opt/cross/c4ev3/build-glibc/elf/rtld-libc.a(rtld-getcwd.os)
 .debug_line    0x0000000000016925      0x3e6 /opt/cross/c4ev3/build-glibc/elf/rtld-libc.a(rtld-getpagesize.os)
 .debug_line    0x0000000000016d0b      0x1e0 /opt/cross/c4ev3/build-glibc/elf/rtld-libc.a(rtld-_exit.os)
 .debug_line    0x0000000000016eeb      0x1c6 /opt/cross/c4ev3/build-glibc/elf/rtld-libc.a(rtld-getpid.os)
 .debug_line    0x00000000000170b1       0x62 /opt/cross/c4ev3/build-glibc/elf/rtld-libc.a(rtld-environ.os)
 .debug_line    0x0000000000017113      0x609 /opt/cross/c4ev3/build-glibc/elf/rtld-libc.a(rtld-sigaction.os)
 .debug_line    0x000000000001771c      0x180 /opt/cross/c4ev3/build-glibc/elf/rtld-libc.a(rtld-strchr.os)
 .debug_line    0x000000000001789c       0x69 /opt/cross/c4ev3/build-glibc/elf/rtld-libc.a(rtld-strcmp.os)
 .debug_line    0x0000000000017905      0x169 /opt/cross/c4ev3/build-glibc/elf/rtld-libc.a(rtld-strnlen.os)
 .debug_line    0x0000000000017a6e      0x197 /opt/cross/c4ev3/build-glibc/elf/rtld-libc.a(rtld-memchr.os)
 .debug_line    0x0000000000017c05      0x58d /opt/cross/c4ev3/build-glibc/elf/rtld-libc.a(rtld-memcmp.os)
 .debug_line    0x0000000000018192      0x167 /opt/cross/c4ev3/build-glibc/elf/rtld-libc.a(rtld-mempcpy.os)
 .debug_line    0x00000000000182f9       0x6c /opt/cross/c4ev3/build-glibc/elf/rtld-libc.a(rtld-stpcpy.os)
 .debug_line    0x0000000000018365      0x5c0 /opt/cross/c4ev3/build-glibc/elf/rtld-libc.a(rtld-wordcopy.os)
 .debug_line    0x0000000000018925      0x11e /opt/cross/c4ev3/build-glibc/elf/rtld-libc.a(rtld-rawmemchr.os)
 .debug_line    0x0000000000018a43       0x7e /opt/cross/lib/gcc/arm-linux-gnueabi/8.1.0/libgcc.a(_udivsi3.o)
 .debug_line    0x0000000000018ac1       0x8a /opt/cross/lib/gcc/arm-linux-gnueabi/8.1.0/libgcc.a(_divsi3.o)
 .debug_line    0x0000000000018b4b       0x61 /opt/cross/lib/gcc/arm-linux-gnueabi/8.1.0/libgcc.a(_aeabi_uldivmod.o)
 .debug_line    0x0000000000018bac       0x66 /opt/cross/lib/gcc/arm-linux-gnueabi/8.1.0/libgcc.a(_dvmd_lnx.o)
 .debug_line    0x0000000000018c12      0x201 /opt/cross/lib/gcc/arm-linux-gnueabi/8.1.0/libgcc.a(_udivmoddi4.o)
 .debug_line    0x0000000000018e13      0x3e4 /opt/cross/c4ev3/build-glibc/elf/rtld-libc.a(rtld-raise.os)

.debug_frame    0x0000000000000000     0x19d0
 *(.debug_frame)
 .debug_frame   0x0000000000000000     0x1488 /opt/cross/c4ev3/build-glibc/elf/dl-allobjs.os
 .debug_frame   0x0000000000001488       0x58 /opt/cross/c4ev3/build-glibc/elf/rtld-libc.a(rtld-check_fds.os)
 .debug_frame   0x00000000000014e0       0x50 /opt/cross/c4ev3/build-glibc/elf/rtld-libc.a(rtld-profil.os)
 .debug_frame   0x0000000000001530       0x20 /opt/cross/c4ev3/build-glibc/elf/rtld-libc.a(rtld-prof-freq.os)
 .debug_frame   0x0000000000001550       0x2c /opt/cross/c4ev3/build-glibc/elf/rtld-libc.a(rtld-xstat64.os)
 .debug_frame   0x000000000000157c       0x2c /opt/cross/c4ev3/build-glibc/elf/rtld-libc.a(rtld-fxstat64.os)
 .debug_frame   0x00000000000015a8       0x44 /opt/cross/c4ev3/build-glibc/elf/rtld-libc.a(rtld-fcntl.os)
 .debug_frame   0x00000000000015ec       0x28 /opt/cross/c4ev3/build-glibc/elf/rtld-libc.a(rtld-getcwd.os)
 .debug_frame   0x0000000000001614       0x20 /opt/cross/c4ev3/build-glibc/elf/rtld-libc.a(rtld-getpagesize.os)
 .debug_frame   0x0000000000001634       0x28 /opt/cross/c4ev3/build-glibc/elf/rtld-libc.a(rtld-_exit.os)
 .debug_frame   0x000000000000165c       0x2c /opt/cross/c4ev3/build-glibc/elf/rtld-libc.a(rtld-getpid.os)
 .debug_frame   0x0000000000001688       0x48 /opt/cross/c4ev3/build-glibc/elf/rtld-libc.a(rtld-sigaction.os)
 .debug_frame   0x00000000000016d0       0x48 /opt/cross/c4ev3/build-glibc/elf/rtld-libc.a(rtld-strchr.os)
 .debug_frame   0x0000000000001718       0x20 /opt/cross/c4ev3/build-glibc/elf/rtld-libc.a(rtld-strcmp.os)
 .debug_frame   0x0000000000001738       0x38 /opt/cross/c4ev3/build-glibc/elf/rtld-libc.a(rtld-strnlen.os)
 .debug_frame   0x0000000000001770       0x34 /opt/cross/c4ev3/build-glibc/elf/rtld-libc.a(rtld-memchr.os)
 .debug_frame   0x00000000000017a4       0x48 /opt/cross/c4ev3/build-glibc/elf/rtld-libc.a(rtld-memcmp.os)
 .debug_frame   0x00000000000017ec       0x30 /opt/cross/c4ev3/build-glibc/elf/rtld-libc.a(rtld-mempcpy.os)
 .debug_frame   0x000000000000181c       0x20 /opt/cross/c4ev3/build-glibc/elf/rtld-libc.a(rtld-stpcpy.os)
 .debug_frame   0x000000000000183c       0x74 /opt/cross/c4ev3/build-glibc/elf/rtld-libc.a(rtld-wordcopy.os)
 .debug_frame   0x00000000000018b0       0x28 /opt/cross/c4ev3/build-glibc/elf/rtld-libc.a(rtld-rawmemchr.os)
 .debug_frame   0x00000000000018d8       0x20 /opt/cross/lib/gcc/arm-linux-gnueabi/8.1.0/libgcc.a(_udivsi3.o)
 .debug_frame   0x00000000000018f8       0x20 /opt/cross/lib/gcc/arm-linux-gnueabi/8.1.0/libgcc.a(_divsi3.o)
 .debug_frame   0x0000000000001918       0x2c /opt/cross/lib/gcc/arm-linux-gnueabi/8.1.0/libgcc.a(_aeabi_uldivmod.o)
 .debug_frame   0x0000000000001944       0x28 /opt/cross/lib/gcc/arm-linux-gnueabi/8.1.0/libgcc.a(_dvmd_lnx.o)
 .debug_frame   0x000000000000196c       0x38 /opt/cross/lib/gcc/arm-linux-gnueabi/8.1.0/libgcc.a(_udivmoddi4.o)
 .debug_frame   0x00000000000019a4       0x2c /opt/cross/c4ev3/build-glibc/elf/rtld-libc.a(rtld-raise.os)

.debug_str      0x0000000000000000    0x47b3f
 *(.debug_str)
 .debug_str     0x0000000000000000    0x3a414 /opt/cross/c4ev3/build-glibc/elf/dl-allobjs.os
 .debug_str     0x000000000003a414      0x686 /opt/cross/c4ev3/build-glibc/elf/rtld-libc.a(rtld-check_fds.os)
 .debug_str     0x000000000003aa9a      0x446 /opt/cross/c4ev3/build-glibc/elf/rtld-libc.a(rtld-errno.os)
 .debug_str     0x000000000003aee0      0x651 /opt/cross/c4ev3/build-glibc/elf/rtld-libc.a(rtld-profil.os)
 .debug_str     0x000000000003b531     0x1ecb /opt/cross/c4ev3/build-glibc/elf/rtld-libc.a(rtld-prof-freq.os)
 .debug_str     0x000000000003d3fc      0x5a7 /opt/cross/c4ev3/build-glibc/elf/rtld-libc.a(rtld-xstat64.os)
 .debug_str     0x000000000003d9a3      0x5a4 /opt/cross/c4ev3/build-glibc/elf/rtld-libc.a(rtld-fxstat64.os)
 .debug_str     0x000000000003df47      0xfb6 /opt/cross/c4ev3/build-glibc/elf/rtld-libc.a(rtld-fcntl.os)
 .debug_str     0x000000000003eefd      0x52e /opt/cross/c4ev3/build-glibc/elf/rtld-libc.a(rtld-getcwd.os)
 .debug_str     0x000000000003f42b     0x1f45 /opt/cross/c4ev3/build-glibc/elf/rtld-libc.a(rtld-getpagesize.os)
 .debug_str     0x0000000000041370      0x4fa /opt/cross/c4ev3/build-glibc/elf/rtld-libc.a(rtld-_exit.os)
 .debug_str     0x000000000004186a      0x4c4 /opt/cross/c4ev3/build-glibc/elf/rtld-libc.a(rtld-getpid.os)
 .debug_str     0x0000000000041d2e      0x1bc /opt/cross/c4ev3/build-glibc/elf/rtld-libc.a(rtld-environ.os)
 .debug_str     0x0000000000041eea     0x231f /opt/cross/c4ev3/build-glibc/elf/rtld-libc.a(rtld-sigaction.os)
 .debug_str     0x0000000000044209      0x1a4 /opt/cross/c4ev3/build-glibc/elf/rtld-libc.a(rtld-strchr.os)
 .debug_str     0x00000000000443ad      0x13c /opt/cross/c4ev3/build-glibc/elf/rtld-libc.a(rtld-strcmp.os)
 .debug_str     0x00000000000444e9      0x1c0 /opt/cross/c4ev3/build-glibc/elf/rtld-libc.a(rtld-strnlen.os)
 .debug_str     0x00000000000446a9      0x1ad /opt/cross/c4ev3/build-glibc/elf/rtld-libc.a(rtld-memchr.os)
 .debug_str     0x0000000000044856      0x195 /opt/cross/c4ev3/build-glibc/elf/rtld-libc.a(rtld-memcmp.os)
 .debug_str     0x00000000000449eb      0x19c /opt/cross/c4ev3/build-glibc/elf/rtld-libc.a(rtld-mempcpy.os)
 .debug_str     0x0000000000044b87      0x143 /opt/cross/c4ev3/build-glibc/elf/rtld-libc.a(rtld-stpcpy.os)
 .debug_str     0x0000000000044cca      0x161 /opt/cross/c4ev3/build-glibc/elf/rtld-libc.a(rtld-wordcopy.os)
 .debug_str     0x0000000000044e2b      0x1ac /opt/cross/c4ev3/build-glibc/elf/rtld-libc.a(rtld-rawmemchr.os)
 .debug_str     0x0000000000044fd7       0x71 /opt/cross/lib/gcc/arm-linux-gnueabi/8.1.0/libgcc.a(_udivsi3.o)
 .debug_str     0x0000000000045048       0x71 /opt/cross/lib/gcc/arm-linux-gnueabi/8.1.0/libgcc.a(_divsi3.o)
 .debug_str     0x00000000000450b9       0x6d /opt/cross/lib/gcc/arm-linux-gnueabi/8.1.0/libgcc.a(_aeabi_uldivmod.o)
 .debug_str     0x0000000000045126       0x71 /opt/cross/lib/gcc/arm-linux-gnueabi/8.1.0/libgcc.a(_dvmd_lnx.o)
 .debug_str     0x0000000000045197     0x13ce /opt/cross/lib/gcc/arm-linux-gnueabi/8.1.0/libgcc.a(_udivmoddi4.o)
 .debug_str     0x0000000000046565     0x15da /opt/cross/c4ev3/build-glibc/elf/rtld-libc.a(rtld-raise.os)

.debug_loc      0x0000000000000000    0x1c2e1
 *(.debug_loc)
 .debug_loc     0x0000000000000000    0x189f8 /opt/cross/c4ev3/build-glibc/elf/dl-allobjs.os
 .debug_loc     0x00000000000189f8      0x146 /opt/cross/c4ev3/build-glibc/elf/rtld-libc.a(rtld-check_fds.os)
 .debug_loc     0x0000000000018b3e      0x23e /opt/cross/c4ev3/build-glibc/elf/rtld-libc.a(rtld-profil.os)
 .debug_loc     0x0000000000018d7c       0xab /opt/cross/c4ev3/build-glibc/elf/rtld-libc.a(rtld-xstat64.os)
 .debug_loc     0x0000000000018e27       0xab /opt/cross/c4ev3/build-glibc/elf/rtld-libc.a(rtld-fxstat64.os)
 .debug_loc     0x0000000000018ed2       0x57 /opt/cross/c4ev3/build-glibc/elf/rtld-libc.a(rtld-fcntl.os)
 .debug_loc     0x0000000000018f29      0x11f /opt/cross/c4ev3/build-glibc/elf/rtld-libc.a(rtld-getcwd.os)
 .debug_loc     0x0000000000019048       0x5b /opt/cross/c4ev3/build-glibc/elf/rtld-libc.a(rtld-_exit.os)
 .debug_loc     0x00000000000190a3       0x15 /opt/cross/c4ev3/build-glibc/elf/rtld-libc.a(rtld-getpid.os)
 .debug_loc     0x00000000000190b8      0x25a /opt/cross/c4ev3/build-glibc/elf/rtld-libc.a(rtld-sigaction.os)
 .debug_loc     0x0000000000019312      0x212 /opt/cross/c4ev3/build-glibc/elf/rtld-libc.a(rtld-strchr.os)
 .debug_loc     0x0000000000019524       0x8a /opt/cross/c4ev3/build-glibc/elf/rtld-libc.a(rtld-strcmp.os)
 .debug_loc     0x00000000000195ae      0x4ff /opt/cross/c4ev3/build-glibc/elf/rtld-libc.a(rtld-strnlen.os)
 .debug_loc     0x0000000000019aad      0x278 /opt/cross/c4ev3/build-glibc/elf/rtld-libc.a(rtld-memchr.os)
 .debug_loc     0x0000000000019d25     0x1498 /opt/cross/c4ev3/build-glibc/elf/rtld-libc.a(rtld-memcmp.os)
 .debug_loc     0x000000000001b1bd      0x1a6 /opt/cross/c4ev3/build-glibc/elf/rtld-libc.a(rtld-mempcpy.os)
 .debug_loc     0x000000000001b363       0xcb /opt/cross/c4ev3/build-glibc/elf/rtld-libc.a(rtld-stpcpy.os)
 .debug_loc     0x000000000001b42e      0xa17 /opt/cross/c4ev3/build-glibc/elf/rtld-libc.a(rtld-wordcopy.os)
 .debug_loc     0x000000000001be45      0x130 /opt/cross/c4ev3/build-glibc/elf/rtld-libc.a(rtld-rawmemchr.os)
 .debug_loc     0x000000000001bf75      0x1d2 /opt/cross/lib/gcc/arm-linux-gnueabi/8.1.0/libgcc.a(_udivmoddi4.o)
 .debug_loc     0x000000000001c147      0x19a /opt/cross/c4ev3/build-glibc/elf/rtld-libc.a(rtld-raise.os)

.debug_macinfo
 *(.debug_macinfo)

.debug_weaknames
 *(.debug_weaknames)

.debug_funcnames
 *(.debug_funcnames)

.debug_typenames
 *(.debug_typenames)

.debug_varnames
 *(.debug_varnames)

.debug_pubtypes
 *(.debug_pubtypes)

.debug_ranges   0x0000000000000000     0x4308
 *(.debug_ranges)
 .debug_ranges  0x0000000000000000     0x3f20 /opt/cross/c4ev3/build-glibc/elf/dl-allobjs.os
 .debug_ranges  0x0000000000003f20       0x18 /opt/cross/c4ev3/build-glibc/elf/rtld-libc.a(rtld-check_fds.os)
 .debug_ranges  0x0000000000003f38       0x30 /opt/cross/c4ev3/build-glibc/elf/rtld-libc.a(rtld-profil.os)
 .debug_ranges  0x0000000000003f68       0x38 /opt/cross/c4ev3/build-glibc/elf/rtld-libc.a(rtld-xstat64.os)
 .debug_ranges  0x0000000000003fa0       0x38 /opt/cross/c4ev3/build-glibc/elf/rtld-libc.a(rtld-fxstat64.os)
 .debug_ranges  0x0000000000003fd8       0x18 /opt/cross/c4ev3/build-glibc/elf/rtld-libc.a(rtld-fcntl.os)
 .debug_ranges  0x0000000000003ff0       0x58 /opt/cross/c4ev3/build-glibc/elf/rtld-libc.a(rtld-getcwd.os)
 .debug_ranges  0x0000000000004048       0x98 /opt/cross/c4ev3/build-glibc/elf/rtld-libc.a(rtld-_exit.os)
 .debug_ranges  0x00000000000040e0       0x18 /opt/cross/c4ev3/build-glibc/elf/rtld-libc.a(rtld-getpid.os)
 .debug_ranges  0x00000000000040f8       0xa0 /opt/cross/c4ev3/build-glibc/elf/rtld-libc.a(rtld-sigaction.os)
 .debug_ranges  0x0000000000004198       0x28 /opt/cross/c4ev3/build-glibc/elf/rtld-libc.a(rtld-strchr.os)
 .debug_ranges  0x00000000000041c0       0x20 /opt/cross/c4ev3/build-glibc/elf/rtld-libc.a(rtld-strnlen.os)
 .debug_ranges  0x00000000000041e0       0x20 /opt/cross/c4ev3/build-glibc/elf/rtld-libc.a(rtld-memchr.os)
 .debug_ranges  0x0000000000004200       0x90 /opt/cross/c4ev3/build-glibc/elf/rtld-libc.a(rtld-memcmp.os)
 .debug_ranges  0x0000000000004290       0x40 /opt/cross/c4ev3/build-glibc/elf/rtld-libc.a(rtld-mempcpy.os)
 .debug_ranges  0x00000000000042d0       0x20 /opt/cross/c4ev3/build-glibc/elf/rtld-libc.a(rtld-rawmemchr.os)
 .debug_ranges  0x00000000000042f0       0x18 /opt/cross/c4ev3/build-glibc/elf/rtld-libc.a(rtld-raise.os)

.debug_macro
 *(.debug_macro)

.debug_addr
 *(.debug_addr)

.gnu.attributes
 *(.gnu.attributes)

.note.gnu.arm.ident
 *(.note.gnu.arm.ident)
OUTPUT(/opt/cross/c4ev3/build-glibc/elf/librtld.os elf32-littlearm)
