Archive member included to satisfy reference by file (symbol)

/opt/cross/c4ev3/build-glibc/libc_pic.a(check_fds.os)
                              /opt/cross/c4ev3/build-glibc/elf/dl-allobjs.os (__libc_check_standard_fds)
/opt/cross/c4ev3/build-glibc/libc_pic.a(errno.os)
                              /opt/cross/c4ev3/build-glibc/libc_pic.a(check_fds.os) (__libc_errno)
/opt/cross/c4ev3/build-glibc/libc_pic.a(divdi3.os)
                              /opt/cross/c4ev3/build-glibc/libc_pic.a(check_fds.os) (__divdi3_internal)
/opt/cross/c4ev3/build-glibc/libc_pic.a(setjmp.os)
                              /opt/cross/c4ev3/build-glibc/elf/dl-allobjs.os (__sigsetjmp)
/opt/cross/c4ev3/build-glibc/libc_pic.a(__longjmp.os)
                              /opt/cross/c4ev3/build-glibc/elf/dl-allobjs.os (__longjmp)
/opt/cross/c4ev3/build-glibc/libc_pic.a(mp_clz_tab.os)
                              /opt/cross/c4ev3/build-glibc/libc_pic.a(divdi3.os) (__clz_tab)
/opt/cross/c4ev3/build-glibc/libc_pic.a(strchr.os)
                              /opt/cross/c4ev3/build-glibc/elf/dl-allobjs.os (strchr)
/opt/cross/c4ev3/build-glibc/libc_pic.a(strcmp.os)
                              /opt/cross/c4ev3/build-glibc/elf/dl-allobjs.os (strcmp)
/opt/cross/c4ev3/build-glibc/libc_pic.a(strlen.os)
                              /opt/cross/c4ev3/build-glibc/elf/dl-allobjs.os (strlen)
/opt/cross/c4ev3/build-glibc/libc_pic.a(strnlen.os)
                              /opt/cross/c4ev3/build-glibc/elf/dl-allobjs.os (strnlen)
/opt/cross/c4ev3/build-glibc/libc_pic.a(memchr.os)
                              /opt/cross/c4ev3/build-glibc/elf/dl-allobjs.os (memchr)
/opt/cross/c4ev3/build-glibc/libc_pic.a(memcmp.os)
                              /opt/cross/c4ev3/build-glibc/elf/dl-allobjs.os (memcmp)
/opt/cross/c4ev3/build-glibc/libc_pic.a(memmove.os)
                              /opt/cross/c4ev3/build-glibc/elf/dl-allobjs.os (memmove)
/opt/cross/c4ev3/build-glibc/libc_pic.a(memset.os)
                              /opt/cross/c4ev3/build-glibc/elf/dl-allobjs.os (memset)
/opt/cross/c4ev3/build-glibc/libc_pic.a(mempcpy.os)
                              /opt/cross/c4ev3/build-glibc/elf/dl-allobjs.os (__mempcpy)
/opt/cross/c4ev3/build-glibc/libc_pic.a(stpcpy.os)
                              /opt/cross/c4ev3/build-glibc/elf/dl-allobjs.os (__stpcpy)
/opt/cross/c4ev3/build-glibc/libc_pic.a(memcpy.os)
                              /opt/cross/c4ev3/build-glibc/elf/dl-allobjs.os (memcpy)
/opt/cross/c4ev3/build-glibc/libc_pic.a(wordcopy.os)
                              /opt/cross/c4ev3/build-glibc/libc_pic.a(mempcpy.os) (_wordcopy_fwd_aligned)
/opt/cross/c4ev3/build-glibc/libc_pic.a(rawmemchr.os)
                              /opt/cross/c4ev3/build-glibc/elf/dl-allobjs.os (rawmemchr)
/opt/cross/c4ev3/build-glibc/libc_pic.a(uname.os)
                              /opt/cross/c4ev3/build-glibc/elf/dl-allobjs.os (__uname)
/opt/cross/c4ev3/build-glibc/libc_pic.a(_exit.os)
                              /opt/cross/c4ev3/build-glibc/elf/dl-allobjs.os (_exit)
/opt/cross/c4ev3/build-glibc/libc_pic.a(getpid.os)
                              /opt/cross/c4ev3/build-glibc/elf/dl-allobjs.os (__getpid)
/opt/cross/c4ev3/build-glibc/libc_pic.a(environ.os)
                              /opt/cross/c4ev3/build-glibc/elf/dl-allobjs.os (__environ)
/opt/cross/c4ev3/build-glibc/libc_pic.a(xstat64.os)
                              /opt/cross/c4ev3/build-glibc/elf/dl-allobjs.os (__xstat64)
/opt/cross/c4ev3/build-glibc/libc_pic.a(fxstat64.os)
                              /opt/cross/c4ev3/build-glibc/elf/dl-allobjs.os (__fxstat64)
/opt/cross/c4ev3/build-glibc/libc_pic.a(open.os)
                              /opt/cross/c4ev3/build-glibc/elf/dl-allobjs.os (__open)
/opt/cross/c4ev3/build-glibc/libc_pic.a(close.os)
                              /opt/cross/c4ev3/build-glibc/elf/dl-allobjs.os (__close)
/opt/cross/c4ev3/build-glibc/libc_pic.a(read.os)
                              /opt/cross/c4ev3/build-glibc/elf/dl-allobjs.os (__libc_read)
/opt/cross/c4ev3/build-glibc/libc_pic.a(write.os)
                              /opt/cross/c4ev3/build-glibc/elf/dl-allobjs.os (__libc_write)
/opt/cross/c4ev3/build-glibc/libc_pic.a(lseek.os)
                              /opt/cross/c4ev3/build-glibc/elf/dl-allobjs.os (__lseek)
/opt/cross/c4ev3/build-glibc/libc_pic.a(access.os)
                              /opt/cross/c4ev3/build-glibc/elf/dl-allobjs.os (__access)
/opt/cross/c4ev3/build-glibc/libc_pic.a(fcntl.os)
                              /opt/cross/c4ev3/build-glibc/libc_pic.a(check_fds.os) (__libc_fcntl)
/opt/cross/c4ev3/build-glibc/libc_pic.a(getcwd.os)
                              /opt/cross/c4ev3/build-glibc/elf/dl-allobjs.os (__getcwd)
/opt/cross/c4ev3/build-glibc/libc_pic.a(getpagesize.os)
                              /opt/cross/c4ev3/build-glibc/libc_pic.a(getcwd.os) (__getpagesize)
/opt/cross/c4ev3/build-glibc/libc_pic.a(mmap.os)
                              /opt/cross/c4ev3/build-glibc/elf/dl-allobjs.os (__mmap)
/opt/cross/c4ev3/build-glibc/libc_pic.a(munmap.os)
                              /opt/cross/c4ev3/build-glibc/elf/dl-allobjs.os (__munmap)
/opt/cross/c4ev3/build-glibc/libc_pic.a(mprotect.os)
                              /opt/cross/c4ev3/build-glibc/elf/dl-allobjs.os (__mprotect)
/opt/cross/c4ev3/build-glibc/libc_pic.a(profil.os)
                              /opt/cross/c4ev3/build-glibc/elf/dl-allobjs.os (__profil)
/opt/cross/c4ev3/build-glibc/libc_pic.a(prof-freq.os)
                              /opt/cross/c4ev3/build-glibc/elf/dl-allobjs.os (__profile_frequency)
/opt/cross/c4ev3/build-glibc/libc_pic.a(libc-cancellation.os)
                              /opt/cross/c4ev3/build-glibc/libc_pic.a(open.os) (__libc_enable_asynccancel)
/opt/cross/c4ev3/build-glibc/libc_pic.a(libc_multiple_threads.os)
                              /opt/cross/c4ev3/build-glibc/libc_pic.a(open.os) (__libc_multiple_threads)
/opt/cross/c4ev3/build-glibc/libc_pic.a(sysdep.os)
                              /opt/cross/c4ev3/build-glibc/libc_pic.a(uname.os) (__syscall_error)
/opt/cross/c4ev3/build-glibc/libc_pic.a(sigaction.os)
                              /opt/cross/c4ev3/build-glibc/libc_pic.a(profil.os) (__sigaction)
/opt/cross/c4ev3/build-glibc/libc_pic.a(sigrestorer.os)
                              /opt/cross/c4ev3/build-glibc/libc_pic.a(sigaction.os) (__default_sa_restorer_v1)
/opt/cross/c4ev3/build-glibc/libc_pic.a(setitimer.os)
                              /opt/cross/c4ev3/build-glibc/libc_pic.a(profil.os) (__setitimer)
/opt/cross/c4ev3/build-glibc/libc_pic.a(forward.os)
                              /opt/cross/c4ev3/build-glibc/libc_pic.a(libc-cancellation.os) (__pthread_unwind)
/opt/cross/c4ev3/build-glibc/libc_pic.a(exit.os)
                              /opt/cross/c4ev3/build-glibc/libc_pic.a(forward.os) (exit)
/opt/cross/c4ev3/build-glibc/libc_pic.a(cxa_atexit.os)
                              /opt/cross/c4ev3/build-glibc/libc_pic.a(exit.os) (__exit_funcs)
/opt/cross/c4ev3/build-glibc/libc_pic.a(libc-lowlevellock.os)
                              /opt/cross/c4ev3/build-glibc/libc_pic.a(cxa_atexit.os) (__lll_lock_wait_private)
/opt/cross/lib/gcc/arm-linux-gnueabi/8.1.0/libgcc.a(_udivsi3.o)
                              /opt/cross/c4ev3/build-glibc/elf/dl-allobjs.os (__aeabi_uidiv)
/opt/cross/lib/gcc/arm-linux-gnueabi/8.1.0/libgcc.a(_divsi3.o)
                              /opt/cross/c4ev3/build-glibc/libc_pic.a(profil.os) (__aeabi_idiv)
/opt/cross/lib/gcc/arm-linux-gnueabi/8.1.0/libgcc.a(_aeabi_uldivmod.o)
                              /opt/cross/c4ev3/build-glibc/elf/dl-allobjs.os (__aeabi_uldivmod)
/opt/cross/lib/gcc/arm-linux-gnueabi/8.1.0/libgcc.a(_dvmd_lnx.o)
                              /opt/cross/lib/gcc/arm-linux-gnueabi/8.1.0/libgcc.a(_aeabi_uldivmod.o) (__aeabi_ldiv0)
/opt/cross/lib/gcc/arm-linux-gnueabi/8.1.0/libgcc.a(_udivmoddi4.o)
                              /opt/cross/lib/gcc/arm-linux-gnueabi/8.1.0/libgcc.a(_aeabi_uldivmod.o) (__udivmoddi4)
/opt/cross/c4ev3/build-glibc/libc_pic.a(raise.os)
                              /opt/cross/lib/gcc/arm-linux-gnueabi/8.1.0/libgcc.a(_dvmd_lnx.o) (raise)

Memory Configuration

Name             Origin             Length             Attributes
*default*        0x0000000000000000 0xffffffffffffffff

Linker script and memory map

START GROUP
LOAD /opt/cross/c4ev3/build-glibc/elf/dl-allobjs.os
LOAD /opt/cross/c4ev3/build-glibc/libc_pic.a
LOAD /opt/cross/lib/gcc/arm-linux-gnueabi/8.1.0/libgcc.a
END GROUP

.interp
 *(.interp)

.note.gnu.build-id
 *(.note.gnu.build-id)

.hash
 *(.hash)

.gnu.hash
 *(.gnu.hash)

.dynsym
 *(.dynsym)

.dynstr
 *(.dynstr)

.gnu.version
 *(.gnu.version)

.gnu.version_d
 *(.gnu.version_d)

.gnu.version_r
 *(.gnu.version_r)

.rel.init
 *(.rel.init)

.rela.init
 *(.rela.init)

.rel.text
 *(.rel.text)

.rela.text
 *(.rela.text)

.rel.fini
 *(.rel.fini)

.rela.fini
 *(.rela.fini)

.rel.rodata
 *(.rel.rodata)

.rela.rodata
 *(.rela.rodata)

.rel.data.rel.ro
 *(.rel.data.rel.ro)

.rela.data.rel.ro
 *(.rela.data.rel.ro)

.rel.data
 *(.rel.data)

.rela.data
 *(.rela.data)

.rel.tdata
 *(.rel.tdata)

.rela.tdata
 *(.rela.tdata)

.rel.tbss
 *(.rel.tbss)

.rela.tbss
 *(.rela.tbss)

.rel.ctors
 *(.rel.ctors)

.rela.ctors
 *(.rela.ctors)

.rel.dtors
 *(.rel.dtors)

.rela.dtors
 *(.rela.dtors)

.rel.got
 *(.rel.got)

.rela.got
 *(.rela.got)

.rel.bss
 *(.rel.bss)

.rela.bss
 *(.rela.bss)

.rel.iplt
 *(.rel.iplt)

.rela.iplt
 *(.rela.iplt)

.rel.plt
 *(.rel.plt)

.rela.plt
 *(.rela.plt)

.init
 *(SORT_NONE(.init))

.plt
 *(.plt)

.iplt
 *(.iplt)

.text           0x0000000000000000    0x18b14
 *(.text .stub)
 .text          0x0000000000000000    0x1511c /opt/cross/c4ev3/build-glibc/elf/dl-allobjs.os
                0x0000000000000000                _start
                0x0000000000000010                _dl_start_user
                0x00000000000000ac                _dl_initial_error_catch_tsd
                0x0000000000006be0                _dl_dst_count
                0x0000000000006cb4                _dl_dst_substitute
                0x00000000000071a8                _dl_init_paths
                0x0000000000007600                _dl_map_object
                0x0000000000008120                _dl_rtld_di_serinfo
                0x0000000000008310                _dl_cache_libcmp
                0x0000000000008400                _dl_load_cache_lookup
                0x0000000000008a30                _dl_unload_cache
                0x0000000000009040                _dl_lookup_symbol_x
                0x000000000000a190                _dl_setup_hash
                0x000000000000a244                _dl_new_object
                0x000000000000a654                _dl_allocate_static_tls
                0x000000000000a734                _dl_nothread_init_static_tls
                0x000000000000a7bc                _dl_protect_relro
                0x000000000000a83c                _dl_reloc_bad_type
                0x000000000000a8a8                _dl_relocate_object
                0x000000000000c2c4                _dl_map_object_deps
                0x000000000000d1fc                _dl_fixup
                0x000000000000d398                _dl_profile_fixup
                0x000000000000d888                _dl_call_pltexit
                0x000000000000d978                _dl_signal_error
                0x000000000000db60                _dl_signal_cerror
                0x000000000000dc2c                _dl_catch_error
                0x000000000000dd00                _dl_receive_error
                0x000000000000de90                _dl_init_internal
                0x000000000000de90                _dl_init
                0x000000000000dfa4                _dl_sort_fini
                0x000000000000e1c8                _dl_fini
                0x000000000000e690                _dl_debug_state
                0x000000000000e694                _dl_debug_initialize
                0x000000000000eb80                _dl_sysdep_read_whole_file
                0x000000000000ec10                _dl_debug_printf
                0x000000000000ec54                _dl_debug_printf_c
                0x000000000000ec98                _dl_dprintf
                0x000000000000eccc                _dl_name_match_p
                0x000000000000f0e8                _dl_check_map_versions
                0x000000000000f56c                _dl_check_all_versions
                0x000000000000f5d8                _dl_start_profile
                0x000000000000fcd8                _dl_mcount
                0x000000000000fcd8                _dl_mcount_internal
                0x00000000000101b4                _dl_resolve_conflicts
                0x00000000000104e0                _dl_next_tls_modid
                0x00000000000105f8                _dl_determine_tlsoffset
                0x00000000000107f0                _dl_tls_setup
                0x00000000000108b4                _dl_get_tls_static_info
                0x00000000000108d4                _dl_allocate_tls_storage
                0x0000000000010960                _dl_allocate_tls_init
                0x0000000000010b38                _dl_allocate_tls
                0x0000000000010b5c                _dl_deallocate_tls
                0x0000000000010c04                _dl_update_slotinfo
                0x0000000000010eb8                __tls_get_addr
                0x0000000000011028                _dl_tls_get_addr_soft
                0x00000000000110c0                _dl_add_to_slotinfo
                0x00000000000111d4                _dl_get_origin
                0x000000000001138c                _dl_make_stack_executable
                0x000000000001144c                _dl_check_caller
                0x0000000000011884                _dl_scope_free
                0x0000000000012240                _dl_open
                0x0000000000012564                _dl_addr_inside_object
                0x0000000000012738                _dl_close_worker
                0x000000000001362c                _dl_close
                0x00000000000136e8                _dl_runtime_resolve
                0x000000000001370c                _dl_runtime_profile
                0x00000000000137d0                _dl_sysdep_start
                0x0000000000013bb0                _dl_sysdep_start_cleanup
                0x0000000000013bb4                _dl_show_auxv
                0x0000000000013da8                _dl_important_hwcaps
                0x00000000000145ec                _dl_discover_osversion
                0x00000000000147ec                _dl_next_ld_env_entry
                0x0000000000014844                unsetenv
                0x00000000000148d8                __libc_memalign
                0x0000000000014a20                malloc
                0x0000000000014a2c                calloc
                0x0000000000014a7c                free
                0x0000000000014ab0                __sigjmp_save
                0x0000000000014ac0                __assert_fail
                0x0000000000014b20                realloc
                0x0000000000014ba0                __strtoul_internal
                0x0000000000014d28                _itoa
                0x0000000000014dc4                __strerror_r
                0x0000000000014ed4                __assert_perror_fail
                0x0000000000014f48                strsep
                0x0000000000014f48                __strsep_g
                0x0000000000014f48                __strsep
                0x0000000000014ff0                __chk_fail
                0x0000000000015000                __aeabi_read_tp
                0x0000000000015008                brk
                0x0000000000015008                __brk
                0x0000000000015090                sbrk
                0x0000000000015090                __sbrk
                0x0000000000015110                __aeabi_unwind_cpp_pr0
                0x0000000000015114                __aeabi_unwind_cpp_pr1
                0x0000000000015118                __aeabi_unwind_cpp_pr2
 .text          0x000000000001511c      0x134 /opt/cross/c4ev3/build-glibc/libc_pic.a(check_fds.os)
                0x0000000000015220                __libc_check_standard_fds
 .text          0x0000000000015250        0x0 /opt/cross/c4ev3/build-glibc/libc_pic.a(errno.os)
 .text          0x0000000000015250      0x6a4 /opt/cross/c4ev3/build-glibc/libc_pic.a(divdi3.os)
                0x00000000000157bc                __divdi3_internal
                0x00000000000157bc                __divdi3
                0x0000000000015844                __moddi3_internal
                0x0000000000015844                __moddi3
                0x00000000000158b4                __udivdi3_internal
                0x00000000000158b4                __udivdi3
                0x00000000000158d0                __umoddi3
                0x00000000000158d0                __umoddi3_internal
 *fill*         0x00000000000158f4        0xc 
 .text          0x0000000000015900       0x5c /opt/cross/c4ev3/build-glibc/libc_pic.a(setjmp.os)
                0x0000000000015900                __sigsetjmp
 *fill*         0x000000000001595c        0x4 
 .text          0x0000000000015960       0x64 /opt/cross/c4ev3/build-glibc/libc_pic.a(__longjmp.os)
                0x0000000000015960                __longjmp
 .text          0x00000000000159c4        0x0 /opt/cross/c4ev3/build-glibc/libc_pic.a(mp_clz_tab.os)
 .text          0x00000000000159c4      0x120 /opt/cross/c4ev3/build-glibc/libc_pic.a(strchr.os)
                0x00000000000159c4                index
                0x00000000000159c4                strchr
 .text          0x0000000000015ae4       0x28 /opt/cross/c4ev3/build-glibc/libc_pic.a(strcmp.os)
                0x0000000000015ae4                strcmp
 *fill*         0x0000000000015b0c        0x4 
 .text          0x0000000000015b10       0x60 /opt/cross/c4ev3/build-glibc/libc_pic.a(strlen.os)
                0x0000000000015b10                strlen
 .text          0x0000000000015b70      0x12c /opt/cross/c4ev3/build-glibc/libc_pic.a(strnlen.os)
                0x0000000000015b70                __strnlen
                0x0000000000015b70                strnlen
 .text          0x0000000000015c9c      0x168 /opt/cross/c4ev3/build-glibc/libc_pic.a(memchr.os)
                0x0000000000015c9c                memchr
                0x0000000000015c9c                __memchr
 .text          0x0000000000015e04      0x3e0 /opt/cross/c4ev3/build-glibc/libc_pic.a(memcmp.os)
                0x0000000000015e04                bcmp
                0x0000000000015e04                memcmp
 *fill*         0x00000000000161e4        0xc 
 .text          0x00000000000161f0      0x2ac /opt/cross/c4ev3/build-glibc/libc_pic.a(memmove.os)
                0x00000000000161f0                memmove
 *fill*         0x000000000001649c        0x4 
 .text          0x00000000000164a0       0x88 /opt/cross/c4ev3/build-glibc/libc_pic.a(memset.os)
                0x00000000000164a0                memset
 .text          0x0000000000016528       0xac /opt/cross/c4ev3/build-glibc/libc_pic.a(mempcpy.os)
                0x0000000000016528                mempcpy
                0x0000000000016528                __mempcpy
 .text          0x00000000000165d4       0x20 /opt/cross/c4ev3/build-glibc/libc_pic.a(stpcpy.os)
                0x00000000000165d4                stpcpy
                0x00000000000165d4                __stpcpy
 *fill*         0x00000000000165f4        0xc 
 .text          0x0000000000016600      0x29c /opt/cross/c4ev3/build-glibc/libc_pic.a(memcpy.os)
                0x0000000000016600                memcpy
 .text          0x000000000001689c      0x41c /opt/cross/c4ev3/build-glibc/libc_pic.a(wordcopy.os)
                0x000000000001689c                _wordcopy_fwd_aligned
                0x00000000000169dc                _wordcopy_fwd_dest_aligned
                0x0000000000016ac8                _wordcopy_bwd_aligned
                0x0000000000016be0                _wordcopy_bwd_dest_aligned
 .text          0x0000000000016cb8       0xcc /opt/cross/c4ev3/build-glibc/libc_pic.a(rawmemchr.os)
                0x0000000000016cb8                __rawmemchr
                0x0000000000016cb8                rawmemchr
 *fill*         0x0000000000016d84        0xc 
 .text          0x0000000000016d90       0x1c /opt/cross/c4ev3/build-glibc/libc_pic.a(uname.os)
                0x0000000000016d90                uname
                0x0000000000016d90                __uname
 .text          0x0000000000016dac       0x74 /opt/cross/c4ev3/build-glibc/libc_pic.a(_exit.os)
                0x0000000000016dac                _Exit
                0x0000000000016dac                _exit
 .text          0x0000000000016e20       0x4c /opt/cross/c4ev3/build-glibc/libc_pic.a(getpid.os)
                0x0000000000016e20                __getpid
                0x0000000000016e20                getpid
 .text          0x0000000000016e6c        0x0 /opt/cross/c4ev3/build-glibc/libc_pic.a(environ.os)
 .text          0x0000000000016e6c       0x48 /opt/cross/c4ev3/build-glibc/libc_pic.a(xstat64.os)
                0x0000000000016e6c                ___xstat64
                0x0000000000016e6c                __xstat64
 .text          0x0000000000016eb4       0x48 /opt/cross/c4ev3/build-glibc/libc_pic.a(fxstat64.os)
                0x0000000000016eb4                ___fxstat64
                0x0000000000016eb4                __fxstat64
 *fill*         0x0000000000016efc        0x4 
 .text          0x0000000000016f00       0x84 /opt/cross/c4ev3/build-glibc/libc_pic.a(open.os)
                0x0000000000016f04                __open_nocancel
                0x0000000000016f20                __open
                0x0000000000016f20                __libc_open
                0x0000000000016f20                open
 *fill*         0x0000000000016f84        0xc 
 .text          0x0000000000016f90       0x84 /opt/cross/c4ev3/build-glibc/libc_pic.a(close.os)
                0x0000000000016f94                __close_nocancel
                0x0000000000016fb0                __libc_close
                0x0000000000016fb0                __close
                0x0000000000016fb0                close
 *fill*         0x0000000000017014        0xc 
 .text          0x0000000000017020       0x84 /opt/cross/c4ev3/build-glibc/libc_pic.a(read.os)
                0x0000000000017024                __read_nocancel
                0x0000000000017040                __read
                0x0000000000017040                __libc_read
                0x0000000000017040                read
 *fill*         0x00000000000170a4        0xc 
 .text          0x00000000000170b0       0x84 /opt/cross/c4ev3/build-glibc/libc_pic.a(write.os)
                0x00000000000170b4                __write_nocancel
                0x00000000000170d0                __write
                0x00000000000170d0                write
                0x00000000000170d0                __libc_write
 *fill*         0x0000000000017134        0xc 
 .text          0x0000000000017140       0x1c /opt/cross/c4ev3/build-glibc/libc_pic.a(lseek.os)
                0x0000000000017140                lseek
                0x0000000000017140                __lseek
                0x0000000000017140                __libc_lseek
 *fill*         0x000000000001715c        0x4 
 .text          0x0000000000017160       0x1c /opt/cross/c4ev3/build-glibc/libc_pic.a(access.os)
                0x0000000000017160                access
                0x0000000000017160                __access
 .text          0x000000000001717c      0x14c /opt/cross/c4ev3/build-glibc/libc_pic.a(fcntl.os)
                0x000000000001717c                __fcntl_nocancel
                0x00000000000171e0                __libc_fcntl
                0x00000000000171e0                __fcntl
                0x00000000000171e0                fcntl
 .text          0x00000000000172c8      0x15c /opt/cross/c4ev3/build-glibc/libc_pic.a(getcwd.os)
                0x00000000000172c8                __getcwd
                0x00000000000172c8                getcwd
 .text          0x0000000000017424       0x28 /opt/cross/c4ev3/build-glibc/libc_pic.a(getpagesize.os)
                0x0000000000017424                getpagesize
                0x0000000000017424                __getpagesize
 *fill*         0x000000000001744c        0x4 
 .text          0x0000000000017450       0x48 /opt/cross/c4ev3/build-glibc/libc_pic.a(mmap.os)
                0x0000000000017450                __mmap
                0x0000000000017450                mmap
 *fill*         0x0000000000017498        0x8 
 .text          0x00000000000174a0       0x1c /opt/cross/c4ev3/build-glibc/libc_pic.a(munmap.os)
                0x00000000000174a0                munmap
                0x00000000000174a0                __munmap
 *fill*         0x00000000000174bc        0x4 
 .text          0x00000000000174c0       0x1c /opt/cross/c4ev3/build-glibc/libc_pic.a(mprotect.os)
                0x00000000000174c0                __mprotect
                0x00000000000174c0                mprotect
 .text          0x00000000000174dc      0x1cc /opt/cross/c4ev3/build-glibc/libc_pic.a(profil.os)
                0x0000000000017530                __profil
                0x0000000000017530                profil
 .text          0x00000000000176a8       0x20 /opt/cross/c4ev3/build-glibc/libc_pic.a(prof-freq.os)
                0x00000000000176a8                __profile_frequency
 .text          0x00000000000176c8      0x164 /opt/cross/c4ev3/build-glibc/libc_pic.a(libc-cancellation.os)
                0x00000000000176c8                __libc_cleanup_routine
                0x00000000000176e0                __libc_enable_asynccancel
                0x00000000000177cc                __libc_disable_asynccancel
 .text          0x000000000001782c        0x0 /opt/cross/c4ev3/build-glibc/libc_pic.a(libc_multiple_threads.os)
 *fill*         0x000000000001782c        0x4 
 .text          0x0000000000017830       0x30 /opt/cross/c4ev3/build-glibc/libc_pic.a(sysdep.os)
                0x0000000000017830                __syscall_error
 .text          0x0000000000017860      0x1d0 /opt/cross/c4ev3/build-glibc/libc_pic.a(sigaction.os)
                0x0000000000017860                __libc_sigaction
                0x00000000000179fc                sigaction
                0x00000000000179fc                __sigaction
 .text          0x0000000000017a30       0x48 /opt/cross/c4ev3/build-glibc/libc_pic.a(sigrestorer.os)
                0x0000000000017a40                __default_sa_restorer_v1
                0x0000000000017a50                __default_sa_restorer_v2
                0x0000000000017a60                __default_rt_sa_restorer_v1
                0x0000000000017a70                __default_rt_sa_restorer_v2
 *fill*         0x0000000000017a78        0x8 
 .text          0x0000000000017a80       0x1c /opt/cross/c4ev3/build-glibc/libc_pic.a(setitimer.os)
                0x0000000000017a80                setitimer
                0x0000000000017a80                __setitimer
 .text          0x0000000000017a9c      0x644 /opt/cross/c4ev3/build-glibc/libc_pic.a(forward.os)
                0x0000000000017a9c                pthread_equal
                0x0000000000017ad0                pthread_attr_destroy
                0x0000000000017b04                __pthread_attr_init_2_1
                0x0000000000017b04                pthread_attr_init
                0x0000000000017b38                pthread_attr_getdetachstate
                0x0000000000017b6c                pthread_attr_setdetachstate
                0x0000000000017ba0                pthread_attr_getinheritsched
                0x0000000000017bd4                pthread_attr_setinheritsched
                0x0000000000017c08                pthread_attr_getschedparam
                0x0000000000017c3c                pthread_attr_setschedparam
                0x0000000000017c70                pthread_attr_getschedpolicy
                0x0000000000017ca4                pthread_attr_setschedpolicy
                0x0000000000017cd8                pthread_attr_getscope
                0x0000000000017d0c                pthread_attr_setscope
                0x0000000000017d40                pthread_condattr_destroy
                0x0000000000017d74                pthread_condattr_init
                0x0000000000017da8                pthread_cond_broadcast
                0x0000000000017da8                __pthread_cond_broadcast
                0x0000000000017ddc                __pthread_cond_destroy
                0x0000000000017ddc                pthread_cond_destroy
                0x0000000000017e10                pthread_cond_init
                0x0000000000017e10                __pthread_cond_init
                0x0000000000017e44                __pthread_cond_signal
                0x0000000000017e44                pthread_cond_signal
                0x0000000000017e78                pthread_cond_wait
                0x0000000000017e78                __pthread_cond_wait
                0x0000000000017eac                pthread_cond_timedwait
                0x0000000000017eac                __pthread_cond_timedwait
                0x0000000000017ee0                __pthread_exit
                0x0000000000017ee0                pthread_exit
                0x0000000000017f18                pthread_getschedparam
                0x0000000000017f4c                pthread_setschedparam
                0x0000000000017f80                pthread_mutex_destroy
                0x0000000000017fb4                pthread_mutex_init
                0x0000000000017fe8                pthread_mutex_lock
                0x000000000001801c                pthread_mutex_unlock
                0x0000000000018050                pthread_self
                0x0000000000018078                pthread_setcancelstate
                0x00000000000180ac                pthread_setcanceltype
 .text          0x00000000000180e0      0x11c /opt/cross/c4ev3/build-glibc/libc_pic.a(exit.os)
                0x00000000000180e0                exit
 .text          0x00000000000181fc      0x218 /opt/cross/c4ev3/build-glibc/libc_pic.a(cxa_atexit.os)
                0x00000000000181fc                __new_exitfn
                0x00000000000183d4                __cxa_atexit_internal
                0x00000000000183d4                __cxa_atexit
 .text          0x0000000000018414       0x70 /opt/cross/c4ev3/build-glibc/libc_pic.a(libc-lowlevellock.os)
                0x0000000000018414                __lll_lock_wait_private
 .text          0x0000000000018484      0x20c /opt/cross/lib/gcc/arm-linux-gnueabi/8.1.0/libgcc.a(_udivsi3.o)
                0x0000000000018484                __udivsi3
                0x0000000000018484                __aeabi_uidiv
                0x0000000000018670                __aeabi_uidivmod
 .text          0x0000000000018690      0x240 /opt/cross/lib/gcc/arm-linux-gnueabi/8.1.0/libgcc.a(_divsi3.o)
                0x0000000000018690                __aeabi_idiv
                0x0000000000018690                __divsi3
                0x00000000000188b0                __aeabi_idivmod
 .text          0x00000000000188d0       0x3c /opt/cross/lib/gcc/arm-linux-gnueabi/8.1.0/libgcc.a(_aeabi_uldivmod.o)
                0x00000000000188d0                __aeabi_uldivmod
 .text          0x000000000001890c       0x10 /opt/cross/lib/gcc/arm-linux-gnueabi/8.1.0/libgcc.a(_dvmd_lnx.o)
                0x000000000001890c                __aeabi_ldiv0
                0x000000000001890c                __aeabi_idiv0
 .text          0x000000000001891c      0x12c /opt/cross/lib/gcc/arm-linux-gnueabi/8.1.0/libgcc.a(_udivmoddi4.o)
                0x000000000001891c                __udivmoddi4
 .text          0x0000000000018a48       0xcc /opt/cross/c4ev3/build-glibc/libc_pic.a(raise.os)
                0x0000000000018a48                gsignal
                0x0000000000018a48                raise
 *(.gnu.warning)

__libc_freeres_fn
                0x0000000000000000      0x148
 __libc_freeres_fn
                0x0000000000000000      0x148 /opt/cross/c4ev3/build-glibc/elf/dl-allobjs.os

.text.compat    0x0000000000000000       0x44
 .text.compat   0x0000000000000000       0x44 /opt/cross/c4ev3/build-glibc/libc_pic.a(forward.os)
                0x0000000000000000                __pthread_unwind

.fini
 *(SORT_NONE(.fini))

.rodata         0x0000000000000000      0x82c
 *(.rodata)
 .rodata        0x0000000000000000      0x72c /opt/cross/c4ev3/build-glibc/elf/dl-allobjs.os
                0x000000000000071c                _itoa_lower_digits_internal
 .rodata        0x000000000000072c      0x100 /opt/cross/c4ev3/build-glibc/libc_pic.a(mp_clz_tab.os)
                0x000000000000072c                __clz_tab

.rodata.str1.4  0x0000000000000000     0x332d
 .rodata.str1.4
                0x0000000000000000     0x327c /opt/cross/c4ev3/build-glibc/elf/dl-allobjs.os
 .rodata.str1.4
                0x000000000000327c       0x16 /opt/cross/c4ev3/build-glibc/libc_pic.a(check_fds.os)
 *fill*         0x0000000000003292        0x2 
 .rodata.str1.4
                0x0000000000003294       0x65 /opt/cross/c4ev3/build-glibc/libc_pic.a(getcwd.os)
 *fill*         0x00000000000032f9        0x3 
 .rodata.str1.4
                0x00000000000032fc       0x31 /opt/cross/c4ev3/build-glibc/libc_pic.a(cxa_atexit.os)

.rodata.cst4    0x0000000000000000        0x4
 .rodata.cst4   0x0000000000000000        0x4 /opt/cross/c4ev3/build-glibc/elf/dl-allobjs.os

.ARM.extab.text.compat
                0x0000000000000000        0x0
 .ARM.extab.text.compat
                0x0000000000000000        0x0 /opt/cross/c4ev3/build-glibc/libc_pic.a(forward.os)

.ARM.exidx.text.compat
                0x0000000000000000       0x10
 .ARM.exidx.text.compat
                0x0000000000000000       0x10 /opt/cross/c4ev3/build-glibc/libc_pic.a(forward.os)
                                          0x8 (size before relaxing)

.rodata1
 *(.rodata1)

.ARM.extab      0x0000000000000000       0x48
 *(.ARM.extab)
 .ARM.extab     0x0000000000000000        0x0 /opt/cross/c4ev3/build-glibc/elf/dl-allobjs.os
 .ARM.extab     0x0000000000000000        0x0 /opt/cross/c4ev3/build-glibc/libc_pic.a(open.os)
 .ARM.extab     0x0000000000000000        0x0 /opt/cross/c4ev3/build-glibc/libc_pic.a(close.os)
 .ARM.extab     0x0000000000000000        0x0 /opt/cross/c4ev3/build-glibc/libc_pic.a(read.os)
 .ARM.extab     0x0000000000000000        0x0 /opt/cross/c4ev3/build-glibc/libc_pic.a(write.os)
 .ARM.extab     0x0000000000000000       0x18 /opt/cross/c4ev3/build-glibc/libc_pic.a(fcntl.os)
 .ARM.extab     0x0000000000000018        0x0 /opt/cross/c4ev3/build-glibc/libc_pic.a(libc-cancellation.os)
 .ARM.extab     0x0000000000000018       0x30 /opt/cross/c4ev3/build-glibc/libc_pic.a(sigrestorer.os)
 .ARM.extab     0x0000000000000048        0x0 /opt/cross/c4ev3/build-glibc/libc_pic.a(forward.os)
 .ARM.extab     0x0000000000000048        0x0 /opt/cross/lib/gcc/arm-linux-gnueabi/8.1.0/libgcc.a(_udivmoddi4.o)

.ARM.exidx      0x0000000000000000      0x208
 *(.ARM.exidx)
 .ARM.exidx     0x0000000000000000       0x48 /opt/cross/c4ev3/build-glibc/elf/dl-allobjs.os
 .ARM.exidx     0x0000000000000048       0x18 /opt/cross/c4ev3/build-glibc/libc_pic.a(open.os)
                                         0x10 (size before relaxing)
 .ARM.exidx     0x0000000000000060       0x18 /opt/cross/c4ev3/build-glibc/libc_pic.a(close.os)
                                         0x10 (size before relaxing)
 .ARM.exidx     0x0000000000000078       0x18 /opt/cross/c4ev3/build-glibc/libc_pic.a(read.os)
                                         0x10 (size before relaxing)
 .ARM.exidx     0x0000000000000090       0x18 /opt/cross/c4ev3/build-glibc/libc_pic.a(write.os)
                                         0x10 (size before relaxing)
 .ARM.exidx     0x00000000000000a8       0x18 /opt/cross/c4ev3/build-glibc/libc_pic.a(fcntl.os)
                                         0x10 (size before relaxing)
 .ARM.exidx     0x00000000000000c0       0x20 /opt/cross/c4ev3/build-glibc/libc_pic.a(libc-cancellation.os)
                                         0x18 (size before relaxing)
 .ARM.exidx     0x00000000000000e0       0x28 /opt/cross/c4ev3/build-glibc/libc_pic.a(sigrestorer.os)
                                         0x20 (size before relaxing)
 .ARM.exidx     0x0000000000000108       0xf8 /opt/cross/c4ev3/build-glibc/libc_pic.a(forward.os)
 .ARM.exidx     0x0000000000000200        0x8 /opt/cross/lib/gcc/arm-linux-gnueabi/8.1.0/libgcc.a(_udivmoddi4.o)

.eh_frame_hdr
 *(.eh_frame_hdr)

.eh_frame       0x0000000000000000       0x7c
 *(.eh_frame)
 .eh_frame      0x0000000000000000       0x7c /opt/cross/c4ev3/build-glibc/elf/dl-allobjs.os

.gcc_except_table
 *(.gcc_except_table .gcc_except_table.*)

.gnu_extab
 *(.gnu_extab*)

.exception_ranges
 *(.exception_ranges .exception_ranges*)

.eh_frame
 *(.eh_frame)

.gnu_extab
 *(.gnu_extab)

.gcc_except_table
 *(.gcc_except_table .gcc_except_table.*)

.exception_ranges
 *(.exception_ranges .exception_ranges*)

.tdata
 *(.tdata)

.tbss           0x0000000000000000        0x4
 *(.tbss)
 .tbss          0x0000000000000000        0x4 /opt/cross/c4ev3/build-glibc/libc_pic.a(errno.os)
                0x0000000000000000                errno
                0x0000000000000000                __libc_errno

.jcr
 *(.jcr)

.dynamic
 *(.dynamic)

.got
 *(.got.plt)
 *(.igot.plt)
 *(.got)
 *(.igot)

.data           0x0000000000000000      0x588
 *(.data)
 .data          0x0000000000000000      0x588 /opt/cross/c4ev3/build-glibc/elf/dl-allobjs.os
                0x0000000000000000                _rtld_global
                0x0000000000000000                _rtld_local
 .data          0x0000000000000588        0x0 /opt/cross/c4ev3/build-glibc/libc_pic.a(check_fds.os)
 .data          0x0000000000000588        0x0 /opt/cross/c4ev3/build-glibc/libc_pic.a(errno.os)
 .data          0x0000000000000588        0x0 /opt/cross/c4ev3/build-glibc/libc_pic.a(divdi3.os)
 .data          0x0000000000000588        0x0 /opt/cross/c4ev3/build-glibc/libc_pic.a(setjmp.os)
 .data          0x0000000000000588        0x0 /opt/cross/c4ev3/build-glibc/libc_pic.a(__longjmp.os)
 .data          0x0000000000000588        0x0 /opt/cross/c4ev3/build-glibc/libc_pic.a(mp_clz_tab.os)
 .data          0x0000000000000588        0x0 /opt/cross/c4ev3/build-glibc/libc_pic.a(strchr.os)
 .data          0x0000000000000588        0x0 /opt/cross/c4ev3/build-glibc/libc_pic.a(strcmp.os)
 .data          0x0000000000000588        0x0 /opt/cross/c4ev3/build-glibc/libc_pic.a(strlen.os)
 .data          0x0000000000000588        0x0 /opt/cross/c4ev3/build-glibc/libc_pic.a(strnlen.os)
 .data          0x0000000000000588        0x0 /opt/cross/c4ev3/build-glibc/libc_pic.a(memchr.os)
 .data          0x0000000000000588        0x0 /opt/cross/c4ev3/build-glibc/libc_pic.a(memcmp.os)
 .data          0x0000000000000588        0x0 /opt/cross/c4ev3/build-glibc/libc_pic.a(memmove.os)
 .data          0x0000000000000588        0x0 /opt/cross/c4ev3/build-glibc/libc_pic.a(memset.os)
 .data          0x0000000000000588        0x0 /opt/cross/c4ev3/build-glibc/libc_pic.a(mempcpy.os)
 .data          0x0000000000000588        0x0 /opt/cross/c4ev3/build-glibc/libc_pic.a(stpcpy.os)
 .data          0x0000000000000588        0x0 /opt/cross/c4ev3/build-glibc/libc_pic.a(memcpy.os)
 .data          0x0000000000000588        0x0 /opt/cross/c4ev3/build-glibc/libc_pic.a(wordcopy.os)
 .data          0x0000000000000588        0x0 /opt/cross/c4ev3/build-glibc/libc_pic.a(rawmemchr.os)
 .data          0x0000000000000588        0x0 /opt/cross/c4ev3/build-glibc/libc_pic.a(uname.os)
 .data          0x0000000000000588        0x0 /opt/cross/c4ev3/build-glibc/libc_pic.a(_exit.os)
 .data          0x0000000000000588        0x0 /opt/cross/c4ev3/build-glibc/libc_pic.a(getpid.os)
 .data          0x0000000000000588        0x0 /opt/cross/c4ev3/build-glibc/libc_pic.a(environ.os)
 .data          0x0000000000000588        0x0 /opt/cross/c4ev3/build-glibc/libc_pic.a(xstat64.os)
 .data          0x0000000000000588        0x0 /opt/cross/c4ev3/build-glibc/libc_pic.a(fxstat64.os)
 .data          0x0000000000000588        0x0 /opt/cross/c4ev3/build-glibc/libc_pic.a(open.os)
 .data          0x0000000000000588        0x0 /opt/cross/c4ev3/build-glibc/libc_pic.a(close.os)
 .data          0x0000000000000588        0x0 /opt/cross/c4ev3/build-glibc/libc_pic.a(read.os)
 .data          0x0000000000000588        0x0 /opt/cross/c4ev3/build-glibc/libc_pic.a(write.os)
 .data          0x0000000000000588        0x0 /opt/cross/c4ev3/build-glibc/libc_pic.a(lseek.os)
 .data          0x0000000000000588        0x0 /opt/cross/c4ev3/build-glibc/libc_pic.a(access.os)
 .data          0x0000000000000588        0x0 /opt/cross/c4ev3/build-glibc/libc_pic.a(fcntl.os)
 .data          0x0000000000000588        0x0 /opt/cross/c4ev3/build-glibc/libc_pic.a(getcwd.os)
 .data          0x0000000000000588        0x0 /opt/cross/c4ev3/build-glibc/libc_pic.a(getpagesize.os)
 .data          0x0000000000000588        0x0 /opt/cross/c4ev3/build-glibc/libc_pic.a(mmap.os)
 .data          0x0000000000000588        0x0 /opt/cross/c4ev3/build-glibc/libc_pic.a(munmap.os)
 .data          0x0000000000000588        0x0 /opt/cross/c4ev3/build-glibc/libc_pic.a(mprotect.os)
 .data          0x0000000000000588        0x0 /opt/cross/c4ev3/build-glibc/libc_pic.a(profil.os)
 .data          0x0000000000000588        0x0 /opt/cross/c4ev3/build-glibc/libc_pic.a(prof-freq.os)
 .data          0x0000000000000588        0x0 /opt/cross/c4ev3/build-glibc/libc_pic.a(libc-cancellation.os)
 .data          0x0000000000000588        0x0 /opt/cross/c4ev3/build-glibc/libc_pic.a(libc_multiple_threads.os)
 .data          0x0000000000000588        0x0 /opt/cross/c4ev3/build-glibc/libc_pic.a(sysdep.os)
 .data          0x0000000000000588        0x0 /opt/cross/c4ev3/build-glibc/libc_pic.a(sigaction.os)
 .data          0x0000000000000588        0x0 /opt/cross/c4ev3/build-glibc/libc_pic.a(sigrestorer.os)
 .data          0x0000000000000588        0x0 /opt/cross/c4ev3/build-glibc/libc_pic.a(setitimer.os)
 .data          0x0000000000000588        0x0 /opt/cross/c4ev3/build-glibc/libc_pic.a(forward.os)
 .data          0x0000000000000588        0x0 /opt/cross/c4ev3/build-glibc/libc_pic.a(exit.os)
 .data          0x0000000000000588        0x0 /opt/cross/c4ev3/build-glibc/libc_pic.a(cxa_atexit.os)
 .data          0x0000000000000588        0x0 /opt/cross/c4ev3/build-glibc/libc_pic.a(libc-lowlevellock.os)
 .data          0x0000000000000588        0x0 /opt/cross/lib/gcc/arm-linux-gnueabi/8.1.0/libgcc.a(_udivsi3.o)
 .data          0x0000000000000588        0x0 /opt/cross/lib/gcc/arm-linux-gnueabi/8.1.0/libgcc.a(_divsi3.o)
 .data          0x0000000000000588        0x0 /opt/cross/lib/gcc/arm-linux-gnueabi/8.1.0/libgcc.a(_aeabi_uldivmod.o)
 .data          0x0000000000000588        0x0 /opt/cross/lib/gcc/arm-linux-gnueabi/8.1.0/libgcc.a(_dvmd_lnx.o)
 .data          0x0000000000000588        0x0 /opt/cross/lib/gcc/arm-linux-gnueabi/8.1.0/libgcc.a(_udivmoddi4.o)
 .data          0x0000000000000588        0x0 /opt/cross/c4ev3/build-glibc/libc_pic.a(raise.os)

.data.rel.ro    0x0000000000000000      0x19c
 .data.rel.ro   0x0000000000000000      0x19c /opt/cross/c4ev3/build-glibc/elf/dl-allobjs.os
                0x0000000000000000                _dl_argc
                0x0000000000000054                __pointer_chk_guard_local
                0x0000000000000054                __pointer_chk_guard
                0x0000000000000058                __stack_chk_guard
                0x0000000000000060                _rtld_global_ro
                0x0000000000000060                _rtld_local_ro
                0x0000000000000184                __stack_prot
                0x0000000000000194                __libc_stack_end
                0x0000000000000198                __libc_enable_secure_internal
                0x0000000000000198                __libc_enable_secure

__libc_subfreeres
                0x0000000000000000        0x4
 __libc_subfreeres
                0x0000000000000000        0x4 /opt/cross/c4ev3/build-glibc/elf/dl-allobjs.os

.data.rel.local
                0x0000000000000000        0x4
 .data.rel.local
                0x0000000000000000        0x4 /opt/cross/c4ev3/build-glibc/libc_pic.a(cxa_atexit.os)
                0x0000000000000000                __exit_funcs

.data1
 *(.data1)

.bss            0x0000000000000000      0x36c
 *(.bss)
 .bss           0x0000000000000000       0xb0 /opt/cross/c4ev3/build-glibc/elf/dl-allobjs.os
                0x000000000000003c                _dl_argv_internal
                0x000000000000003c                _dl_argv
                0x000000000000009c                __libc_multiple_libcs
                0x00000000000000ac                __curbrk
 .bss           0x00000000000000b0        0x0 /opt/cross/c4ev3/build-glibc/libc_pic.a(check_fds.os)
 .bss           0x00000000000000b0        0x0 /opt/cross/c4ev3/build-glibc/libc_pic.a(errno.os)
 .bss           0x00000000000000b0        0x0 /opt/cross/c4ev3/build-glibc/libc_pic.a(divdi3.os)
 .bss           0x00000000000000b0        0x0 /opt/cross/c4ev3/build-glibc/libc_pic.a(setjmp.os)
 .bss           0x00000000000000b0        0x0 /opt/cross/c4ev3/build-glibc/libc_pic.a(__longjmp.os)
 .bss           0x00000000000000b0        0x0 /opt/cross/c4ev3/build-glibc/libc_pic.a(mp_clz_tab.os)
 .bss           0x00000000000000b0        0x0 /opt/cross/c4ev3/build-glibc/libc_pic.a(strchr.os)
 .bss           0x00000000000000b0        0x0 /opt/cross/c4ev3/build-glibc/libc_pic.a(strcmp.os)
 .bss           0x00000000000000b0        0x0 /opt/cross/c4ev3/build-glibc/libc_pic.a(strlen.os)
 .bss           0x00000000000000b0        0x0 /opt/cross/c4ev3/build-glibc/libc_pic.a(strnlen.os)
 .bss           0x00000000000000b0        0x0 /opt/cross/c4ev3/build-glibc/libc_pic.a(memchr.os)
 .bss           0x00000000000000b0        0x0 /opt/cross/c4ev3/build-glibc/libc_pic.a(memcmp.os)
 .bss           0x00000000000000b0        0x0 /opt/cross/c4ev3/build-glibc/libc_pic.a(memmove.os)
 .bss           0x00000000000000b0        0x0 /opt/cross/c4ev3/build-glibc/libc_pic.a(memset.os)
 .bss           0x00000000000000b0        0x0 /opt/cross/c4ev3/build-glibc/libc_pic.a(mempcpy.os)
 .bss           0x00000000000000b0        0x0 /opt/cross/c4ev3/build-glibc/libc_pic.a(stpcpy.os)
 .bss           0x00000000000000b0        0x0 /opt/cross/c4ev3/build-glibc/libc_pic.a(memcpy.os)
 .bss           0x00000000000000b0        0x0 /opt/cross/c4ev3/build-glibc/libc_pic.a(wordcopy.os)
 .bss           0x00000000000000b0        0x0 /opt/cross/c4ev3/build-glibc/libc_pic.a(rawmemchr.os)
 .bss           0x00000000000000b0        0x0 /opt/cross/c4ev3/build-glibc/libc_pic.a(uname.os)
 .bss           0x00000000000000b0        0x0 /opt/cross/c4ev3/build-glibc/libc_pic.a(_exit.os)
 .bss           0x00000000000000b0        0x0 /opt/cross/c4ev3/build-glibc/libc_pic.a(getpid.os)
 .bss           0x00000000000000b0        0x4 /opt/cross/c4ev3/build-glibc/libc_pic.a(environ.os)
                0x00000000000000b0                _environ
                0x00000000000000b0                __environ
                0x00000000000000b0                environ
 .bss           0x00000000000000b4        0x0 /opt/cross/c4ev3/build-glibc/libc_pic.a(xstat64.os)
 .bss           0x00000000000000b4        0x0 /opt/cross/c4ev3/build-glibc/libc_pic.a(fxstat64.os)
 .bss           0x00000000000000b4        0x0 /opt/cross/c4ev3/build-glibc/libc_pic.a(open.os)
 .bss           0x00000000000000b4        0x0 /opt/cross/c4ev3/build-glibc/libc_pic.a(close.os)
 .bss           0x00000000000000b4        0x0 /opt/cross/c4ev3/build-glibc/libc_pic.a(read.os)
 .bss           0x00000000000000b4        0x0 /opt/cross/c4ev3/build-glibc/libc_pic.a(write.os)
 .bss           0x00000000000000b4        0x0 /opt/cross/c4ev3/build-glibc/libc_pic.a(lseek.os)
 .bss           0x00000000000000b4        0x0 /opt/cross/c4ev3/build-glibc/libc_pic.a(access.os)
 .bss           0x00000000000000b4        0x0 /opt/cross/c4ev3/build-glibc/libc_pic.a(fcntl.os)
 .bss           0x00000000000000b4        0x0 /opt/cross/c4ev3/build-glibc/libc_pic.a(getcwd.os)
 .bss           0x00000000000000b4        0x0 /opt/cross/c4ev3/build-glibc/libc_pic.a(getpagesize.os)
 .bss           0x00000000000000b4        0x0 /opt/cross/c4ev3/build-glibc/libc_pic.a(mmap.os)
 .bss           0x00000000000000b4        0x0 /opt/cross/c4ev3/build-glibc/libc_pic.a(munmap.os)
 .bss           0x00000000000000b4        0x0 /opt/cross/c4ev3/build-glibc/libc_pic.a(mprotect.os)
 .bss           0x00000000000000b4       0xac /opt/cross/c4ev3/build-glibc/libc_pic.a(profil.os)
 .bss           0x0000000000000160        0x0 /opt/cross/c4ev3/build-glibc/libc_pic.a(prof-freq.os)
 .bss           0x0000000000000160        0x0 /opt/cross/c4ev3/build-glibc/libc_pic.a(libc-cancellation.os)
 .bss           0x0000000000000160        0x0 /opt/cross/c4ev3/build-glibc/libc_pic.a(libc_multiple_threads.os)
 .bss           0x0000000000000160        0x0 /opt/cross/c4ev3/build-glibc/libc_pic.a(sysdep.os)
 .bss           0x0000000000000160        0x0 /opt/cross/c4ev3/build-glibc/libc_pic.a(sigaction.os)
 .bss           0x0000000000000160        0x0 /opt/cross/c4ev3/build-glibc/libc_pic.a(sigrestorer.os)
 .bss           0x0000000000000160        0x0 /opt/cross/c4ev3/build-glibc/libc_pic.a(setitimer.os)
 .bss           0x0000000000000160        0x0 /opt/cross/c4ev3/build-glibc/libc_pic.a(forward.os)
 .bss           0x0000000000000160        0x0 /opt/cross/c4ev3/build-glibc/libc_pic.a(exit.os)
 .bss           0x0000000000000160      0x20c /opt/cross/c4ev3/build-glibc/libc_pic.a(cxa_atexit.os)
 .bss           0x000000000000036c        0x0 /opt/cross/c4ev3/build-glibc/libc_pic.a(libc-lowlevellock.os)
 .bss           0x000000000000036c        0x0 /opt/cross/lib/gcc/arm-linux-gnueabi/8.1.0/libgcc.a(_udivsi3.o)
 .bss           0x000000000000036c        0x0 /opt/cross/lib/gcc/arm-linux-gnueabi/8.1.0/libgcc.a(_divsi3.o)
 .bss           0x000000000000036c        0x0 /opt/cross/lib/gcc/arm-linux-gnueabi/8.1.0/libgcc.a(_aeabi_uldivmod.o)
 .bss           0x000000000000036c        0x0 /opt/cross/lib/gcc/arm-linux-gnueabi/8.1.0/libgcc.a(_dvmd_lnx.o)
 .bss           0x000000000000036c        0x0 /opt/cross/lib/gcc/arm-linux-gnueabi/8.1.0/libgcc.a(_udivmoddi4.o)
 .bss           0x000000000000036c        0x0 /opt/cross/c4ev3/build-glibc/libc_pic.a(raise.os)
 *(COMMON)
 COMMON         0x000000000000036c        0x0 /opt/cross/c4ev3/build-glibc/elf/dl-allobjs.os
 COMMON         0x000000000000036c        0x0 /opt/cross/c4ev3/build-glibc/libc_pic.a(libc_multiple_threads.os)
 COMMON         0x000000000000036c        0x0 /opt/cross/c4ev3/build-glibc/libc_pic.a(sigaction.os)
 COMMON         0x000000000000036c        0x0 /opt/cross/c4ev3/build-glibc/libc_pic.a(forward.os)
 COMMON         0x000000000000036c        0x0 /opt/cross/c4ev3/build-glibc/libc_pic.a(cxa_atexit.os)

.stab
 *(.stab)

.stabstr
 *(.stabstr)

.stab.excl
 *(.stab.excl)

.stab.exclstr
 *(.stab.exclstr)

.stab.index
 *(.stab.index)

.stab.indexstr
 *(.stab.indexstr)

.comment        0x0000000000000000      0x924
 *(.comment)
 .comment       0x0000000000000000      0x444 /opt/cross/c4ev3/build-glibc/elf/dl-allobjs.os
 .comment       0x0000000000000444       0x27 /opt/cross/c4ev3/build-glibc/libc_pic.a(check_fds.os)
 .comment       0x000000000000046b       0x27 /opt/cross/c4ev3/build-glibc/libc_pic.a(errno.os)
 .comment       0x0000000000000492       0x27 /opt/cross/c4ev3/build-glibc/libc_pic.a(divdi3.os)
 .comment       0x00000000000004b9       0x27 /opt/cross/c4ev3/build-glibc/libc_pic.a(mp_clz_tab.os)
 .comment       0x00000000000004e0       0x27 /opt/cross/c4ev3/build-glibc/libc_pic.a(strchr.os)
 .comment       0x0000000000000507       0x27 /opt/cross/c4ev3/build-glibc/libc_pic.a(strcmp.os)
 .comment       0x000000000000052e       0x27 /opt/cross/c4ev3/build-glibc/libc_pic.a(strnlen.os)
 .comment       0x0000000000000555       0x27 /opt/cross/c4ev3/build-glibc/libc_pic.a(memchr.os)
 .comment       0x000000000000057c       0x27 /opt/cross/c4ev3/build-glibc/libc_pic.a(memcmp.os)
 .comment       0x00000000000005a3       0x27 /opt/cross/c4ev3/build-glibc/libc_pic.a(mempcpy.os)
 .comment       0x00000000000005ca       0x27 /opt/cross/c4ev3/build-glibc/libc_pic.a(stpcpy.os)
 .comment       0x00000000000005f1       0x27 /opt/cross/c4ev3/build-glibc/libc_pic.a(wordcopy.os)
 .comment       0x0000000000000618       0x27 /opt/cross/c4ev3/build-glibc/libc_pic.a(rawmemchr.os)
 .comment       0x000000000000063f       0x27 /opt/cross/c4ev3/build-glibc/libc_pic.a(_exit.os)
 .comment       0x0000000000000666       0x27 /opt/cross/c4ev3/build-glibc/libc_pic.a(getpid.os)
 .comment       0x000000000000068d       0x27 /opt/cross/c4ev3/build-glibc/libc_pic.a(environ.os)
 .comment       0x00000000000006b4       0x27 /opt/cross/c4ev3/build-glibc/libc_pic.a(xstat64.os)
 .comment       0x00000000000006db       0x27 /opt/cross/c4ev3/build-glibc/libc_pic.a(fxstat64.os)
 .comment       0x0000000000000702       0x27 /opt/cross/c4ev3/build-glibc/libc_pic.a(fcntl.os)
 .comment       0x0000000000000729       0x27 /opt/cross/c4ev3/build-glibc/libc_pic.a(getcwd.os)
 .comment       0x0000000000000750       0x27 /opt/cross/c4ev3/build-glibc/libc_pic.a(getpagesize.os)
 .comment       0x0000000000000777       0x27 /opt/cross/c4ev3/build-glibc/libc_pic.a(profil.os)
 .comment       0x000000000000079e       0x27 /opt/cross/c4ev3/build-glibc/libc_pic.a(prof-freq.os)
 .comment       0x00000000000007c5       0x27 /opt/cross/c4ev3/build-glibc/libc_pic.a(libc-cancellation.os)
 .comment       0x00000000000007ec       0x27 /opt/cross/c4ev3/build-glibc/libc_pic.a(libc_multiple_threads.os)
 .comment       0x0000000000000813       0x27 /opt/cross/c4ev3/build-glibc/libc_pic.a(sigaction.os)
 .comment       0x000000000000083a       0x27 /opt/cross/c4ev3/build-glibc/libc_pic.a(forward.os)
 .comment       0x0000000000000861       0x27 /opt/cross/c4ev3/build-glibc/libc_pic.a(exit.os)
 .comment       0x0000000000000888       0x27 /opt/cross/c4ev3/build-glibc/libc_pic.a(cxa_atexit.os)
 .comment       0x00000000000008af       0x27 /opt/cross/c4ev3/build-glibc/libc_pic.a(libc-lowlevellock.os)
 .comment       0x00000000000008d6       0x27 /opt/cross/lib/gcc/arm-linux-gnueabi/8.1.0/libgcc.a(_udivmoddi4.o)
 .comment       0x00000000000008fd       0x27 /opt/cross/c4ev3/build-glibc/libc_pic.a(raise.os)

.note.GNU-stack
                0x0000000000000000        0x0
 .note.GNU-stack
                0x0000000000000000        0x0 /opt/cross/c4ev3/build-glibc/elf/dl-allobjs.os
 .note.GNU-stack
                0x0000000000000000        0x0 /opt/cross/c4ev3/build-glibc/libc_pic.a(check_fds.os)
 .note.GNU-stack
                0x0000000000000000        0x0 /opt/cross/c4ev3/build-glibc/libc_pic.a(errno.os)
 .note.GNU-stack
                0x0000000000000000        0x0 /opt/cross/c4ev3/build-glibc/libc_pic.a(divdi3.os)
 .note.GNU-stack
                0x0000000000000000        0x0 /opt/cross/c4ev3/build-glibc/libc_pic.a(setjmp.os)
 .note.GNU-stack
                0x0000000000000000        0x0 /opt/cross/c4ev3/build-glibc/libc_pic.a(__longjmp.os)
 .note.GNU-stack
                0x0000000000000000        0x0 /opt/cross/c4ev3/build-glibc/libc_pic.a(mp_clz_tab.os)
 .note.GNU-stack
                0x0000000000000000        0x0 /opt/cross/c4ev3/build-glibc/libc_pic.a(strchr.os)
 .note.GNU-stack
                0x0000000000000000        0x0 /opt/cross/c4ev3/build-glibc/libc_pic.a(strcmp.os)
 .note.GNU-stack
                0x0000000000000000        0x0 /opt/cross/c4ev3/build-glibc/libc_pic.a(strlen.os)
 .note.GNU-stack
                0x0000000000000000        0x0 /opt/cross/c4ev3/build-glibc/libc_pic.a(strnlen.os)
 .note.GNU-stack
                0x0000000000000000        0x0 /opt/cross/c4ev3/build-glibc/libc_pic.a(memchr.os)
 .note.GNU-stack
                0x0000000000000000        0x0 /opt/cross/c4ev3/build-glibc/libc_pic.a(memcmp.os)
 .note.GNU-stack
                0x0000000000000000        0x0 /opt/cross/c4ev3/build-glibc/libc_pic.a(memmove.os)
 .note.GNU-stack
                0x0000000000000000        0x0 /opt/cross/c4ev3/build-glibc/libc_pic.a(memset.os)
 .note.GNU-stack
                0x0000000000000000        0x0 /opt/cross/c4ev3/build-glibc/libc_pic.a(mempcpy.os)
 .note.GNU-stack
                0x0000000000000000        0x0 /opt/cross/c4ev3/build-glibc/libc_pic.a(stpcpy.os)
 .note.GNU-stack
                0x0000000000000000        0x0 /opt/cross/c4ev3/build-glibc/libc_pic.a(memcpy.os)
 .note.GNU-stack
                0x0000000000000000        0x0 /opt/cross/c4ev3/build-glibc/libc_pic.a(wordcopy.os)
 .note.GNU-stack
                0x0000000000000000        0x0 /opt/cross/c4ev3/build-glibc/libc_pic.a(rawmemchr.os)
 .note.GNU-stack
                0x0000000000000000        0x0 /opt/cross/c4ev3/build-glibc/libc_pic.a(uname.os)
 .note.GNU-stack
                0x0000000000000000        0x0 /opt/cross/c4ev3/build-glibc/libc_pic.a(_exit.os)
 .note.GNU-stack
                0x0000000000000000        0x0 /opt/cross/c4ev3/build-glibc/libc_pic.a(getpid.os)
 .note.GNU-stack
                0x0000000000000000        0x0 /opt/cross/c4ev3/build-glibc/libc_pic.a(environ.os)
 .note.GNU-stack
                0x0000000000000000        0x0 /opt/cross/c4ev3/build-glibc/libc_pic.a(xstat64.os)
 .note.GNU-stack
                0x0000000000000000        0x0 /opt/cross/c4ev3/build-glibc/libc_pic.a(fxstat64.os)
 .note.GNU-stack
                0x0000000000000000        0x0 /opt/cross/c4ev3/build-glibc/libc_pic.a(open.os)
 .note.GNU-stack
                0x0000000000000000        0x0 /opt/cross/c4ev3/build-glibc/libc_pic.a(close.os)
 .note.GNU-stack
                0x0000000000000000        0x0 /opt/cross/c4ev3/build-glibc/libc_pic.a(read.os)
 .note.GNU-stack
                0x0000000000000000        0x0 /opt/cross/c4ev3/build-glibc/libc_pic.a(write.os)
 .note.GNU-stack
                0x0000000000000000        0x0 /opt/cross/c4ev3/build-glibc/libc_pic.a(lseek.os)
 .note.GNU-stack
                0x0000000000000000        0x0 /opt/cross/c4ev3/build-glibc/libc_pic.a(access.os)
 .note.GNU-stack
                0x0000000000000000        0x0 /opt/cross/c4ev3/build-glibc/libc_pic.a(fcntl.os)
 .note.GNU-stack
                0x0000000000000000        0x0 /opt/cross/c4ev3/build-glibc/libc_pic.a(getcwd.os)
 .note.GNU-stack
                0x0000000000000000        0x0 /opt/cross/c4ev3/build-glibc/libc_pic.a(getpagesize.os)
 .note.GNU-stack
                0x0000000000000000        0x0 /opt/cross/c4ev3/build-glibc/libc_pic.a(mmap.os)
 .note.GNU-stack
                0x0000000000000000        0x0 /opt/cross/c4ev3/build-glibc/libc_pic.a(munmap.os)
 .note.GNU-stack
                0x0000000000000000        0x0 /opt/cross/c4ev3/build-glibc/libc_pic.a(mprotect.os)
 .note.GNU-stack
                0x0000000000000000        0x0 /opt/cross/c4ev3/build-glibc/libc_pic.a(profil.os)
 .note.GNU-stack
                0x0000000000000000        0x0 /opt/cross/c4ev3/build-glibc/libc_pic.a(prof-freq.os)
 .note.GNU-stack
                0x0000000000000000        0x0 /opt/cross/c4ev3/build-glibc/libc_pic.a(libc-cancellation.os)
 .note.GNU-stack
                0x0000000000000000        0x0 /opt/cross/c4ev3/build-glibc/libc_pic.a(libc_multiple_threads.os)
 .note.GNU-stack
                0x0000000000000000        0x0 /opt/cross/c4ev3/build-glibc/libc_pic.a(sysdep.os)
 .note.GNU-stack
                0x0000000000000000        0x0 /opt/cross/c4ev3/build-glibc/libc_pic.a(sigaction.os)
 .note.GNU-stack
                0x0000000000000000        0x0 /opt/cross/c4ev3/build-glibc/libc_pic.a(sigrestorer.os)
 .note.GNU-stack
                0x0000000000000000        0x0 /opt/cross/c4ev3/build-glibc/libc_pic.a(setitimer.os)
 .note.GNU-stack
                0x0000000000000000        0x0 /opt/cross/c4ev3/build-glibc/libc_pic.a(forward.os)
 .note.GNU-stack
                0x0000000000000000        0x0 /opt/cross/c4ev3/build-glibc/libc_pic.a(exit.os)
 .note.GNU-stack
                0x0000000000000000        0x0 /opt/cross/c4ev3/build-glibc/libc_pic.a(cxa_atexit.os)
 .note.GNU-stack
                0x0000000000000000        0x0 /opt/cross/c4ev3/build-glibc/libc_pic.a(libc-lowlevellock.os)
 .note.GNU-stack
                0x0000000000000000        0x0 /opt/cross/lib/gcc/arm-linux-gnueabi/8.1.0/libgcc.a(_udivsi3.o)
 .note.GNU-stack
                0x0000000000000000        0x0 /opt/cross/lib/gcc/arm-linux-gnueabi/8.1.0/libgcc.a(_divsi3.o)
 .note.GNU-stack
                0x0000000000000000        0x0 /opt/cross/lib/gcc/arm-linux-gnueabi/8.1.0/libgcc.a(_aeabi_uldivmod.o)
 .note.GNU-stack
                0x0000000000000000        0x0 /opt/cross/lib/gcc/arm-linux-gnueabi/8.1.0/libgcc.a(_dvmd_lnx.o)
 .note.GNU-stack
                0x0000000000000000        0x0 /opt/cross/lib/gcc/arm-linux-gnueabi/8.1.0/libgcc.a(_udivmoddi4.o)
 .note.GNU-stack
                0x0000000000000000        0x0 /opt/cross/c4ev3/build-glibc/libc_pic.a(raise.os)

.ARM.attributes
                0x0000000000000000       0x28
 .ARM.attributes
                0x0000000000000000       0x28 /opt/cross/c4ev3/build-glibc/elf/dl-allobjs.os
 .ARM.attributes
                0x0000000000000028       0x2a /opt/cross/c4ev3/build-glibc/libc_pic.a(check_fds.os)
 .ARM.attributes
                0x0000000000000052       0x31 /opt/cross/c4ev3/build-glibc/libc_pic.a(errno.os)
 .ARM.attributes
                0x0000000000000083       0x2a /opt/cross/c4ev3/build-glibc/libc_pic.a(divdi3.os)
 .ARM.attributes
                0x00000000000000ad       0x1a /opt/cross/c4ev3/build-glibc/libc_pic.a(setjmp.os)
 .ARM.attributes
                0x00000000000000c7       0x1a /opt/cross/c4ev3/build-glibc/libc_pic.a(__longjmp.os)
 .ARM.attributes
                0x00000000000000e1       0x31 /opt/cross/c4ev3/build-glibc/libc_pic.a(mp_clz_tab.os)
 .ARM.attributes
                0x0000000000000112       0x2a /opt/cross/c4ev3/build-glibc/libc_pic.a(strchr.os)
 .ARM.attributes
                0x000000000000013c       0x2a /opt/cross/c4ev3/build-glibc/libc_pic.a(strcmp.os)
 .ARM.attributes
                0x0000000000000166       0x1a /opt/cross/c4ev3/build-glibc/libc_pic.a(strlen.os)
 .ARM.attributes
                0x0000000000000180       0x2a /opt/cross/c4ev3/build-glibc/libc_pic.a(strnlen.os)
 .ARM.attributes
                0x00000000000001aa       0x2a /opt/cross/c4ev3/build-glibc/libc_pic.a(memchr.os)
 .ARM.attributes
                0x00000000000001d4       0x2a /opt/cross/c4ev3/build-glibc/libc_pic.a(memcmp.os)
 .ARM.attributes
                0x00000000000001fe       0x1a /opt/cross/c4ev3/build-glibc/libc_pic.a(memmove.os)
 .ARM.attributes
                0x0000000000000218       0x1a /opt/cross/c4ev3/build-glibc/libc_pic.a(memset.os)
 .ARM.attributes
                0x0000000000000232       0x2a /opt/cross/c4ev3/build-glibc/libc_pic.a(mempcpy.os)
 .ARM.attributes
                0x000000000000025c       0x2a /opt/cross/c4ev3/build-glibc/libc_pic.a(stpcpy.os)
 .ARM.attributes
                0x0000000000000286       0x1a /opt/cross/c4ev3/build-glibc/libc_pic.a(memcpy.os)
 .ARM.attributes
                0x00000000000002a0       0x2a /opt/cross/c4ev3/build-glibc/libc_pic.a(wordcopy.os)
 .ARM.attributes
                0x00000000000002ca       0x2a /opt/cross/c4ev3/build-glibc/libc_pic.a(rawmemchr.os)
 .ARM.attributes
                0x00000000000002f4       0x1a /opt/cross/c4ev3/build-glibc/libc_pic.a(uname.os)
 .ARM.attributes
                0x000000000000030e       0x2a /opt/cross/c4ev3/build-glibc/libc_pic.a(_exit.os)
 .ARM.attributes
                0x0000000000000338       0x2a /opt/cross/c4ev3/build-glibc/libc_pic.a(getpid.os)
 .ARM.attributes
                0x0000000000000362       0x31 /opt/cross/c4ev3/build-glibc/libc_pic.a(environ.os)
 .ARM.attributes
                0x0000000000000393       0x2a /opt/cross/c4ev3/build-glibc/libc_pic.a(xstat64.os)
 .ARM.attributes
                0x00000000000003bd       0x2a /opt/cross/c4ev3/build-glibc/libc_pic.a(fxstat64.os)
 .ARM.attributes
                0x00000000000003e7       0x1a /opt/cross/c4ev3/build-glibc/libc_pic.a(open.os)
 .ARM.attributes
                0x0000000000000401       0x1a /opt/cross/c4ev3/build-glibc/libc_pic.a(close.os)
 .ARM.attributes
                0x000000000000041b       0x1a /opt/cross/c4ev3/build-glibc/libc_pic.a(read.os)
 .ARM.attributes
                0x0000000000000435       0x1a /opt/cross/c4ev3/build-glibc/libc_pic.a(write.os)
 .ARM.attributes
                0x000000000000044f       0x1a /opt/cross/c4ev3/build-glibc/libc_pic.a(lseek.os)
 .ARM.attributes
                0x0000000000000469       0x1a /opt/cross/c4ev3/build-glibc/libc_pic.a(access.os)
 .ARM.attributes
                0x0000000000000483       0x2a /opt/cross/c4ev3/build-glibc/libc_pic.a(fcntl.os)
 .ARM.attributes
                0x00000000000004ad       0x2a /opt/cross/c4ev3/build-glibc/libc_pic.a(getcwd.os)
 .ARM.attributes
                0x00000000000004d7       0x2a /opt/cross/c4ev3/build-glibc/libc_pic.a(getpagesize.os)
 .ARM.attributes
                0x0000000000000501       0x1a /opt/cross/c4ev3/build-glibc/libc_pic.a(mmap.os)
 .ARM.attributes
                0x000000000000051b       0x1a /opt/cross/c4ev3/build-glibc/libc_pic.a(munmap.os)
 .ARM.attributes
                0x0000000000000535       0x1a /opt/cross/c4ev3/build-glibc/libc_pic.a(mprotect.os)
 .ARM.attributes
                0x000000000000054f       0x2a /opt/cross/c4ev3/build-glibc/libc_pic.a(profil.os)
 .ARM.attributes
                0x0000000000000579       0x2a /opt/cross/c4ev3/build-glibc/libc_pic.a(prof-freq.os)
 .ARM.attributes
                0x00000000000005a3       0x2a /opt/cross/c4ev3/build-glibc/libc_pic.a(libc-cancellation.os)
 .ARM.attributes
                0x00000000000005cd       0x31 /opt/cross/c4ev3/build-glibc/libc_pic.a(libc_multiple_threads.os)
 .ARM.attributes
                0x00000000000005fe       0x1a /opt/cross/c4ev3/build-glibc/libc_pic.a(sysdep.os)
 .ARM.attributes
                0x0000000000000618       0x2a /opt/cross/c4ev3/build-glibc/libc_pic.a(sigaction.os)
 .ARM.attributes
                0x0000000000000642       0x1a /opt/cross/c4ev3/build-glibc/libc_pic.a(sigrestorer.os)
 .ARM.attributes
                0x000000000000065c       0x1a /opt/cross/c4ev3/build-glibc/libc_pic.a(setitimer.os)
 .ARM.attributes
                0x0000000000000676       0x2a /opt/cross/c4ev3/build-glibc/libc_pic.a(forward.os)
 .ARM.attributes
                0x00000000000006a0       0x2a /opt/cross/c4ev3/build-glibc/libc_pic.a(exit.os)
 .ARM.attributes
                0x00000000000006ca       0x2a /opt/cross/c4ev3/build-glibc/libc_pic.a(cxa_atexit.os)
 .ARM.attributes
                0x00000000000006f4       0x2a /opt/cross/c4ev3/build-glibc/libc_pic.a(libc-lowlevellock.os)
 .ARM.attributes
                0x000000000000071e       0x1c /opt/cross/lib/gcc/arm-linux-gnueabi/8.1.0/libgcc.a(_udivsi3.o)
 .ARM.attributes
                0x000000000000073a       0x1c /opt/cross/lib/gcc/arm-linux-gnueabi/8.1.0/libgcc.a(_divsi3.o)
 .ARM.attributes
                0x0000000000000756       0x1c /opt/cross/lib/gcc/arm-linux-gnueabi/8.1.0/libgcc.a(_aeabi_uldivmod.o)
 .ARM.attributes
                0x0000000000000772       0x1c /opt/cross/lib/gcc/arm-linux-gnueabi/8.1.0/libgcc.a(_dvmd_lnx.o)
 .ARM.attributes
                0x000000000000078e       0x2a /opt/cross/lib/gcc/arm-linux-gnueabi/8.1.0/libgcc.a(_udivmoddi4.o)
 .ARM.attributes
                0x00000000000007b8       0x2a /opt/cross/c4ev3/build-glibc/libc_pic.a(raise.os)

.debug
 *(.debug)

.line
 *(.line)

.debug_srcinfo
 *(.debug_srcinfo)

.debug_sfnames
 *(.debug_sfnames)

.debug_aranges  0x0000000000000000      0x7f8
 *(.debug_aranges)
 .debug_aranges
                0x0000000000000000      0x390 /opt/cross/c4ev3/build-glibc/elf/dl-allobjs.os
 .debug_aranges
                0x0000000000000390       0x20 /opt/cross/c4ev3/build-glibc/libc_pic.a(check_fds.os)
 .debug_aranges
                0x00000000000003b0       0x18 /opt/cross/c4ev3/build-glibc/libc_pic.a(errno.os)
 .debug_aranges
                0x00000000000003c8       0x20 /opt/cross/c4ev3/build-glibc/libc_pic.a(divdi3.os)
 .debug_aranges
                0x00000000000003e8       0x18 /opt/cross/c4ev3/build-glibc/libc_pic.a(mp_clz_tab.os)
 .debug_aranges
                0x0000000000000400       0x20 /opt/cross/c4ev3/build-glibc/libc_pic.a(strchr.os)
 .debug_aranges
                0x0000000000000420       0x20 /opt/cross/c4ev3/build-glibc/libc_pic.a(strcmp.os)
 .debug_aranges
                0x0000000000000440       0x20 /opt/cross/c4ev3/build-glibc/libc_pic.a(strnlen.os)
 .debug_aranges
                0x0000000000000460       0x20 /opt/cross/c4ev3/build-glibc/libc_pic.a(memchr.os)
 .debug_aranges
                0x0000000000000480       0x20 /opt/cross/c4ev3/build-glibc/libc_pic.a(memcmp.os)
 .debug_aranges
                0x00000000000004a0       0x20 /opt/cross/c4ev3/build-glibc/libc_pic.a(mempcpy.os)
 .debug_aranges
                0x00000000000004c0       0x20 /opt/cross/c4ev3/build-glibc/libc_pic.a(stpcpy.os)
 .debug_aranges
                0x00000000000004e0       0x20 /opt/cross/c4ev3/build-glibc/libc_pic.a(wordcopy.os)
 .debug_aranges
                0x0000000000000500       0x20 /opt/cross/c4ev3/build-glibc/libc_pic.a(rawmemchr.os)
 .debug_aranges
                0x0000000000000520       0x20 /opt/cross/c4ev3/build-glibc/libc_pic.a(_exit.os)
 .debug_aranges
                0x0000000000000540       0x20 /opt/cross/c4ev3/build-glibc/libc_pic.a(getpid.os)
 .debug_aranges
                0x0000000000000560       0x18 /opt/cross/c4ev3/build-glibc/libc_pic.a(environ.os)
 .debug_aranges
                0x0000000000000578       0x20 /opt/cross/c4ev3/build-glibc/libc_pic.a(xstat64.os)
 .debug_aranges
                0x0000000000000598       0x20 /opt/cross/c4ev3/build-glibc/libc_pic.a(fxstat64.os)
 .debug_aranges
                0x00000000000005b8       0x20 /opt/cross/c4ev3/build-glibc/libc_pic.a(fcntl.os)
 .debug_aranges
                0x00000000000005d8       0x20 /opt/cross/c4ev3/build-glibc/libc_pic.a(getcwd.os)
 .debug_aranges
                0x00000000000005f8       0x20 /opt/cross/c4ev3/build-glibc/libc_pic.a(getpagesize.os)
 .debug_aranges
                0x0000000000000618       0x20 /opt/cross/c4ev3/build-glibc/libc_pic.a(profil.os)
 .debug_aranges
                0x0000000000000638       0x20 /opt/cross/c4ev3/build-glibc/libc_pic.a(prof-freq.os)
 .debug_aranges
                0x0000000000000658       0x20 /opt/cross/c4ev3/build-glibc/libc_pic.a(libc-cancellation.os)
 .debug_aranges
                0x0000000000000678       0x18 /opt/cross/c4ev3/build-glibc/libc_pic.a(libc_multiple_threads.os)
 .debug_aranges
                0x0000000000000690       0x20 /opt/cross/c4ev3/build-glibc/libc_pic.a(sigaction.os)
 .debug_aranges
                0x00000000000006b0       0x28 /opt/cross/c4ev3/build-glibc/libc_pic.a(forward.os)
 .debug_aranges
                0x00000000000006d8       0x20 /opt/cross/c4ev3/build-glibc/libc_pic.a(exit.os)
 .debug_aranges
                0x00000000000006f8       0x20 /opt/cross/c4ev3/build-glibc/libc_pic.a(cxa_atexit.os)
 .debug_aranges
                0x0000000000000718       0x20 /opt/cross/c4ev3/build-glibc/libc_pic.a(libc-lowlevellock.os)
 .debug_aranges
                0x0000000000000738       0x20 /opt/cross/lib/gcc/arm-linux-gnueabi/8.1.0/libgcc.a(_udivsi3.o)
 .debug_aranges
                0x0000000000000758       0x20 /opt/cross/lib/gcc/arm-linux-gnueabi/8.1.0/libgcc.a(_divsi3.o)
 .debug_aranges
                0x0000000000000778       0x20 /opt/cross/lib/gcc/arm-linux-gnueabi/8.1.0/libgcc.a(_aeabi_uldivmod.o)
 .debug_aranges
                0x0000000000000798       0x20 /opt/cross/lib/gcc/arm-linux-gnueabi/8.1.0/libgcc.a(_dvmd_lnx.o)
 .debug_aranges
                0x00000000000007b8       0x20 /opt/cross/lib/gcc/arm-linux-gnueabi/8.1.0/libgcc.a(_udivmoddi4.o)
 .debug_aranges
                0x00000000000007d8       0x20 /opt/cross/c4ev3/build-glibc/libc_pic.a(raise.os)

.debug_pubnames
 *(.debug_pubnames)

.debug_info     0x0000000000000000    0x89394
 *(.debug_info)
 .debug_info    0x0000000000000000    0x69e3f /opt/cross/c4ev3/build-glibc/elf/dl-allobjs.os
 .debug_info    0x0000000000069e3f      0xa82 /opt/cross/c4ev3/build-glibc/libc_pic.a(check_fds.os)
 .debug_info    0x000000000006a8c1      0x62b /opt/cross/c4ev3/build-glibc/libc_pic.a(errno.os)
 .debug_info    0x000000000006aeec      0x831 /opt/cross/c4ev3/build-glibc/libc_pic.a(divdi3.os)
 .debug_info    0x000000000006b71d       0x58 /opt/cross/c4ev3/build-glibc/libc_pic.a(mp_clz_tab.os)
 .debug_info    0x000000000006b775      0x1d3 /opt/cross/c4ev3/build-glibc/libc_pic.a(strchr.os)
 .debug_info    0x000000000006b948      0x116 /opt/cross/c4ev3/build-glibc/libc_pic.a(strcmp.os)
 .debug_info    0x000000000006ba5e      0x1ce /opt/cross/c4ev3/build-glibc/libc_pic.a(strnlen.os)
 .debug_info    0x000000000006bc2c      0x1e9 /opt/cross/c4ev3/build-glibc/libc_pic.a(memchr.os)
 .debug_info    0x000000000006be15      0x8b6 /opt/cross/c4ev3/build-glibc/libc_pic.a(memcmp.os)
 .debug_info    0x000000000006c6cb      0x1ce /opt/cross/c4ev3/build-glibc/libc_pic.a(mempcpy.os)
 .debug_info    0x000000000006c899       0xe7 /opt/cross/c4ev3/build-glibc/libc_pic.a(stpcpy.os)
 .debug_info    0x000000000006c980      0x439 /opt/cross/c4ev3/build-glibc/libc_pic.a(wordcopy.os)
 .debug_info    0x000000000006cdb9      0x1c7 /opt/cross/c4ev3/build-glibc/libc_pic.a(rawmemchr.os)
 .debug_info    0x000000000006cf80      0x724 /opt/cross/c4ev3/build-glibc/libc_pic.a(_exit.os)
 .debug_info    0x000000000006d6a4     0x1323 /opt/cross/c4ev3/build-glibc/libc_pic.a(getpid.os)
 .debug_info    0x000000000006e9c7       0xfb /opt/cross/c4ev3/build-glibc/libc_pic.a(environ.os)
 .debug_info    0x000000000006eac2      0x86e /opt/cross/c4ev3/build-glibc/libc_pic.a(xstat64.os)
 .debug_info    0x000000000006f330      0x86d /opt/cross/c4ev3/build-glibc/libc_pic.a(fxstat64.os)
 .debug_info    0x000000000006fb9d     0x1616 /opt/cross/c4ev3/build-glibc/libc_pic.a(fcntl.os)
 .debug_info    0x00000000000711b3      0x823 /opt/cross/c4ev3/build-glibc/libc_pic.a(getcwd.os)
 .debug_info    0x00000000000719d6     0x3158 /opt/cross/c4ev3/build-glibc/libc_pic.a(getpagesize.os)
 .debug_info    0x0000000000074b2e      0xf32 /opt/cross/c4ev3/build-glibc/libc_pic.a(profil.os)
 .debug_info    0x0000000000075a60     0x30f6 /opt/cross/c4ev3/build-glibc/libc_pic.a(prof-freq.os)
 .debug_info    0x0000000000078b56     0x2295 /opt/cross/c4ev3/build-glibc/libc_pic.a(libc-cancellation.os)
 .debug_info    0x000000000007adeb     0x13e0 /opt/cross/c4ev3/build-glibc/libc_pic.a(libc_multiple_threads.os)
 .debug_info    0x000000000007c1cb     0x3871 /opt/cross/c4ev3/build-glibc/libc_pic.a(sigaction.os)
 .debug_info    0x000000000007fa3c     0x270c /opt/cross/c4ev3/build-glibc/libc_pic.a(forward.os)
 .debug_info    0x0000000000082148     0x1354 /opt/cross/c4ev3/build-glibc/libc_pic.a(exit.os)
 .debug_info    0x000000000008349c     0x20c7 /opt/cross/c4ev3/build-glibc/libc_pic.a(cxa_atexit.os)
 .debug_info    0x0000000000085563     0x1306 /opt/cross/c4ev3/build-glibc/libc_pic.a(libc-lowlevellock.os)
 .debug_info    0x0000000000086869       0x26 /opt/cross/lib/gcc/arm-linux-gnueabi/8.1.0/libgcc.a(_udivsi3.o)
 .debug_info    0x000000000008688f       0x26 /opt/cross/lib/gcc/arm-linux-gnueabi/8.1.0/libgcc.a(_divsi3.o)
 .debug_info    0x00000000000868b5       0x26 /opt/cross/lib/gcc/arm-linux-gnueabi/8.1.0/libgcc.a(_aeabi_uldivmod.o)
 .debug_info    0x00000000000868db       0x26 /opt/cross/lib/gcc/arm-linux-gnueabi/8.1.0/libgcc.a(_dvmd_lnx.o)
 .debug_info    0x0000000000086901      0xaac /opt/cross/lib/gcc/arm-linux-gnueabi/8.1.0/libgcc.a(_udivmoddi4.o)
 .debug_info    0x00000000000873ad     0x1fe7 /opt/cross/c4ev3/build-glibc/libc_pic.a(raise.os)

.debug_abbrev   0x0000000000000000     0xc0c9
 *(.debug_abbrev)
 .debug_abbrev  0x0000000000000000     0x7f08 /opt/cross/c4ev3/build-glibc/elf/dl-allobjs.os
 .debug_abbrev  0x0000000000007f08      0x25a /opt/cross/c4ev3/build-glibc/libc_pic.a(check_fds.os)
 .debug_abbrev  0x0000000000008162      0x12f /opt/cross/c4ev3/build-glibc/libc_pic.a(errno.os)
 .debug_abbrev  0x0000000000008291      0x20f /opt/cross/c4ev3/build-glibc/libc_pic.a(divdi3.os)
 .debug_abbrev  0x00000000000084a0       0x47 /opt/cross/c4ev3/build-glibc/libc_pic.a(mp_clz_tab.os)
 .debug_abbrev  0x00000000000084e7      0x116 /opt/cross/c4ev3/build-glibc/libc_pic.a(strchr.os)
 .debug_abbrev  0x00000000000085fd       0x80 /opt/cross/c4ev3/build-glibc/libc_pic.a(strcmp.os)
 .debug_abbrev  0x000000000000867d      0x120 /opt/cross/c4ev3/build-glibc/libc_pic.a(strnlen.os)
 .debug_abbrev  0x000000000000879d      0x131 /opt/cross/c4ev3/build-glibc/libc_pic.a(memchr.os)
 .debug_abbrev  0x00000000000088ce      0x1e6 /opt/cross/c4ev3/build-glibc/libc_pic.a(memcmp.os)
 .debug_abbrev  0x0000000000008ab4      0x117 /opt/cross/c4ev3/build-glibc/libc_pic.a(mempcpy.os)
 .debug_abbrev  0x0000000000008bcb       0x92 /opt/cross/c4ev3/build-glibc/libc_pic.a(stpcpy.os)
 .debug_abbrev  0x0000000000008c5d      0x149 /opt/cross/c4ev3/build-glibc/libc_pic.a(wordcopy.os)
 .debug_abbrev  0x0000000000008da6      0x133 /opt/cross/c4ev3/build-glibc/libc_pic.a(rawmemchr.os)
 .debug_abbrev  0x0000000000008ed9      0x17b /opt/cross/c4ev3/build-glibc/libc_pic.a(_exit.os)
 .debug_abbrev  0x0000000000009054      0x33b /opt/cross/c4ev3/build-glibc/libc_pic.a(getpid.os)
 .debug_abbrev  0x000000000000938f       0x82 /opt/cross/c4ev3/build-glibc/libc_pic.a(environ.os)
 .debug_abbrev  0x0000000000009411      0x196 /opt/cross/c4ev3/build-glibc/libc_pic.a(xstat64.os)
 .debug_abbrev  0x00000000000095a7      0x196 /opt/cross/c4ev3/build-glibc/libc_pic.a(fxstat64.os)
 .debug_abbrev  0x000000000000973d      0x2c1 /opt/cross/c4ev3/build-glibc/libc_pic.a(fcntl.os)
 .debug_abbrev  0x00000000000099fe      0x210 /opt/cross/c4ev3/build-glibc/libc_pic.a(getcwd.os)
 .debug_abbrev  0x0000000000009c0e      0x2d0 /opt/cross/c4ev3/build-glibc/libc_pic.a(getpagesize.os)
 .debug_abbrev  0x0000000000009ede      0x2ed /opt/cross/c4ev3/build-glibc/libc_pic.a(profil.os)
 .debug_abbrev  0x000000000000a1cb      0x2d0 /opt/cross/c4ev3/build-glibc/libc_pic.a(prof-freq.os)
 .debug_abbrev  0x000000000000a49b      0x408 /opt/cross/c4ev3/build-glibc/libc_pic.a(libc-cancellation.os)
 .debug_abbrev  0x000000000000a8a3      0x217 /opt/cross/c4ev3/build-glibc/libc_pic.a(libc_multiple_threads.os)
 .debug_abbrev  0x000000000000aaba      0x3bf /opt/cross/c4ev3/build-glibc/libc_pic.a(sigaction.os)
 .debug_abbrev  0x000000000000ae79      0x3e8 /opt/cross/c4ev3/build-glibc/libc_pic.a(forward.os)
 .debug_abbrev  0x000000000000b261      0x2a7 /opt/cross/c4ev3/build-glibc/libc_pic.a(exit.os)
 .debug_abbrev  0x000000000000b508      0x3de /opt/cross/c4ev3/build-glibc/libc_pic.a(cxa_atexit.os)
 .debug_abbrev  0x000000000000b8e6      0x2dc /opt/cross/c4ev3/build-glibc/libc_pic.a(libc-lowlevellock.os)
 .debug_abbrev  0x000000000000bbc2       0x14 /opt/cross/lib/gcc/arm-linux-gnueabi/8.1.0/libgcc.a(_udivsi3.o)
 .debug_abbrev  0x000000000000bbd6       0x14 /opt/cross/lib/gcc/arm-linux-gnueabi/8.1.0/libgcc.a(_divsi3.o)
 .debug_abbrev  0x000000000000bbea       0x14 /opt/cross/lib/gcc/arm-linux-gnueabi/8.1.0/libgcc.a(_aeabi_uldivmod.o)
 .debug_abbrev  0x000000000000bbfe       0x14 /opt/cross/lib/gcc/arm-linux-gnueabi/8.1.0/libgcc.a(_dvmd_lnx.o)
 .debug_abbrev  0x000000000000bc12      0x171 /opt/cross/lib/gcc/arm-linux-gnueabi/8.1.0/libgcc.a(_udivmoddi4.o)
 .debug_abbrev  0x000000000000bd83      0x346 /opt/cross/c4ev3/build-glibc/libc_pic.a(raise.os)

.debug_line     0x0000000000000000    0x1b77c
 *(.debug_line .debug_line.* .debug_line_end)
 .debug_line    0x0000000000000000    0x154b4 /opt/cross/c4ev3/build-glibc/elf/dl-allobjs.os
 .debug_line    0x00000000000154b4      0x2b3 /opt/cross/c4ev3/build-glibc/libc_pic.a(check_fds.os)
 .debug_line    0x0000000000015767      0x155 /opt/cross/c4ev3/build-glibc/libc_pic.a(errno.os)
 .debug_line    0x00000000000158bc      0x712 /opt/cross/c4ev3/build-glibc/libc_pic.a(divdi3.os)
 .debug_line    0x0000000000015fce       0x2d /opt/cross/c4ev3/build-glibc/libc_pic.a(mp_clz_tab.os)
 .debug_line    0x0000000000015ffb      0x180 /opt/cross/c4ev3/build-glibc/libc_pic.a(strchr.os)
 .debug_line    0x000000000001617b       0x69 /opt/cross/c4ev3/build-glibc/libc_pic.a(strcmp.os)
 .debug_line    0x00000000000161e4      0x169 /opt/cross/c4ev3/build-glibc/libc_pic.a(strnlen.os)
 .debug_line    0x000000000001634d      0x197 /opt/cross/c4ev3/build-glibc/libc_pic.a(memchr.os)
 .debug_line    0x00000000000164e4      0x58d /opt/cross/c4ev3/build-glibc/libc_pic.a(memcmp.os)
 .debug_line    0x0000000000016a71      0x167 /opt/cross/c4ev3/build-glibc/libc_pic.a(mempcpy.os)
 .debug_line    0x0000000000016bd8       0x6c /opt/cross/c4ev3/build-glibc/libc_pic.a(stpcpy.os)
 .debug_line    0x0000000000016c44      0x5c0 /opt/cross/c4ev3/build-glibc/libc_pic.a(wordcopy.os)
 .debug_line    0x0000000000017204      0x11e /opt/cross/c4ev3/build-glibc/libc_pic.a(rawmemchr.os)
 .debug_line    0x0000000000017322      0x233 /opt/cross/c4ev3/build-glibc/libc_pic.a(_exit.os)
 .debug_line    0x0000000000017555      0x34e /opt/cross/c4ev3/build-glibc/libc_pic.a(getpid.os)
 .debug_line    0x00000000000178a3       0x62 /opt/cross/c4ev3/build-glibc/libc_pic.a(environ.os)
 .debug_line    0x0000000000017905      0x1ed /opt/cross/c4ev3/build-glibc/libc_pic.a(xstat64.os)
 .debug_line    0x0000000000017af2      0x1ee /opt/cross/c4ev3/build-glibc/libc_pic.a(fxstat64.os)
 .debug_line    0x0000000000017ce0      0x419 /opt/cross/c4ev3/build-glibc/libc_pic.a(fcntl.os)
 .debug_line    0x00000000000180f9      0x2d7 /opt/cross/c4ev3/build-glibc/libc_pic.a(getcwd.os)
 .debug_line    0x00000000000183d0      0x3ef /opt/cross/c4ev3/build-glibc/libc_pic.a(getpagesize.os)
 .debug_line    0x00000000000187bf      0x460 /opt/cross/c4ev3/build-glibc/libc_pic.a(profil.os)
 .debug_line    0x0000000000018c1f      0x3bd /opt/cross/c4ev3/build-glibc/libc_pic.a(prof-freq.os)
 .debug_line    0x0000000000018fdc      0x501 /opt/cross/c4ev3/build-glibc/libc_pic.a(libc-cancellation.os)
 .debug_line    0x00000000000194dd      0x26b /opt/cross/c4ev3/build-glibc/libc_pic.a(libc_multiple_threads.os)
 .debug_line    0x0000000000019748      0x621 /opt/cross/c4ev3/build-glibc/libc_pic.a(sigaction.os)
 .debug_line    0x0000000000019d69      0x6d6 /opt/cross/c4ev3/build-glibc/libc_pic.a(forward.os)
 .debug_line    0x000000000001a43f      0x29c /opt/cross/c4ev3/build-glibc/libc_pic.a(exit.os)
 .debug_line    0x000000000001a6db      0x58b /opt/cross/c4ev3/build-glibc/libc_pic.a(cxa_atexit.os)
 .debug_line    0x000000000001ac66      0x34d /opt/cross/c4ev3/build-glibc/libc_pic.a(libc-lowlevellock.os)
 .debug_line    0x000000000001afb3       0x7e /opt/cross/lib/gcc/arm-linux-gnueabi/8.1.0/libgcc.a(_udivsi3.o)
 .debug_line    0x000000000001b031       0x8a /opt/cross/lib/gcc/arm-linux-gnueabi/8.1.0/libgcc.a(_divsi3.o)
 .debug_line    0x000000000001b0bb       0x61 /opt/cross/lib/gcc/arm-linux-gnueabi/8.1.0/libgcc.a(_aeabi_uldivmod.o)
 .debug_line    0x000000000001b11c       0x66 /opt/cross/lib/gcc/arm-linux-gnueabi/8.1.0/libgcc.a(_dvmd_lnx.o)
 .debug_line    0x000000000001b182      0x201 /opt/cross/lib/gcc/arm-linux-gnueabi/8.1.0/libgcc.a(_udivmoddi4.o)
 .debug_line    0x000000000001b383      0x3f9 /opt/cross/c4ev3/build-glibc/libc_pic.a(raise.os)

.debug_frame    0x0000000000000000     0x1e1c
 *(.debug_frame)
 .debug_frame   0x0000000000000000     0x1488 /opt/cross/c4ev3/build-glibc/elf/dl-allobjs.os
 .debug_frame   0x0000000000001488       0x58 /opt/cross/c4ev3/build-glibc/libc_pic.a(check_fds.os)
 .debug_frame   0x00000000000014e0       0xdc /opt/cross/c4ev3/build-glibc/libc_pic.a(divdi3.os)
 .debug_frame   0x00000000000015bc       0x48 /opt/cross/c4ev3/build-glibc/libc_pic.a(strchr.os)
 .debug_frame   0x0000000000001604       0x20 /opt/cross/c4ev3/build-glibc/libc_pic.a(strcmp.os)
 .debug_frame   0x0000000000001624       0x38 /opt/cross/c4ev3/build-glibc/libc_pic.a(strnlen.os)
 .debug_frame   0x000000000000165c       0x34 /opt/cross/c4ev3/build-glibc/libc_pic.a(memchr.os)
 .debug_frame   0x0000000000001690       0x48 /opt/cross/c4ev3/build-glibc/libc_pic.a(memcmp.os)
 .debug_frame   0x00000000000016d8       0x30 /opt/cross/c4ev3/build-glibc/libc_pic.a(mempcpy.os)
 .debug_frame   0x0000000000001708       0x20 /opt/cross/c4ev3/build-glibc/libc_pic.a(stpcpy.os)
 .debug_frame   0x0000000000001728       0x74 /opt/cross/c4ev3/build-glibc/libc_pic.a(wordcopy.os)
 .debug_frame   0x000000000000179c       0x28 /opt/cross/c4ev3/build-glibc/libc_pic.a(rawmemchr.os)
 .debug_frame   0x00000000000017c4       0x28 /opt/cross/c4ev3/build-glibc/libc_pic.a(_exit.os)
 .debug_frame   0x00000000000017ec       0x28 /opt/cross/c4ev3/build-glibc/libc_pic.a(getpid.os)
 .debug_frame   0x0000000000001814       0x28 /opt/cross/c4ev3/build-glibc/libc_pic.a(xstat64.os)
 .debug_frame   0x000000000000183c       0x28 /opt/cross/c4ev3/build-glibc/libc_pic.a(fxstat64.os)
 .debug_frame   0x0000000000001864       0x7c /opt/cross/c4ev3/build-glibc/libc_pic.a(fcntl.os)
 .debug_frame   0x00000000000018e0       0x44 /opt/cross/c4ev3/build-glibc/libc_pic.a(getcwd.os)
 .debug_frame   0x0000000000001924       0x20 /opt/cross/c4ev3/build-glibc/libc_pic.a(getpagesize.os)
 .debug_frame   0x0000000000001944       0x5c /opt/cross/c4ev3/build-glibc/libc_pic.a(profil.os)
 .debug_frame   0x00000000000019a0       0x20 /opt/cross/c4ev3/build-glibc/libc_pic.a(prof-freq.os)
 .debug_frame   0x00000000000019c0       0x58 /opt/cross/c4ev3/build-glibc/libc_pic.a(libc-cancellation.os)
 .debug_frame   0x0000000000001a18       0x50 /opt/cross/c4ev3/build-glibc/libc_pic.a(sigaction.os)
 .debug_frame   0x0000000000001a68      0x220 /opt/cross/c4ev3/build-glibc/libc_pic.a(forward.os)
 .debug_frame   0x0000000000001c88       0x28 /opt/cross/c4ev3/build-glibc/libc_pic.a(exit.os)
 .debug_frame   0x0000000000001cb0       0x48 /opt/cross/c4ev3/build-glibc/libc_pic.a(cxa_atexit.os)
 .debug_frame   0x0000000000001cf8       0x2c /opt/cross/c4ev3/build-glibc/libc_pic.a(libc-lowlevellock.os)
 .debug_frame   0x0000000000001d24       0x20 /opt/cross/lib/gcc/arm-linux-gnueabi/8.1.0/libgcc.a(_udivsi3.o)
 .debug_frame   0x0000000000001d44       0x20 /opt/cross/lib/gcc/arm-linux-gnueabi/8.1.0/libgcc.a(_divsi3.o)
 .debug_frame   0x0000000000001d64       0x2c /opt/cross/lib/gcc/arm-linux-gnueabi/8.1.0/libgcc.a(_aeabi_uldivmod.o)
 .debug_frame   0x0000000000001d90       0x28 /opt/cross/lib/gcc/arm-linux-gnueabi/8.1.0/libgcc.a(_dvmd_lnx.o)
 .debug_frame   0x0000000000001db8       0x38 /opt/cross/lib/gcc/arm-linux-gnueabi/8.1.0/libgcc.a(_udivmoddi4.o)
 .debug_frame   0x0000000000001df0       0x2c /opt/cross/c4ev3/build-glibc/libc_pic.a(raise.os)

.debug_str      0x0000000000000000    0x4eefb
 *(.debug_str)
 .debug_str     0x0000000000000000    0x3a414 /opt/cross/c4ev3/build-glibc/elf/dl-allobjs.os
 .debug_str     0x000000000003a414      0x66a /opt/cross/c4ev3/build-glibc/libc_pic.a(check_fds.os)
 .debug_str     0x000000000003aa7e      0x44e /opt/cross/c4ev3/build-glibc/libc_pic.a(errno.os)
 .debug_str     0x000000000003aecc      0x224 /opt/cross/c4ev3/build-glibc/libc_pic.a(divdi3.os)
 .debug_str     0x000000000003b0f0       0xd5 /opt/cross/c4ev3/build-glibc/libc_pic.a(mp_clz_tab.os)
 .debug_str     0x000000000003b1c5      0x1a4 /opt/cross/c4ev3/build-glibc/libc_pic.a(strchr.os)
 .debug_str     0x000000000003b369      0x13c /opt/cross/c4ev3/build-glibc/libc_pic.a(strcmp.os)
 .debug_str     0x000000000003b4a5      0x1c0 /opt/cross/c4ev3/build-glibc/libc_pic.a(strnlen.os)
 .debug_str     0x000000000003b665      0x1ad /opt/cross/c4ev3/build-glibc/libc_pic.a(memchr.os)
 .debug_str     0x000000000003b812      0x195 /opt/cross/c4ev3/build-glibc/libc_pic.a(memcmp.os)
 .debug_str     0x000000000003b9a7      0x19c /opt/cross/c4ev3/build-glibc/libc_pic.a(mempcpy.os)
 .debug_str     0x000000000003bb43      0x143 /opt/cross/c4ev3/build-glibc/libc_pic.a(stpcpy.os)
 .debug_str     0x000000000003bc86      0x161 /opt/cross/c4ev3/build-glibc/libc_pic.a(wordcopy.os)
 .debug_str     0x000000000003bde7      0x1ac /opt/cross/c4ev3/build-glibc/libc_pic.a(rawmemchr.os)
 .debug_str     0x000000000003bf93      0x4de /opt/cross/c4ev3/build-glibc/libc_pic.a(_exit.os)
 .debug_str     0x000000000003c471      0xc2d /opt/cross/c4ev3/build-glibc/libc_pic.a(getpid.os)
 .debug_str     0x000000000003d09e      0x19e /opt/cross/c4ev3/build-glibc/libc_pic.a(environ.os)
 .debug_str     0x000000000003d23c      0x5a9 /opt/cross/c4ev3/build-glibc/libc_pic.a(xstat64.os)
 .debug_str     0x000000000003d7e5      0x5a6 /opt/cross/c4ev3/build-glibc/libc_pic.a(fxstat64.os)
 .debug_str     0x000000000003dd8b     0x1016 /opt/cross/c4ev3/build-glibc/libc_pic.a(fcntl.os)
 .debug_str     0x000000000003eda1      0x53f /opt/cross/c4ev3/build-glibc/libc_pic.a(getcwd.os)
 .debug_str     0x000000000003f2e0     0x1ee1 /opt/cross/c4ev3/build-glibc/libc_pic.a(getpagesize.os)
 .debug_str     0x00000000000411c1      0x8eb /opt/cross/c4ev3/build-glibc/libc_pic.a(profil.os)
 .debug_str     0x0000000000041aac     0x1e85 /opt/cross/c4ev3/build-glibc/libc_pic.a(prof-freq.os)
 .debug_str     0x0000000000043931     0x16ab /opt/cross/c4ev3/build-glibc/libc_pic.a(libc-cancellation.os)
 .debug_str     0x0000000000044fdc      0xfdd /opt/cross/c4ev3/build-glibc/libc_pic.a(libc_multiple_threads.os)
 .debug_str     0x0000000000045fb9     0x22db /opt/cross/c4ev3/build-glibc/libc_pic.a(sigaction.os)
 .debug_str     0x0000000000048294     0x14ab /opt/cross/c4ev3/build-glibc/libc_pic.a(forward.os)
 .debug_str     0x000000000004973f      0xb8f /opt/cross/c4ev3/build-glibc/libc_pic.a(exit.os)
 .debug_str     0x000000000004a2ce     0x14c0 /opt/cross/c4ev3/build-glibc/libc_pic.a(cxa_atexit.os)
 .debug_str     0x000000000004b78e      0xc03 /opt/cross/c4ev3/build-glibc/libc_pic.a(libc-lowlevellock.os)
 .debug_str     0x000000000004c391       0x71 /opt/cross/lib/gcc/arm-linux-gnueabi/8.1.0/libgcc.a(_udivsi3.o)
 .debug_str     0x000000000004c402       0x71 /opt/cross/lib/gcc/arm-linux-gnueabi/8.1.0/libgcc.a(_divsi3.o)
 .debug_str     0x000000000004c473       0x6d /opt/cross/lib/gcc/arm-linux-gnueabi/8.1.0/libgcc.a(_aeabi_uldivmod.o)
 .debug_str     0x000000000004c4e0       0x71 /opt/cross/lib/gcc/arm-linux-gnueabi/8.1.0/libgcc.a(_dvmd_lnx.o)
 .debug_str     0x000000000004c551     0x13ce /opt/cross/lib/gcc/arm-linux-gnueabi/8.1.0/libgcc.a(_udivmoddi4.o)
 .debug_str     0x000000000004d91f     0x15dc /opt/cross/c4ev3/build-glibc/libc_pic.a(raise.os)

.debug_loc      0x0000000000000000    0x1ed30
 *(.debug_loc)
 .debug_loc     0x0000000000000000    0x189f8 /opt/cross/c4ev3/build-glibc/elf/dl-allobjs.os
 .debug_loc     0x00000000000189f8      0x11f /opt/cross/c4ev3/build-glibc/libc_pic.a(check_fds.os)
 .debug_loc     0x0000000000018b17     0x108a /opt/cross/c4ev3/build-glibc/libc_pic.a(divdi3.os)
 .debug_loc     0x0000000000019ba1      0x212 /opt/cross/c4ev3/build-glibc/libc_pic.a(strchr.os)
 .debug_loc     0x0000000000019db3       0x8a /opt/cross/c4ev3/build-glibc/libc_pic.a(strcmp.os)
 .debug_loc     0x0000000000019e3d      0x4ff /opt/cross/c4ev3/build-glibc/libc_pic.a(strnlen.os)
 .debug_loc     0x000000000001a33c      0x278 /opt/cross/c4ev3/build-glibc/libc_pic.a(memchr.os)
 .debug_loc     0x000000000001a5b4     0x1498 /opt/cross/c4ev3/build-glibc/libc_pic.a(memcmp.os)
 .debug_loc     0x000000000001ba4c      0x1a6 /opt/cross/c4ev3/build-glibc/libc_pic.a(mempcpy.os)
 .debug_loc     0x000000000001bbf2       0xcb /opt/cross/c4ev3/build-glibc/libc_pic.a(stpcpy.os)
 .debug_loc     0x000000000001bcbd      0xa17 /opt/cross/c4ev3/build-glibc/libc_pic.a(wordcopy.os)
 .debug_loc     0x000000000001c6d4      0x130 /opt/cross/c4ev3/build-glibc/libc_pic.a(rawmemchr.os)
 .debug_loc     0x000000000001c804       0xb1 /opt/cross/c4ev3/build-glibc/libc_pic.a(_exit.os)
 .debug_loc     0x000000000001c8b5       0xaa /opt/cross/c4ev3/build-glibc/libc_pic.a(getpid.os)
 .debug_loc     0x000000000001c95f       0xd8 /opt/cross/c4ev3/build-glibc/libc_pic.a(xstat64.os)
 .debug_loc     0x000000000001ca37       0xd8 /opt/cross/c4ev3/build-glibc/libc_pic.a(fxstat64.os)
 .debug_loc     0x000000000001cb0f      0x16f /opt/cross/c4ev3/build-glibc/libc_pic.a(fcntl.os)
 .debug_loc     0x000000000001cc7e      0x260 /opt/cross/c4ev3/build-glibc/libc_pic.a(getcwd.os)
 .debug_loc     0x000000000001cede      0x286 /opt/cross/c4ev3/build-glibc/libc_pic.a(profil.os)
 .debug_loc     0x000000000001d164      0x24c /opt/cross/c4ev3/build-glibc/libc_pic.a(libc-cancellation.os)
 .debug_loc     0x000000000001d3b0      0x286 /opt/cross/c4ev3/build-glibc/libc_pic.a(sigaction.os)
 .debug_loc     0x000000000001d636      0xf5a /opt/cross/c4ev3/build-glibc/libc_pic.a(forward.os)
 .debug_loc     0x000000000001e590      0x113 /opt/cross/c4ev3/build-glibc/libc_pic.a(exit.os)
 .debug_loc     0x000000000001e6a3      0x2b5 /opt/cross/c4ev3/build-glibc/libc_pic.a(cxa_atexit.os)
 .debug_loc     0x000000000001e958       0x6e /opt/cross/c4ev3/build-glibc/libc_pic.a(libc-lowlevellock.os)
 .debug_loc     0x000000000001e9c6      0x1d2 /opt/cross/lib/gcc/arm-linux-gnueabi/8.1.0/libgcc.a(_udivmoddi4.o)
 .debug_loc     0x000000000001eb98      0x198 /opt/cross/c4ev3/build-glibc/libc_pic.a(raise.os)

.debug_macinfo
 *(.debug_macinfo)

.debug_weaknames
 *(.debug_weaknames)

.debug_funcnames
 *(.debug_funcnames)

.debug_typenames
 *(.debug_typenames)

.debug_varnames
 *(.debug_varnames)

.debug_pubtypes
 *(.debug_pubtypes)

.debug_ranges   0x0000000000000000     0x4600
 *(.debug_ranges)
 .debug_ranges  0x0000000000000000     0x3f20 /opt/cross/c4ev3/build-glibc/elf/dl-allobjs.os
 .debug_ranges  0x0000000000003f20       0x30 /opt/cross/c4ev3/build-glibc/libc_pic.a(check_fds.os)
 .debug_ranges  0x0000000000003f50       0xd0 /opt/cross/c4ev3/build-glibc/libc_pic.a(divdi3.os)
 .debug_ranges  0x0000000000004020       0x28 /opt/cross/c4ev3/build-glibc/libc_pic.a(strchr.os)
 .debug_ranges  0x0000000000004048       0x20 /opt/cross/c4ev3/build-glibc/libc_pic.a(strnlen.os)
 .debug_ranges  0x0000000000004068       0x20 /opt/cross/c4ev3/build-glibc/libc_pic.a(memchr.os)
 .debug_ranges  0x0000000000004088       0x90 /opt/cross/c4ev3/build-glibc/libc_pic.a(memcmp.os)
 .debug_ranges  0x0000000000004118       0x40 /opt/cross/c4ev3/build-glibc/libc_pic.a(mempcpy.os)
 .debug_ranges  0x0000000000004158       0x20 /opt/cross/c4ev3/build-glibc/libc_pic.a(rawmemchr.os)
 .debug_ranges  0x0000000000004178       0x88 /opt/cross/c4ev3/build-glibc/libc_pic.a(_exit.os)
 .debug_ranges  0x0000000000004200       0x40 /opt/cross/c4ev3/build-glibc/libc_pic.a(xstat64.os)
 .debug_ranges  0x0000000000004240       0x40 /opt/cross/c4ev3/build-glibc/libc_pic.a(fxstat64.os)
 .debug_ranges  0x0000000000004280       0xa0 /opt/cross/c4ev3/build-glibc/libc_pic.a(fcntl.os)
 .debug_ranges  0x0000000000004320       0x50 /opt/cross/c4ev3/build-glibc/libc_pic.a(getcwd.os)
 .debug_ranges  0x0000000000004370       0x30 /opt/cross/c4ev3/build-glibc/libc_pic.a(profil.os)
 .debug_ranges  0x00000000000043a0       0x90 /opt/cross/c4ev3/build-glibc/libc_pic.a(libc-cancellation.os)
 .debug_ranges  0x0000000000004430       0x98 /opt/cross/c4ev3/build-glibc/libc_pic.a(sigaction.os)
 .debug_ranges  0x00000000000044c8       0x18 /opt/cross/c4ev3/build-glibc/libc_pic.a(forward.os)
 .debug_ranges  0x00000000000044e0       0x30 /opt/cross/c4ev3/build-glibc/libc_pic.a(exit.os)
 .debug_ranges  0x0000000000004510       0x50 /opt/cross/c4ev3/build-glibc/libc_pic.a(cxa_atexit.os)
 .debug_ranges  0x0000000000004560       0x30 /opt/cross/c4ev3/build-glibc/libc_pic.a(libc-lowlevellock.os)
 .debug_ranges  0x0000000000004590       0x70 /opt/cross/c4ev3/build-glibc/libc_pic.a(raise.os)

.debug_macro
 *(.debug_macro)

.debug_addr
 *(.debug_addr)

.gnu.attributes
 *(.gnu.attributes)

.note.gnu.arm.ident
 *(.note.gnu.arm.ident)
OUTPUT(/opt/cross/c4ev3/build-glibc/elf/librtld.map.o elf32-littlearm)
