GLIBC_2.0 {
  global:
	__udivdi3;
	__divdi3;
	__umoddi3;
	__moddi3;

  local:
	*;
};
GCC_3.0 {
  global:
	__mulvsi3;
	__fixdfdi;
	__umodsi3;
	__eqdf2;
	__gtsf2;
	__addvdi3;
	__fixsfdi;
	__lesf2;
	__negsf2;
	__negdi2;
	__subdf3;
	__floatdisf;
	__ltsf2;
	__divsf3;
	__gedf2;
	_Unwind_Resume;
	__mulvdi3;
	__nesf2;
	__modsi3;
	__gtdf2;
	__floatsisf;
	__extendsfdf2;
	__mulsf3;
	__muldi3;
	__ledf2;
	__negdf2;
	__floatdidf;
	_Unwind_GetLanguageSpecificData;
	__truncdfsf2;
	__udivmoddi4;
	_Unwind_GetDataRelBase;
	__ltdf2;
	__divdf3;
	_Unwind_RaiseException;
	__lshrdi3;
	__fixunsdfsi;
	_Unwind_GetRegionStart;
	__nedf2;
	__subvsi3;
	__fixunssfsi;
	__floatsidf;
	__absvsi2;
	_Unwind_DeleteException;
	__muldf3;
	__clear_cache;
	__negvsi2;
	__ashldi3;
	__addsf3;
	__ucmpdi2;
	__ashrdi3;
	__fixunsdfdi;
	__subsf3;
	__udivsi3;
	__eqsf2;
	__fixdfsi;
	__addvsi3;
	__fixunssfdi;
	__fixsfsi;
	__subvdi3;
	__absvdi2;
	__cmpdi2;
	__ffsdi2;
	_Unwind_ForcedUnwind;
	_Unwind_GetTextRelBase;
	__divsi3;
	__negvdi2;
	__gesf2;
	__adddf3;
} GLIBC_2.0;
GCC_3.3 {
  global:
	_Unwind_GetCFA;
	_Unwind_Resume_or_Rethrow;
} GCC_3.0;
GCC_3.3.1 {
  global:
	__gcc_personality_v0;
} GCC_3.3;
GCC_3.3.4 {
  global:
	__unordsf2;
	__unorddf2;
} GCC_3.3.1;
GCC_3.4 {
  global:
	__popcountsi2;
	__ctzsi2;
	__clzsi2;
	__popcountdi2;
	__ctzdi2;
	__clzdi2;
	__paritysi2;
	__paritydi2;
} GCC_3.3.4;
GCC_3.4.2 {
  global:
	__enable_execute_stack;
} GCC_3.4;
GCC_4.0.0 {
  global:
	__powidf2;
	__divsc3;
	__mulsc3;
	__divdc3;
	__powisf2;
	__muldc3;
} GCC_3.4.2;
GCC_4.2.0 {
  global:
	__floatundisf;
	__floatunsisf;
	__floatundidf;
	__floatunsidf;
} GCC_4.0.0;
GCC_4.3.0 {
  global:
	__gnu_muludq3;
	__gnu_ashlqq3;
	__gnu_adduhq3;
	__gnu_fractunshahi;
	__gnu_fractsfusq;
	__gnu_fractdiuhq;
	__gnu_fractusqsq;
	__gnu_fractdquhq;
	__gnu_fractsqqi;
	__gnu_subdq3;
	__gnu_fractunshadi;
	__gnu_fractdiudq;
	__gnu_fractdqudq;
	__gnu_satfractunsqiuha;
	__gnu_satfractudaha;
	__gnu_satfractuhaha;
	__gnu_muluda3;
	__gnu_satfractunsqiuda;
	__gnu_satfractudada;
	__gnu_satfractuhada;
	__gnu_satfractdahq;
	__gnu_fractudqusq2;
	__gnu_adduha3;
	__gnu_satfractdadq;
	__gnu_subda3;
	__gnu_neguhq2;
	__gnu_satfractsaha2;
	__gnu_usnegudq2;
	__gnu_neguha2;
	__gnu_usneguda2;
	__gnu_satfracthiqq;
	__gnu_fractdiha;
	__gnu_fracthiha;
	__gnu_satfractdqqq2;
	__gnu_fractdida;
	__gnu_fracthida;
	__gnu_fractdfsa;
	__gnu_fractusauhq;
	__gnu_fractusaudq;
	__gnu_fractuhqusa;
	__gnu_fractqiuha;
	__gnu_fractqiuda;
	__gnu_satfractunsqiuhq;
	__gnu_satfractudahq;
	__gnu_satfractuhahq;
	__gnu_satfractusqudq2;
	__gnu_satfractunsqiudq;
	__gnu_satfractudadq;
	__gnu_satfractuhadq;
	__gnu_fractunsudaqi;
	__gnu_fractunsuhaqi;
	__gnu_satfractqqusa;
	__gnu_fractdqsq2;
	__gnu_fractudausa2;
	__gnu_fractdihq;
	__gnu_fracthihq;
	__gnu_fractdidq;
	__gnu_fracthidq;
	__gnu_fractdfsq;
	__gnu_fractusquqq2;
	__gnu_fractunssqsi;
	__gnu_subuqq3;
	__gnu_satfractdauha;
	__gnu_fractqiuhq;
	__gnu_satfractdauda;
	__gnu_fractqiudq;
	__gnu_satfractqiqq;
	__gnu_satfractqqusq;
	__gnu_fractqiha;
	__gnu_fractuqqsa;
	__gnu_fractunshiusa;
	__gnu_fractqida;
	__gnu_satfractusauda2;
	__gnu_lshruhq3;
	__gnu_sssubqq3;
	__gnu_fractuqqsf;
	__gnu_satfractdqsa;
	__gnu_lshruha3;
	__gnu_fractuqqsi;
	__gnu_satfractdauhq;
	__gnu_satfractdaudq;
	__gnu_satfractunssiusa;
	__gnu_satfractudquhq2;
	__gnu_ashrqq3;
	__gnu_fractqihq;
	__gnu_fractuqqsq;
	__gnu_usmulusq3;
	__gnu_fractunshiusq;
	__gnu_fractqidq;
	__gnu_usmulusa3;
	__gnu_satfractdfuha;
	__gnu_satfractudqsa;
	__gnu_satfractuhqsa;
	__gnu_fractunsdiuqq;
	__gnu_satfractdfuda;
	__gnu_fractsiusa;
	__gnu_fractsqusa;
	__gnu_satfractunssiusq;
	__gnu_satfractudauha2;
	__gnu_satfractdfuhq;
	__gnu_satfractusauqq;
	__gnu_satfractudqsq;
	__gnu_satfractuhqsq;
	__gnu_satfractdasa2;
	__gnu_satfractdfudq;
	__gnu_ssmuldq3;
	__gnu_negsq2;
	__gnu_ssmulda3;
	__gnu_fractunssahi;
	__gnu_satfractuhquha;
	__gnu_fractsiusq;
	__gnu_fractsqusq;
	__gnu_negsa2;
	__gnu_fractunssadi;
	__gnu_satfractuhquda;
	__gnu_satfractsfha;
	__gnu_satfractusaha;
	__gnu_fractunsudqhi;
	__gnu_fractunsuhqhi;
	__gnu_fractunsqqsi;
	__gnu_satfractsfda;
	__gnu_satfractusada;
	__gnu_fractunsudqdi;
	__gnu_fractunsuhqdi;
	__gnu_satfractsiqq;
	__gnu_fractsiha;
	__gnu_fractsida;
	__gnu_fractsfsa;
	__gnu_satfractunsdiha;
	__gnu_satfractunshiha;
	__gnu_satfractunsdida;
	__gnu_satfractunshida;
	__gnu_satfractsfhq;
	__gnu_satfractusahq;
	__gnu_satfractsfdq;
	__gnu_satfractusadq;
	__gnu_ashlusq3;
	__gnu_fractunsusaqi;
	__gnu_ssashlhq3;
	__gnu_ashlusa3;
	__gnu_fractusquha;
	__gnu_fractusquda;
	__gnu_fractudaqi;
	__gnu_fractuhaqi;
	__gnu_ssashlha3;
	__gnu_fractsihq;
	__gnu_usaddudq3;
	__gnu_fractsidq;
	__gnu_satfractsqhq2;
	__gnu_fractsfsq;
	__gnu_usashluqq3;
	__gnu_satfractunsdihq;
	__gnu_satfractunshihq;
	__gnu_fractunsuqqhi;
	__gnu_satfracthahq;
	__gnu_fractdasf;
	__gnu_fracthasf;
	__gnu_satfractunsdidq;
	__gnu_satfractunshidq;
	__gnu_fractunsuqqdi;
	__gnu_satfracthadq;
	__gnu_usadduda3;
	__gnu_satfractsausa;
	__gnu_fractdasi;
	__gnu_fracthasi;
	__gnu_cmpdq2;
	__gnu_fractudaqq;
	__gnu_fractuhaqq;
	__gnu_cmpuqq2;
	__gnu_cmpda2;
	__gnu_satfractunsqiha;
	__gnu_fractdasq;
	__gnu_fracthasq;
	__gnu_satfractunsqida;
	__gnu_fracthausa;
	__gnu_fractqquha;
	__gnu_fractqquda;
	__gnu_satfractsausq;
	__gnu_fractunssiuha;
	__gnu_fractunssiuda;
	__gnu_satfractuhauqq;
	__gnu_satfractunsqihq;
	__gnu_satfractunsqidq;
	__gnu_satfractsfusa;
	__gnu_satfractdiuha;
	__gnu_satfractusqsa;
	__gnu_satfractdquha;
	__gnu_fracthausq;
	__gnu_fractqquhq;
	__gnu_usdivusq3;
	__gnu_satfractdiuda;
	__gnu_satfractdquda;
	__gnu_fractqqudq;
	__gnu_usdivusa3;
	__gnu_fractunsdaqi;
	__gnu_fractdauqq;
	__gnu_fractunssiuhq;
	__gnu_fractunssiudq;
	__gnu_satfracthqsa;
	__gnu_ssneghq2;
	__gnu_satfractsfusq;
	__gnu_satfractdiuhq;
	__gnu_satfractusqsq;
	__gnu_satfractdquhq;
	__gnu_satfractdiudq;
	__gnu_satfractdqudq;
	__gnu_ssaddsq3;
	__gnu_ssnegha2;
	__gnu_divsq3;
	__gnu_fractudqha;
	__gnu_fractuhqha;
	__gnu_ssaddsa3;
	__gnu_fractudqda;
	__gnu_fractuhqda;
	__gnu_udivudq3;
	__gnu_satfractdfqq;
	__gnu_fractqqsq2;
	__gnu_divsa3;
	__gnu_fractunsusqhi;
	__gnu_mulqq3;
	__gnu_fractunsusqdi;
	__gnu_ashlsq3;
	__gnu_udivuda3;
	__gnu_fractudqdf;
	__gnu_fractuhqdf;
	__gnu_fractudqhi;
	__gnu_fractuhqhi;
	__gnu_fractudqdi;
	__gnu_fractuhqdi;
	__gnu_ashlsa3;
	__gnu_satfractqiuha;
	__gnu_fractdfuqq;
	__gnu_satfractqiuda;
	__gnu_satfractunssiha;
	__gnu_satfractunssida;
	__gnu_fractudqhq;
	__gnu_fractuhqhq;
	__gnu_fractudqdq;
	__gnu_fractuhqdq;
	__gnu_satfractdqsq2;
	__gnu_satfractqqsa;
	__gnu_fractuhauhq;
	__gnu_fractuhaudq;
	__gnu_satfractqiuhq;
	__gnu_fractusaqi;
	__gnu_satfractqiudq;
	__gnu_satfractunssihq;
	__gnu_satfractsahq;
	__gnu_fractsasf;
	__gnu_satfractunssidq;
	__gnu_satfractsadq;
	__gnu_satfractuqqsa;
	__gnu_fractsasi;
	__gnu_fractsqqq2;
	__gnu_fractusaqq;
	__gnu_subusq3;
	__gnu_fractunsqiuqq;
	__gnu_subusa3;
	__gnu_fractsasq;
	__gnu_fractunsdqhi;
	__gnu_fractunshqhi;
	__gnu_sssubsq3;
	__gnu_fractunsdqdi;
	__gnu_fractunshqdi;
	__gnu_satfractuqqsq;
	__gnu_sssubsa3;
	__gnu_fractuhqudq2;
	__gnu_fractsauha;
	__gnu_fractsauda;
	__gnu_satfractunshiusa;
	__gnu_ashrsq3;
	__gnu_satfractsiusa;
	__gnu_satfractsqusa;
	__gnu_ashrsa3;
	__gnu_satfractuqqusq2;
	__gnu_fractsauhq;
	__gnu_fracthiusa;
	__gnu_fractsaudq;
	__gnu_fracthqusa;
	__gnu_ussubuhq3;
	__gnu_satfractsqsa;
	__gnu_satfractunshiusq;
	__gnu_ussubuha3;
	__gnu_satfractsiusq;
	__gnu_satfractsqusq;
	__gnu_fractuhauda2;
	__gnu_ssdivhq3;
	__gnu_satfractunsdiuqq;
	__gnu_adduqq3;
	__gnu_fractsfuha;
	__gnu_fractusqha;
	__gnu_ssdivha3;
	__gnu_fractsfuda;
	__gnu_fractusqda;
	__gnu_satfractudausq;
	__gnu_neguqq2;
	__gnu_fracthiusq;
	__gnu_fractusqdf;
	__gnu_fracthqusq;
	__gnu_fractusqhi;
	__gnu_fractusqdi;
	__gnu_fractunshaqi;
	__gnu_fractdiuqq;
	__gnu_fractdquqq;
	__gnu_satfractdaqq;
	__gnu_fractsfuhq;
	__gnu_fractusqhq;
	__gnu_fractsfudq;
	__gnu_fractusqdq;
	__gnu_fractusauqq;
	__gnu_satfractunsqiuqq;
	__gnu_satfractudaqq;
	__gnu_satfractuhaqq;
	__gnu_fractdfha;
	__gnu_fractdfda;
	__gnu_fractuhquha;
	__gnu_fractuhquda;
	__gnu_usashlusq3;
	__gnu_fractuqquhq2;
	__gnu_satfracthausa;
	__gnu_satfractqquha;
	__gnu_fractdiqq;
	__gnu_fracthiqq;
	__gnu_satfractqquda;
	__gnu_usashlusa3;
	__gnu_lshruqq3;
	__gnu_cmpusq2;
	__gnu_addhq3;
	__gnu_fractqiuqq;
	__gnu_cmpusa2;
	__gnu_fractdfhq;
	__gnu_fractunssqhi;
	__gnu_fractdfdq;
	__gnu_addha3;
	__gnu_fractunssqdi;
	__gnu_satfractudquqq2;
	__gnu_fractunsdisa;
	__gnu_fractunshisa;
	__bswapsi2;
	__gnu_satfracthausq;
	__gnu_satfractqquhq;
	__gnu_fractuqqha;
	__gnu_fractunshiuha;
	__gnu_satfractqqudq;
	__gnu_fractuqqda;
	__gnu_fractunshiuda;
	__gnu_satfractdauqq;
	__gnu_satfractdqha;
	__gnu_fractuqqdf;
	__gnu_satfractdqda;
	__gnu_fractuqqhi;
	__gnu_fractuqqdi;
	__gnu_fractqiqq;
	__gnu_satfractunssiuha;
	__gnu_satfractunssiuda;
	__gnu_fractunsdisq;
	__gnu_fractunshisq;
	__gnu_fractuqqhq;
	__gnu_fractunshiuhq;
	__gnu_fractuqqdq;
	__gnu_fractunshiudq;
	__gnu_satfractudqha;
	__gnu_satfractuhqha;
	__gnu_satfractudqda;
	__gnu_satfractuhqda;
	__gnu_satfractqqsq2;
	__gnu_fractsiuha;
	__gnu_fractsquha;
	__gnu_fractsiuda;
	__gnu_fractsquda;
	__gnu_satfractunssiuhq;
	__gnu_satfractunssiudq;
	__gnu_satfractdfuqq;
	__gnu_mulsq3;
	__gnu_muluhq3;
	__gnu_satfractudqhq;
	__gnu_satfractuhquqq2;
	__gnu_satfractuhqhq;
	__gnu_usmuludq3;
	__gnu_fractunssaqi;
	__gnu_satfractudqdq;
	__gnu_satfractuhqdq;
	__gnu_subhq3;
	__gnu_muluha3;
	__gnu_mulsa3;
	__gnu_fractunsudqqi;
	__gnu_fractunsuhqqi;
	__gnu_usmuluda3;
	__gnu_satfractudqusa;
	__gnu_subha3;
	__gnu_fractsiuhq;
	__gnu_fractsquhq;
	__gnu_fractsiudq;
	__gnu_fractsqudq;
	__gnu_usneguhq2;
	__gnu_fractunsqqhi;
	__gnu_fractunsqqdi;
	__gnu_ssashlqq3;
	__gnu_usneguha2;
	__gnu_satfractsqqq2;
	__gnu_satfractsfqq;
	__gnu_satfractusaqq;
	__gnu_satfractusquhq2;
	__gnu_fractsfha;
	__gnu_fractsfda;
	__gnu_negdq2;
	__gnu_negda2;
	__gnu_fractsiqq;
	__gnu_fracthqqq2;
	__gnu_satfractunsdiqq;
	__gnu_satfractunshiqq;
	__gnu_fractunsuqqqi;
	__gnu_satfracthaqq;
	__gnu_fractsfhq;
	__gnu_fractsfdq;
	__gnu_satfractuqqusa;
	__gnu_fractdadf;
	__gnu_fracthadf;
	__gnu_satfractsauha;
	__gnu_satfractsauda;
	__gnu_fractdahi;
	__gnu_fracthahi;
	__gnu_fractdadi;
	__gnu_fracthadi;
	__emutls_register_common;
	__gnu_satfractusauha2;
	__gnu_fractunssisa;
	__gnu_ashludq3;
	__gnu_fractdahq;
	__gnu_fracthahq;
	__gnu_fractdadq;
	__gnu_fracthadq;
	__gnu_fracthauha;
	__gnu_fracthauda;
	__gnu_ashluda3;
	__gnu_satfractsauhq;
	__gnu_satfracthiusa;
	__gnu_satfractsaudq;
	__gnu_satfracthqusa;
	__gnu_satfractunsqiqq;
	__gnu_fractunssisq;
	__gnu_fractqquqq;
	__gnu_ssnegqq2;
	__gnu_satfractdisa;
	__gnu_satfractsfuha;
	__gnu_satfractusqha;
	__gnu_fracthauhq;
	__gnu_fractunssiuqq;
	__gnu_satfractsfuda;
	__gnu_satfractusqda;
	__gnu_fracthaudq;
	__gnu_satfracthiusq;
	__gnu_satfracthqusq;
	__gnu_addusq3;
	__gnu_satfractdiuqq;
	__gnu_satfractdquqq;
	__gnu_satfracthqha;
	__gnu_ssmulhq3;
	__gnu_satfracthqda;
	__gnu_addusa3;
	__gnu_satfractdisq;
	__gnu_negusq2;
	__gnu_satfractsfuhq;
	__gnu_satfractusqhq;
	__gnu_ssmulha3;
	__gnu_satfractsfudq;
	__gnu_satfractusqdq;
	__gnu_negusa2;
	__gnu_fractunsusqqi;
	__gnu_usdivudq3;
	__gnu_fractdqsa;
	__gnu_fracthqsa;
	__gnu_fractudqqi;
	__gnu_fractuhqqi;
	__gnu_usdivuda3;
	__gnu_fracthasa2;
	__gnu_fractdqsf;
	__gnu_fracthqsf;
	__gnu_fractunsqisa;
	__gnu_fractdqsi;
	__gnu_fracthqsi;
	__gnu_fractudqqq;
	__gnu_fractuhqqq;
	__gnu_fractuhauqq;
	__gnu_ssadddq3;
	__gnu_satfractqqha;
	__gnu_fractudausq;
	__gnu_satfractqqda;
	__gnu_divdq3;
	__gnu_ssaddda3;
	__gnu_satfractqiuqq;
	__gnu_fractqqdq2;
	__gnu_usadduhq3;
	__gnu_divda3;
	__gnu_satfractunssiqq;
	__gnu_fractunsqisq;
	__gnu_satfractsaqq;
	__gnu_ashldq3;
	__gnu_usadduha3;
	__gnu_fractqqsa;
	__gnu_cmphq2;
	__gnu_lshrusq3;
	__gnu_ashlda3;
	__gnu_fractsadf;
	__gnu_satfractuqqha;
	__gnu_cmpha2;
	__gnu_lshrusa3;
	__gnu_satfractuqqda;
	__gnu_fractsahi;
	__gnu_fractqqsf;
	__gnu_fractsadi;
	__gnu_fractqqsi;
	__gnu_satfractudqusq2;
	__gnu_fractunsdqqi;
	__gnu_fractunshqqi;
	__gnu_fractsahq;
	__gnu_fractsadq;
	__gnu_satfractuqqhq;
	__gnu_satfractuqqdq;
	__gnu_ussubuqq3;
	__gnu_fractusqudq2;
	__gnu_satfractunshiuha;
	__gnu_subudq3;
	__gnu_satfractunshiuda;
	__gnu_satfractsiuha;
	__gnu_satfractsquha;
	__gnu_ssdivqq3;
	__gnu_satfractsiuda;
	__gnu_satfractsquda;
	__gnu_subuda3;
	__gnu_satfractudausa2;
	__gnu_fractsauqq;
	__gnu_sssubdq3;
	__gnu_fracthiuha;
	__gnu_fracthquha;
	__gnu_sssubda3;
	__gnu_satfractsqha;
	__gnu_fracthiuda;
	__gnu_fracthquda;
	__gnu_satfractunshiuhq;
	__gnu_satfractsqda;
	__gnu_satfractunshiudq;
	__gnu_satfractsiuhq;
	__gnu_satfractsquhq;
	__gnu_satfractsiudq;
	__gnu_satfractsqudq;
	__gnu_udivuhq3;
	__gnu_fractusauda2;
	__gnu_ashrdq3;
	__gnu_satfractuhqusq2;
	__gnu_udivuha3;
	__gnu_fractsqsa;
	__gnu_fractusqqi;
	__gnu_ashrda3;
	__gnu_satfractudauhq;
	__gnu_satfracthisa;
	__gnu_satfractudaudq;
	__gnu_fracthiuhq;
	__gnu_fracthquhq;
	__gnu_fracthiudq;
	__gnu_fractsqsf;
	__gnu_fracthqudq;
	__gnu_satfractuqqudq2;
	__gnu_fractsqsi;
	__gnu_fractsfuqq;
	__gnu_fractusqqq;
	__gnu_ssashlsq3;
	__gnu_ssashlsa3;
	__gnu_satfracthqqq2;
	__gnu_satfracthisq;
	__gnu_satfractuhausa2;
	__gnu_addqq3;
	__gnu_fractudqusa;
	__gnu_fracthqsq2;
	__gnu_fractunsudasi;
	__gnu_fractunsuhasi;
	__gnu_satfractqisa;
	__gnu_fractdaha2;
	__gnu_fractsada2;
	__gnu_satfracthauha;
	__gnu_satfracthauda;
	__ffssi2;
	__gnu_fractdfqq;
	__gnu_fractunssqqi;
	__gnu_satfractqisq;
	__gnu_satfractqquqq;
	__gnu_fractunsdiha;
	__gnu_fractunshiha;
	__gnu_fractunsdida;
	__gnu_fractunshida;
	__gnu_fractunsdiusa;
	__gnu_satfracthauhq;
	__gnu_satfracthaudq;
	__gnu_usashludq3;
	__gnu_fractuqqqi;
	__gnu_usashluda3;
	__gnu_cmpudq2;
	__gnu_ssnegsq2;
	__gnu_fractuqqqq;
	__gnu_cmpuda2;
	__gnu_fractunshiuqq;
	__gnu_ssnegsa2;
	__gnu_fractunsdihq;
	__gnu_fractunshihq;
	__gnu_fractunsdidq;
	__gnu_fractunshidq;
	__gnu_fractunsdiusq;
	__bswapdi2;
	__gnu_muluqq3;
	__gnu_subqq3;
	__gnu_satfractunssiuqq;
	__gnu_satfracthasa2;
	__gnu_usneguqq2;
	__gnu_satfractusausq;
	__gnu_satfractsisa;
	__gnu_satfractudqqq;
	__gnu_satfractuhqqq;
	__gnu_fractsiuqq;
	__gnu_fractsquqq;
	__gnu_satfractusquqq2;
	__gnu_fractunsqqqi;
	__gnu_satfractudquha;
	__gnu_satfractudquda;
	__gnu_satfractqqdq2;
	__gnu_satfractsisq;
	__gnu_fractudasa;
	__gnu_fractuhasa;
	__gnu_muldq3;
	__gnu_fractunsusasi;
	__gnu_fractudasf;
	__gnu_fractuhasf;
	__gnu_mulda3;
	__gnu_fractudquhq2;
	__gnu_fractudasi;
	__gnu_fractuhasi;
	__gnu_fractsfqq;
	__emutls_get_address;
	__gnu_fractudasq;
	__gnu_fractuhasq;
	__gnu_fractdaqi;
	__gnu_fracthaqi;
	__gnu_satfractuqquha;
	__gnu_satfractuqquda;
	__gnu_fractunssiha;
	__gnu_fractdaqq;
	__gnu_fracthaqq;
	__gnu_fractunssida;
	__gnu_fractdqhq2;
	__gnu_fractudauha2;
	__gnu_fractdausa;
	__gnu_satfractsauqq;
	__gnu_ussubusq3;
	__gnu_fractsqdq2;
	__gnu_satfractuhausq;
	__gnu_ussubusa3;
	__gnu_satfracthiuha;
	__gnu_satfracthquha;
	__gnu_ssdivsq3;
	__gnu_satfracthiuda;
	__gnu_satfracthquda;
	__gnu_fractunssihq;
	__gnu_fractunssidq;
	__gnu_ssdivsa3;
	__gnu_fracthauqq;
	__gnu_ssmulqq3;
	__gnu_fractunsdasi;
	__gnu_satfractdiha;
	__gnu_fractdausq;
	__gnu_satfractdida;
	__gnu_satfractdfsa;
	__gnu_satfracthiuhq;
	__gnu_satfracthquhq;
	__gnu_satfracthiudq;
	__gnu_satfracthqudq;
	__gnu_fractdfusa;
	__gnu_satfractsfuqq;
	__gnu_satfractusqqq;
	__gnu_usmuluhq3;
	__gnu_fractuqqusa;
	__gnu_satfractdihq;
	__gnu_usmuluha3;
	__gnu_satfractdidq;
	__gnu_satfractdfsq;
	__gnu_satfractusqusa;
	__gnu_fractdqha;
	__gnu_fracthqha;
	__gnu_fractdqda;
	__gnu_fracthqda;
	__gnu_fractdfusq;
	__gnu_usadduqq3;
	__gnu_satfracthqsq2;
	__gnu_fractdqdf;
	__gnu_fracthqdf;
	__gnu_fractuqqusq2;
	__gnu_addudq3;
	__gnu_fractunsqiha;
	__gnu_fractdqhi;
	__gnu_fracthqhi;
	__gnu_fractunsqida;
	__gnu_satfractdaha2;
	__gnu_fractdqdi;
	__gnu_fracthqdi;
	__gnu_cmpqq2;
	__gnu_fractusasa;
	__gnu_adduda3;
	__gnu_neghq2;
	__gnu_negudq2;
	__gnu_addsq3;
	__gnu_satfractsada2;
	__gnu_fractunsqiusa;
	__gnu_negha2;
	__gnu_fractudauhq;
	__gnu_fractusasf;
	__gnu_fractudaudq;
	__gnu_neguda2;
	__gnu_addsa3;
	__gnu_fractusasi;
	__gnu_fractunsqihq;
	__gnu_fractunsqidq;
	__gnu_fracthada2;
	__gnu_fractusasq;
	__gnu_fractsaqi;
	__gnu_fractqqha;
	__gnu_fractqqda;
	__gnu_fractunsqiusq;
	__gnu_fractqqdf;
	__gnu_ashluhq3;
	__gnu_fractsaqq;
	__gnu_fractqqhi;
	__gnu_fractqqdi;
	__gnu_ashluha3;
	__gnu_satfractuqqqq;
	__gnu_lshrudq3;
	__gnu_lshruda3;
	__gnu_satfractunsdiusa;
	__gnu_udivuqq3;
	__gnu_mulusq3;
	__gnu_subsq3;
	__gnu_mulusa3;
	__gnu_satfractunshiuqq;
	__gnu_subsa3;
	__gnu_fractdiusa;
	__gnu_fractdqusa;
	__gnu_satfractsiuqq;
	__gnu_satfractsquqq;
	__gnu_usnegusq2;
	__gnu_satfractunsdiusq;
	__gnu_usnegusa2;
	__gnu_usdivuhq3;
	_Unwind_Backtrace;
	__gnu_satfractudauqq;
	__gnu_usdivuha3;
	__gnu_fracthiuqq;
	__gnu_fracthquqq;
	__gnu_fractsqha;
	__gnu_fractsqda;
	__gnu_fractunshasi;
	__gnu_satfracthiha;
	__gnu_fractdiusq;
	__gnu_fractdqusq;
	__gnu_satfracthida;
	__gnu_satfractunsqiusa;
	__gnu_satfractudasa;
	__gnu_satfractuhasa;
	__gnu_satfractdasq;
	__gnu_fractsqdf;
	__gnu_fractsqhi;
	__gnu_fractsqdi;
	__gnu_ssaddhq3;
	__gnu_divhq3;
	__gnu_fractdisa;
	__gnu_fracthisa;
	__gnu_ssaddha3;
	__gnu_fractusausq;
	__gnu_fractqqhq2;
	__gnu_divha3;
	__gnu_satfracthihq;
	__gnu_satfractuhqudq2;
	__gnu_fractqiusa;
	__gnu_ashlhq3;
	__gnu_satfracthidq;
	__gnu_satfractunsqiusq;
	__gnu_satfractudasq;
	__gnu_satfractuhasq;
	__gnu_ashlha3;
	__gnu_fractudquha;
	__gnu_fractudquda;
	__gnu_fractunsudahi;
	__gnu_fractunsuhahi;
	__gnu_satfractqiha;
	__gnu_fractdisq;
	__gnu_fracthisq;
	__gnu_fractuhquqq2;
	__gnu_ssashldq3;
	__gnu_fractunsudadi;
	__gnu_fractunsuhadi;
	__gnu_satfractqida;
	__gnu_satfractdqhq2;
	__gnu_ssashlda3;
	__gnu_satfractdausa;
	__gnu_fractqiusq;
	__gnu_satfractsqdq2;
	__gnu_satfractuhauda2;
	__gnu_fractqisa;
	__gnu_satfractqihq;
	__gnu_satfractqidq;
	__gnu_satfracthauqq;
	__gnu_fracthqdq2;
	__gnu_fractusquhq2;
	__gnu_subuhq3;
	__gnu_satfractdausq;
	__gnu_fractunsdiuha;
	__gnu_fractunsdiuda;
	__gnu_subuha3;
	__gnu_fractqisq;
	__gnu_ssmulsq3;
	__gnu_sssubhq3;
	__gnu_fractunsdiqq;
	__gnu_fractunshiqq;
	__gnu_satfractdfusa;
	__gnu_ssmulsa3;
	__gnu_sssubha3;
	__gnu_fractunsdiuhq;
	__gnu_fractunsdiudq;
	__gnu_fractusauha2;
	__gnu_ashrhq3;
	__gnu_ashrha3;
	__gnu_satfractdfusq;
	__gnu_satfractuqquhq2;
	__gnu_ssnegdq2;
	__gnu_satfractusauhq;
	__gnu_fractunssasi;
	__gnu_satfractsiha;
	__gnu_satfractusaudq;
	__gnu_satfractuhqusa;
	__gnu_satfractsida;
	__gnu_satfractsfsa;
	__gnu_satfractusasa;
	__gnu_ssnegda2;
	__gnu_fractunsudqsi;
	__gnu_fractunsuhqsi;
	__gnu_usaddusq3;
	__gnu_usaddusa3;
	__gnu_fractsisa;
	__gnu_cmpsq2;
	__gnu_fractudquqq2;
	__gnu_satfractunsdisa;
	__gnu_satfractunshisa;
	__gnu_satfractsihq;
	__gnu_satfracthada2;
	__gnu_cmpsa2;
	__gnu_satfractsidq;
	__gnu_satfractsfsq;
	__gnu_satfractusasq;
	__gnu_fractudaha;
	__gnu_fractuhaha;
	__gnu_fractudada;
	__gnu_fractuhada;
	__gnu_fractusqusa;
	__gnu_fractunsusahi;
	__gnu_fractsisq;
	__gnu_fractsaha2;
	__gnu_fractunsusadi;
	__gnu_fractudadf;
	__gnu_fractuhadf;
	__gnu_satfractunsdisq;
	__gnu_satfractunshisq;
	__gnu_fractunsuqqsi;
	__gnu_satfracthasq;
	__gnu_fractudahi;
	__gnu_fractuhahi;
	__gnu_fractudadi;
	__gnu_fractuhadi;
	__gnu_fractdqqq2;
	__gnu_fractudahq;
	__gnu_fractuhahq;
	__gnu_fractudadq;
	__gnu_fractuhadq;
	__gnu_satfractunsqisa;
	__gnu_fractqqusa;
	__gnu_usashluhq3;
	__gnu_fractunssiusa;
	__gnu_usashluha3;
	__gnu_cmpuhq2;
	__gnu_fractdauha;
	__gnu_fractdauda;
	__gnu_cmpuha2;
	__gnu_satfractunsqisq;
	__gnu_fractunssiqq;
	__gnu_satfractuhauhq;
	__gnu_satfractdiusa;
	__gnu_satfractuhaudq;
	__gnu_satfractdqusa;
	__gnu_fractqqusq;
	__gnu_udivusq3;
	__gnu_udivusa3;
	__gnu_usmuluqq3;
	__gnu_fractunssiusq;
	__gnu_fractunsdahi;
	__gnu_fractdauhq;
	__gnu_fractunsdadi;
	__gnu_fractdaudq;
	__gnu_satfractdfha;
	__gnu_satfracthiuqq;
	__gnu_satfracthquqq;
	__gnu_satfractdfda;
	__gnu_satfractdiusq;
	__gnu_satfractdqusq;
	__gnu_ussubudq3;
	__gnu_ussubuda3;
	__gnu_satfractdiqq;
	__gnu_fractdfuha;
	__gnu_fractudqsa;
	__gnu_fractuhqsa;
	__gnu_fractdfuda;
	__gnu_ssdivdq3;
	__gnu_fractuqquha;
	__gnu_fractunsusqsi;
	__gnu_fractuqquda;
	__gnu_fractudqsf;
	__gnu_fractuhqsf;
	__gnu_ssdivda3;
	__gnu_satfractdfhq;
	__gnu_negqq2;
	__gnu_satfractdfdq;
	__gnu_satfractqqhq2;
	__gnu_fractudqsi;
	__gnu_fractuhqsi;
	__gnu_satfractqiusa;
	__gnu_satfractusquha;
	__gnu_satfractusquda;
	__gnu_satfractunssisa;
	__gnu_fractdfuhq;
	__gnu_fractudqsq;
	__gnu_fractuhqsq;
	__gnu_fractdasa2;
	__gnu_fractdqqi;
	__gnu_fracthqqi;
	__gnu_fractdfudq;
	__gnu_fractuhausq;
	__gnu_mulhq3;
	__gnu_fractudauqq;
	__gnu_fractusaha;
	__gnu_fractusada;
	__gnu_mulha3;
	__gnu_satfractqiusq;
	__gnu_fractunsqiuha;
	__gnu_fractunsqiuda;
	__gnu_fractusadf;
	__gnu_ashluqq3;
	__gnu_satfractunssisq;
	__gnu_satfractsasq;
	__gnu_fractunsqiqq;
	__gnu_fractusahi;
	__gnu_fractusadi;
	__gnu_fractuhqusq2;
	__gnu_satfracthqdq2;
	__gnu_fractusahq;
	__gnu_fractusadq;
	__gnu_fractuqqudq2;
	__gnu_fractqqqi;
	__gnu_fractunsqiuhq;
	__gnu_fractunsqiudq;
	__gnu_fractunsdqsi;
	__gnu_fractunshqsi;
	__gnu_adddq3;
	__gnu_fractsqhq2;
	__gnu_addda3;
	__gnu_fractsausa;
	__gnu_fractuhausa2;
	__gnu_satfractunsdiuha;
	__gnu_satfractunsdiuda;
	__gnu_fractsausq;
	__gnu_usdivuqq3;
	__gnu_fractsfusa;
	__gnu_fractdiuha;
	__gnu_fractusqsa;
	__gnu_fractdquha;
	__gnu_fractdiuda;
	__gnu_fractdquda;
	__gnu_satfractunsdiuhq;
	__gnu_satfractunsdiudq;
	__gnu_fractusqsf;
	__gnu_ssaddqq3;
	__gnu_fractusqsi;
	__gnu_divqq3;
} GCC_4.2.0;
GCC_4.7.0 {
  global:
	__clrsbdi2;
	__clrsbsi2;
} GCC_4.3.0;
GCC_7.0.0 {
  global:
	__divmoddi4;
} GCC_4.7.0;
GCC_3.5 {
  global:
	__aeabi_uwrite4;
	__aeabi_uwrite8;
	__aeabi_uidiv;
	__aeabi_fcmple;
	__aeabi_llsl;
	__aeabi_fcmplt;
	__aeabi_llsr;
	__aeabi_f2d;
	_Unwind_VRS_Set;
	__aeabi_fmul;
	_Unwind_VRS_Get;
	__aeabi_idivmod;
	__aeabi_uldivmod;
	__aeabi_cdrcmple;
	__aeabi_lmul;
	__aeabi_dmul;
	__aeabi_cfcmple;
	__aeabi_f2uiz;
	__aeabi_ui2d;
	__aeabi_ui2f;
	__aeabi_drsub;
	__aeabi_dcmpge;
	__aeabi_dcmpgt;
	__aeabi_fcmpun;
	__aeabi_fcmpeq;
	__aeabi_lcmp;
	__aeabi_unwind_cpp_pr0;
	__aeabi_unwind_cpp_pr1;
	__aeabi_unwind_cpp_pr2;
	__aeabi_frsub;
	__aeabi_cfcmpeq;
	__aeabi_ldiv0;
	__aeabi_ulcmp;
	__aeabi_dcmple;
	__aeabi_f2lz;
	__aeabi_dcmplt;
	__aeabi_l2d;
	__aeabi_ldivmod;
	__aeabi_l2f;
	__aeabi_fsub;
	_Unwind_Complete;
	__aeabi_d2lz;
	__aeabi_idiv0;
	__aeabi_dsub;
	__aeabi_cdcmple;
	__aeabi_lasr;
	__aeabi_fneg;
	__aeabi_cfrcmple;
	__aeabi_uidivmod;
	__aeabi_dneg;
	__aeabi_d2ulz;
	__aeabi_f2iz;
	__aeabi_dcmpun;
	__aeabi_dcmpeq;
	__aeabi_uread4;
	__aeabi_fcmpge;
	__aeabi_uread8;
	__aeabi_fcmpgt;
	__aeabi_i2d;
	__aeabi_i2f;
	_Unwind_VRS_Pop;
	__aeabi_d2iz;
	__aeabi_fadd;
	__aeabi_fdiv;
	__aeabi_d2f;
	__aeabi_dadd;
	__aeabi_cdcmpeq;
	__aeabi_ddiv;
	__aeabi_f2ulz;
	__aeabi_idiv;
	__gnu_unwind_frame;
	__aeabi_ul2d;
	__aeabi_ul2f;
	__aeabi_d2uiz;

  local:
	*;
};
